[2026-09-27T10:09:31.031+0000] {manager.py:470} INFO - Processing files using up to 2 processes at a time 
[2026-09-27T10:09:31.033+0000] {manager.py:471} INFO - Process each file at most once every 30 seconds
[2026-09-27T10:09:31.033+0000] {manager.py:472} INFO - Checking for new files in /opt/airflow/dags every 300 seconds
[2026-09-27T10:09:31.033+0000] {manager.py:737} INFO - Searching for files in /opt/airflow/dags
[2026-09-27T10:09:31.036+0000] {manager.py:740} INFO - There are 0 files in /opt/airflow/dags
[2026-09-27T10:14:31.830+0000] {manager.py:737} INFO - Searching for files in /opt/airflow/dags
[2026-09-27T10:14:31.850+0000] {manager.py:740} INFO - There are 1 files in /opt/airflow/dags
[2026-09-27T10:14:33.987+0000] {manager.py:878} INFO - 
================================================================================
DAG File Processing Stats

File Path                                    PID    Runtime      # DAGs    # Errors  Last Runtime    Last Run
-------------------------------------------  -----  ---------  --------  ----------  --------------  -------------------
/opt/airflow/dags/ecommerce_pipeline_dag.py                           1           0  0.49s           2026-09-27T10:14:32
================================================================================
[2026-09-27T10:15:04.716+0000] {manager.py:878} INFO - 
================================================================================
DAG File Processing Stats

File Path                                    PID    Runtime      # DAGs    # Errors  Last Runtime    Last Run
-------------------------------------------  -----  ---------  --------  ----------  --------------  -------------------
/opt/airflow/dags/ecommerce_pipeline_dag.py                           1           0  0.17s           2026-09-27T10:15:02
================================================================================
[2026-09-27T10:15:35.027+0000] {manager.py:878} INFO - 
================================================================================
DAG File Processing Stats

File Path                                    PID    Runtime      # DAGs    # Errors  Last Runtime    Last Run
-------------------------------------------  -----  ---------  --------  ----------  --------------  -------------------
/opt/airflow/dags/ecommerce_pipeline_dag.py                           1           0  0.13s           2026-09-27T10:15:33
================================================================================
[2026-09-27T10:16:05.312+0000] {manager.py:878} INFO - 
================================================================================
DAG File Processing Stats

File Path                                    PID    Runtime      # DAGs    # Errors  Last Runtime    Last Run
-------------------------------------------  -----  ---------  --------  ----------  --------------  -------------------
/opt/airflow/dags/ecommerce_pipeline_dag.py                           1           0  0.14s           2026-09-27T10:16:03
================================================================================
[2026-09-27T10:16:35.610+0000] {manager.py:878} INFO - 
================================================================================
DAG File Processing Stats

File Path                                    PID    Runtime      # DAGs    # Errors  Last Runtime    Last Run
-------------------------------------------  -----  ---------  --------  ----------  --------------  -------------------
/opt/airflow/dags/ecommerce_pipeline_dag.py                           1           0  0.17s           2026-09-27T10:16:33
================================================================================
[2026-09-27T10:17:05.920+0000] {manager.py:878} INFO - 
================================================================================
DAG File Processing Stats

File Path                                    PID    Runtime      # DAGs    # Errors  Last Runtime    Last Run
-------------------------------------------  -----  ---------  --------  ----------  --------------  -------------------
/opt/airflow/dags/ecommerce_pipeline_dag.py                           1           0  0.13s           2026-09-27T10:17:04
================================================================================
[2026-09-27T10:17:36.208+0000] {manager.py:878} INFO - 
================================================================================
DAG File Processing Stats

File Path                                    PID    Runtime      # DAGs    # Errors  Last Runtime    Last Run
-------------------------------------------  -----  ---------  --------  ----------  --------------  -------------------
/opt/airflow/dags/ecommerce_pipeline_dag.py                           1           0  0.14s           2026-09-27T10:17:34
================================================================================
[2026-09-27T10:18:06.506+0000] {manager.py:878} INFO - 
================================================================================
DAG File Processing Stats

File Path                                    PID    Runtime      # DAGs    # Errors  Last Runtime    Last Run
-------------------------------------------  -----  ---------  --------  ----------  --------------  -------------------
/opt/airflow/dags/ecommerce_pipeline_dag.py                           1           0  0.15s           2026-09-27T10:18:04
================================================================================
[2026-09-27T10:18:36.796+0000] {manager.py:878} INFO - 
================================================================================
DAG File Processing Stats

File Path                                    PID    Runtime      # DAGs    # Errors  Last Runtime    Last Run
-------------------------------------------  -----  ---------  --------  ----------  --------------  -------------------
/opt/airflow/dags/ecommerce_pipeline_dag.py                           1           0  0.10s           2026-09-27T10:18:34
================================================================================
[2026-09-27T10:19:07.056+0000] {manager.py:878} INFO - 
================================================================================
DAG File Processing Stats

File Path                                    PID    Runtime      # DAGs    # Errors  Last Runtime    Last Run
-------------------------------------------  -----  ---------  --------  ----------  --------------  -------------------
/opt/airflow/dags/ecommerce_pipeline_dag.py                           1           0  0.12s           2026-09-27T10:19:05
================================================================================
[2026-09-27T10:19:32.264+0000] {manager.py:737} INFO - Searching for files in /opt/airflow/dags
[2026-09-27T10:19:32.273+0000] {manager.py:740} INFO - There are 1 files in /opt/airflow/dags
[2026-09-27T10:19:37.381+0000] {manager.py:878} INFO - 
================================================================================
DAG File Processing Stats

File Path                                    PID    Runtime      # DAGs    # Errors  Last Runtime    Last Run
-------------------------------------------  -----  ---------  --------  ----------  --------------  -------------------
/opt/airflow/dags/ecommerce_pipeline_dag.py                           1           0  0.13s           2026-09-27T10:19:35
================================================================================
[2026-09-27T10:20:07.823+0000] {manager.py:878} INFO - 
================================================================================
DAG File Processing Stats

File Path                                    PID    Runtime      # DAGs    # Errors  Last Runtime    Last Run
-------------------------------------------  -----  ---------  --------  ----------  --------------  -------------------
/opt/airflow/dags/ecommerce_pipeline_dag.py                           1           0  0.15s           2026-09-27T10:20:05
================================================================================
[2026-09-27T10:20:38.116+0000] {manager.py:878} INFO - 
================================================================================
DAG File Processing Stats

File Path                                    PID    Runtime      # DAGs    # Errors  Last Runtime    Last Run
-------------------------------------------  -----  ---------  --------  ----------  --------------  -------------------
/opt/airflow/dags/ecommerce_pipeline_dag.py                           1           0  0.11s           2026-09-27T10:20:36
================================================================================
[2026-09-27T10:21:08.386+0000] {manager.py:878} INFO - 
================================================================================
DAG File Processing Stats

File Path                                    PID    Runtime      # DAGs    # Errors  Last Runtime    Last Run
-------------------------------------------  -----  ---------  --------  ----------  --------------  -------------------
/opt/airflow/dags/ecommerce_pipeline_dag.py                           1           0  0.12s           2026-09-27T10:21:06
================================================================================
[2026-09-27T10:21:38.694+0000] {manager.py:878} INFO - 
================================================================================
DAG File Processing Stats

File Path                                    PID    Runtime      # DAGs    # Errors  Last Runtime    Last Run
-------------------------------------------  -----  ---------  --------  ----------  --------------  -------------------
/opt/airflow/dags/ecommerce_pipeline_dag.py                           1           0  0.14s           2026-09-27T10:21:36
================================================================================
[2026-09-27T10:22:08.971+0000] {manager.py:878} INFO - 
================================================================================
DAG File Processing Stats

File Path                                    PID    Runtime      # DAGs    # Errors  Last Runtime    Last Run
-------------------------------------------  -----  ---------  --------  ----------  --------------  -------------------
/opt/airflow/dags/ecommerce_pipeline_dag.py                           1           0  0.15s           2026-09-27T10:22:07
================================================================================
[2026-09-27T10:22:39.332+0000] {manager.py:878} INFO - 
================================================================================
DAG File Processing Stats

File Path                                    PID    Runtime      # DAGs    # Errors  Last Runtime    Last Run
-------------------------------------------  -----  ---------  --------  ----------  --------------  -------------------
/opt/airflow/dags/ecommerce_pipeline_dag.py                           1           0  0.13s           2026-09-27T10:22:37
================================================================================
[2026-09-27T10:23:09.687+0000] {manager.py:878} INFO - 
================================================================================
DAG File Processing Stats

File Path                                    PID    Runtime      # DAGs    # Errors  Last Runtime    Last Run
-------------------------------------------  -----  ---------  --------  ----------  --------------  -------------------
/opt/airflow/dags/ecommerce_pipeline_dag.py                           1           0  0.30s           2026-09-27T10:23:07
================================================================================
[2026-09-27T10:23:40.113+0000] {manager.py:878} INFO - 
================================================================================
DAG File Processing Stats

File Path                                    PID    Runtime      # DAGs    # Errors  Last Runtime    Last Run
-------------------------------------------  -----  ---------  --------  ----------  --------------  -------------------
/opt/airflow/dags/ecommerce_pipeline_dag.py                           1           0  0.14s           2026-09-27T10:23:38
================================================================================
[2026-09-27T10:24:10.388+0000] {manager.py:878} INFO - 
================================================================================
DAG File Processing Stats

File Path                                    PID    Runtime      # DAGs    # Errors  Last Runtime    Last Run
-------------------------------------------  -----  ---------  --------  ----------  --------------  -------------------
/opt/airflow/dags/ecommerce_pipeline_dag.py                           1           0  0.09s           2026-09-27T10:24:08
================================================================================
[2026-09-27T10:24:32.636+0000] {manager.py:737} INFO - Searching for files in /opt/airflow/dags
[2026-09-27T10:24:32.648+0000] {manager.py:740} INFO - There are 1 files in /opt/airflow/dags
[2026-09-27T10:24:40.784+0000] {manager.py:878} INFO - 
================================================================================
DAG File Processing Stats

File Path                                    PID    Runtime      # DAGs    # Errors  Last Runtime    Last Run
-------------------------------------------  -----  ---------  --------  ----------  --------------  -------------------
/opt/airflow/dags/ecommerce_pipeline_dag.py                           1           0  0.15s           2026-09-27T10:24:38
================================================================================
[2026-09-27T10:25:11.048+0000] {manager.py:878} INFO - 
================================================================================
DAG File Processing Stats

File Path                                    PID    Runtime      # DAGs    # Errors  Last Runtime    Last Run
-------------------------------------------  -----  ---------  --------  ----------  --------------  -------------------
/opt/airflow/dags/ecommerce_pipeline_dag.py                           1           0  0.21s           2026-09-27T10:25:09
================================================================================
[2026-09-27T10:25:41.412+0000] {manager.py:878} INFO - 
================================================================================
DAG File Processing Stats

File Path                                    PID    Runtime      # DAGs    # Errors  Last Runtime    Last Run
-------------------------------------------  -----  ---------  --------  ----------  --------------  -------------------
/opt/airflow/dags/ecommerce_pipeline_dag.py                           1           0  0.16s           2026-09-27T10:25:39
================================================================================
[2026-09-27T10:26:11.749+0000] {manager.py:878} INFO - 
================================================================================
DAG File Processing Stats

File Path                                    PID    Runtime      # DAGs    # Errors  Last Runtime    Last Run
-------------------------------------------  -----  ---------  --------  ----------  --------------  -------------------
/opt/airflow/dags/ecommerce_pipeline_dag.py                           1           0  0.15s           2026-09-27T10:26:09
================================================================================
[2026-09-27T10:26:42.037+0000] {manager.py:878} INFO - 
================================================================================
DAG File Processing Stats

File Path                                    PID    Runtime      # DAGs    # Errors  Last Runtime    Last Run
-------------------------------------------  -----  ---------  --------  ----------  --------------  -------------------
/opt/airflow/dags/ecommerce_pipeline_dag.py                           1           0  0.14s           2026-09-27T10:26:40
================================================================================
[2026-09-27T10:27:12.334+0000] {manager.py:878} INFO - 
================================================================================
DAG File Processing Stats

File Path                                    PID    Runtime      # DAGs    # Errors  Last Runtime    Last Run
-------------------------------------------  -----  ---------  --------  ----------  --------------  -------------------
/opt/airflow/dags/ecommerce_pipeline_dag.py                           1           0  0.12s           2026-09-27T10:27:10
================================================================================
[2026-09-27T10:27:42.709+0000] {manager.py:878} INFO - 
================================================================================
DAG File Processing Stats

File Path                                    PID    Runtime      # DAGs    # Errors  Last Runtime    Last Run
-------------------------------------------  -----  ---------  --------  ----------  --------------  -------------------
/opt/airflow/dags/ecommerce_pipeline_dag.py                           1           0  0.20s           2026-09-27T10:27:40
================================================================================
[2026-09-27T10:28:13.030+0000] {manager.py:878} INFO - 
================================================================================
DAG File Processing Stats

File Path                                    PID    Runtime      # DAGs    # Errors  Last Runtime    Last Run
-------------------------------------------  -----  ---------  --------  ----------  --------------  -------------------
/opt/airflow/dags/ecommerce_pipeline_dag.py                           1           0  0.20s           2026-09-27T10:28:11
================================================================================
[2026-09-27T10:28:43.409+0000] {manager.py:878} INFO - 
================================================================================
DAG File Processing Stats

File Path                                    PID    Runtime      # DAGs    # Errors  Last Runtime    Last Run
-------------------------------------------  -----  ---------  --------  ----------  --------------  -------------------
/opt/airflow/dags/ecommerce_pipeline_dag.py                           1           0  0.13s           2026-09-27T10:28:41
================================================================================
[2026-09-27T10:29:13.756+0000] {manager.py:878} INFO - 
================================================================================
DAG File Processing Stats

File Path                                    PID    Runtime      # DAGs    # Errors  Last Runtime    Last Run
-------------------------------------------  -----  ---------  --------  ----------  --------------  -------------------
/opt/airflow/dags/ecommerce_pipeline_dag.py                           1           0  0.13s           2026-09-27T10:29:11
================================================================================
[2026-09-27T10:29:32.955+0000] {manager.py:737} INFO - Searching for files in /opt/airflow/dags
[2026-09-27T10:29:32.967+0000] {manager.py:740} INFO - There are 1 files in /opt/airflow/dags
[2026-09-27T10:29:44.211+0000] {manager.py:878} INFO - 
================================================================================
DAG File Processing Stats

File Path                                    PID    Runtime      # DAGs    # Errors  Last Runtime    Last Run
-------------------------------------------  -----  ---------  --------  ----------  --------------  -------------------
/opt/airflow/dags/ecommerce_pipeline_dag.py                           1           0  0.18s           2026-09-27T10:29:42
================================================================================
[2026-09-27T10:30:14.598+0000] {manager.py:878} INFO - 
================================================================================
DAG File Processing Stats

File Path                                    PID    Runtime      # DAGs    # Errors  Last Runtime    Last Run
-------------------------------------------  -----  ---------  --------  ----------  --------------  -------------------
/opt/airflow/dags/ecommerce_pipeline_dag.py                           1           0  0.17s           2026-09-27T10:30:12
================================================================================
[2026-09-27T10:30:44.881+0000] {manager.py:878} INFO - 
================================================================================
DAG File Processing Stats

File Path                                    PID    Runtime      # DAGs    # Errors  Last Runtime    Last Run
-------------------------------------------  -----  ---------  --------  ----------  --------------  -------------------
/opt/airflow/dags/ecommerce_pipeline_dag.py                           1           0  0.15s           2026-09-27T10:30:42
================================================================================
[2026-09-27T10:31:15.171+0000] {manager.py:878} INFO - 
================================================================================
DAG File Processing Stats

File Path                                    PID    Runtime      # DAGs    # Errors  Last Runtime    Last Run
-------------------------------------------  -----  ---------  --------  ----------  --------------  -------------------
/opt/airflow/dags/ecommerce_pipeline_dag.py                           1           0  0.15s           2026-09-27T10:31:13
================================================================================
[2026-09-27T10:31:45.480+0000] {manager.py:878} INFO - 
================================================================================
DAG File Processing Stats

File Path                                    PID    Runtime      # DAGs    # Errors  Last Runtime    Last Run
-------------------------------------------  -----  ---------  --------  ----------  --------------  -------------------
/opt/airflow/dags/ecommerce_pipeline_dag.py                           1           0  0.15s           2026-09-27T10:31:43
================================================================================
[2026-09-27T10:32:15.741+0000] {manager.py:878} INFO - 
================================================================================
DAG File Processing Stats

File Path                                    PID    Runtime      # DAGs    # Errors  Last Runtime    Last Run
-------------------------------------------  -----  ---------  --------  ----------  --------------  -------------------
/opt/airflow/dags/ecommerce_pipeline_dag.py                           1           0  0.17s           2026-09-27T10:32:13
================================================================================
[2026-09-27T10:32:46.058+0000] {manager.py:878} INFO - 
================================================================================
DAG File Processing Stats

File Path                                    PID    Runtime      # DAGs    # Errors  Last Runtime    Last Run
-------------------------------------------  -----  ---------  --------  ----------  --------------  -------------------
/opt/airflow/dags/ecommerce_pipeline_dag.py                           1           0  0.15s           2026-09-27T10:32:44
================================================================================
[2026-09-27T10:33:16.387+0000] {manager.py:878} INFO - 
================================================================================
DAG File Processing Stats

File Path                                    PID    Runtime      # DAGs    # Errors  Last Runtime    Last Run
-------------------------------------------  -----  ---------  --------  ----------  --------------  -------------------
/opt/airflow/dags/ecommerce_pipeline_dag.py                           1           0  0.18s           2026-09-27T10:33:14
================================================================================
[2026-09-27T10:33:46.733+0000] {manager.py:878} INFO - 
================================================================================
DAG File Processing Stats

File Path                                    PID    Runtime      # DAGs    # Errors  Last Runtime    Last Run
-------------------------------------------  -----  ---------  --------  ----------  --------------  -------------------
/opt/airflow/dags/ecommerce_pipeline_dag.py                           1           0  0.15s           2026-09-27T10:33:44
================================================================================
[2026-09-27T10:34:17.001+0000] {manager.py:878} INFO - 
================================================================================
DAG File Processing Stats

File Path                                    PID    Runtime      # DAGs    # Errors  Last Runtime    Last Run
-------------------------------------------  -----  ---------  --------  ----------  --------------  -------------------
/opt/airflow/dags/ecommerce_pipeline_dag.py                           1           0  0.14s           2026-09-27T10:34:15
================================================================================
[2026-09-27T10:34:33.131+0000] {manager.py:737} INFO - Searching for files in /opt/airflow/dags
[2026-09-27T10:34:33.141+0000] {manager.py:740} INFO - There are 1 files in /opt/airflow/dags
[2026-09-27T10:34:47.321+0000] {manager.py:878} INFO - 
================================================================================
DAG File Processing Stats

File Path                                    PID    Runtime      # DAGs    # Errors  Last Runtime    Last Run
-------------------------------------------  -----  ---------  --------  ----------  --------------  -------------------
/opt/airflow/dags/ecommerce_pipeline_dag.py                           1           0  0.15s           2026-09-27T10:34:45
================================================================================
[2026-09-27T10:35:17.634+0000] {manager.py:878} INFO - 
================================================================================
DAG File Processing Stats

File Path                                    PID    Runtime      # DAGs    # Errors  Last Runtime    Last Run
-------------------------------------------  -----  ---------  --------  ----------  --------------  -------------------
/opt/airflow/dags/ecommerce_pipeline_dag.py                           1           0  0.16s           2026-09-27T10:35:15
================================================================================
[2026-09-27T10:35:47.926+0000] {manager.py:878} INFO - 
================================================================================
DAG File Processing Stats

File Path                                    PID    Runtime      # DAGs    # Errors  Last Runtime    Last Run
-------------------------------------------  -----  ---------  --------  ----------  --------------  -------------------
/opt/airflow/dags/ecommerce_pipeline_dag.py                           1           0  0.15s           2026-09-27T10:35:46
================================================================================
[2026-09-27T10:44:13.830+0000] {manager.py:737} INFO - Searching for files in /opt/airflow/dags
[2026-09-27T10:44:13.835+0000] {manager.py:740} INFO - There are 1 files in /opt/airflow/dags
[2026-09-27T10:44:14.857+0000] {manager.py:878} INFO - 
================================================================================
DAG File Processing Stats

File Path                                    PID    Runtime      # DAGs    # Errors  Last Runtime    Last Run
-------------------------------------------  -----  ---------  --------  ----------  --------------  -------------------
/opt/airflow/dags/ecommerce_pipeline_dag.py                           1           0  0.08s           2026-09-27T10:44:13
================================================================================
[2026-09-27T10:44:45.261+0000] {manager.py:878} INFO - 
================================================================================
DAG File Processing Stats

File Path                                    PID    Runtime      # DAGs    # Errors  Last Runtime    Last Run
-------------------------------------------  -----  ---------  --------  ----------  --------------  -------------------
/opt/airflow/dags/ecommerce_pipeline_dag.py                           1           0  0.19s           2026-09-27T10:44:44
================================================================================
[2026-09-27T10:45:15.578+0000] {manager.py:878} INFO - 
================================================================================
DAG File Processing Stats

File Path                                    PID    Runtime      # DAGs    # Errors  Last Runtime    Last Run
-------------------------------------------  -----  ---------  --------  ----------  --------------  -------------------
/opt/airflow/dags/ecommerce_pipeline_dag.py                           1           0  0.13s           2026-09-27T10:45:14
================================================================================
[2026-09-27T10:45:45.865+0000] {manager.py:878} INFO - 
================================================================================
DAG File Processing Stats

File Path                                    PID    Runtime      # DAGs    # Errors  Last Runtime    Last Run
-------------------------------------------  -----  ---------  --------  ----------  --------------  -------------------
/opt/airflow/dags/ecommerce_pipeline_dag.py                           1           0  0.13s           2026-09-27T10:45:44
================================================================================
[2026-09-27T10:45:51.349+0000] {manager.py:452} INFO - Exiting gracefully upon receiving signal 15
[2026-09-27T10:46:08.988+0000] {manager.py:470} INFO - Processing files using up to 2 processes at a time 
[2026-09-27T10:46:08.988+0000] {manager.py:471} INFO - Process each file at most once every 30 seconds
[2026-09-27T10:46:08.989+0000] {manager.py:472} INFO - Checking for new files in /opt/airflow/dags every 300 seconds
[2026-09-27T10:46:08.989+0000] {manager.py:737} INFO - Searching for files in /opt/airflow/dags
[2026-09-27T10:46:08.991+0000] {manager.py:740} INFO - There are 1 files in /opt/airflow/dags
[2026-09-27T10:46:09.075+0000] {manager.py:878} INFO - 
================================================================================
DAG File Processing Stats

File Path                                      PID  Runtime      # DAGs    # Errors  Last Runtime    Last Run
-------------------------------------------  -----  ---------  --------  ----------  --------------  ----------
/opt/airflow/dags/ecommerce_pipeline_dag.py    164  0.04s             0           0
================================================================================
[2026-09-27T10:46:39.333+0000] {manager.py:878} INFO - 
================================================================================
DAG File Processing Stats

File Path                                      PID  Runtime      # DAGs    # Errors  Last Runtime    Last Run
-------------------------------------------  -----  ---------  --------  ----------  --------------  -------------------
/opt/airflow/dags/ecommerce_pipeline_dag.py    187  0.02s             1           0  0.20s           2026-09-27T10:46:09
================================================================================
[2026-09-27T10:47:09.598+0000] {manager.py:878} INFO - 
================================================================================
DAG File Processing Stats

File Path                                    PID    Runtime      # DAGs    # Errors  Last Runtime    Last Run
-------------------------------------------  -----  ---------  --------  ----------  --------------  -------------------
/opt/airflow/dags/ecommerce_pipeline_dag.py                           1           0  0.37s           2026-09-27T10:46:39
================================================================================
[2026-09-27T10:47:40.168+0000] {manager.py:878} INFO - 
================================================================================
DAG File Processing Stats

File Path                                    PID    Runtime      # DAGs    # Errors  Last Runtime    Last Run
-------------------------------------------  -----  ---------  --------  ----------  --------------  -------------------
/opt/airflow/dags/ecommerce_pipeline_dag.py                           1           0  0.44s           2026-09-27T10:47:10
================================================================================
[2026-09-27T10:48:10.873+0000] {manager.py:878} INFO - 
================================================================================
DAG File Processing Stats

File Path                                      PID  Runtime      # DAGs    # Errors  Last Runtime    Last Run
-------------------------------------------  -----  ---------  --------  ----------  --------------  -------------------
/opt/airflow/dags/ecommerce_pipeline_dag.py    242  0.01s             1           0  0.08s           2026-09-27T10:47:40
================================================================================
[2026-09-27T10:48:41.142+0000] {manager.py:878} INFO - 
================================================================================
DAG File Processing Stats

File Path                                      PID  Runtime      # DAGs    # Errors  Last Runtime    Last Run
-------------------------------------------  -----  ---------  --------  ----------  --------------  -------------------
/opt/airflow/dags/ecommerce_pipeline_dag.py    253  0.02s             1           0  0.16s           2026-09-27T10:48:11
================================================================================
[2026-09-27T10:49:11.544+0000] {manager.py:878} INFO - 
================================================================================
DAG File Processing Stats

File Path                                      PID  Runtime      # DAGs    # Errors  Last Runtime    Last Run
-------------------------------------------  -----  ---------  --------  ----------  --------------  -------------------
/opt/airflow/dags/ecommerce_pipeline_dag.py    264  0.01s             1           0  0.15s           2026-09-27T10:48:41
================================================================================
[2026-09-27T10:49:41.838+0000] {manager.py:878} INFO - 
================================================================================
DAG File Processing Stats

File Path                                      PID  Runtime      # DAGs    # Errors  Last Runtime    Last Run
-------------------------------------------  -----  ---------  --------  ----------  --------------  -------------------
/opt/airflow/dags/ecommerce_pipeline_dag.py    308  0.02s             1           0  0.14s           2026-09-27T10:49:11
================================================================================
[2026-09-27T10:50:12.293+0000] {manager.py:878} INFO - 
================================================================================
DAG File Processing Stats

File Path                                      PID  Runtime      # DAGs    # Errors  Last Runtime    Last Run
-------------------------------------------  -----  ---------  --------  ----------  --------------  -------------------
/opt/airflow/dags/ecommerce_pipeline_dag.py    341  0.01s             1           0  0.14s           2026-09-27T10:49:41
================================================================================
[2026-09-27T10:50:42.661+0000] {manager.py:878} INFO - 
================================================================================
DAG File Processing Stats

File Path                                      PID  Runtime      # DAGs    # Errors  Last Runtime    Last Run
-------------------------------------------  -----  ---------  --------  ----------  --------------  -------------------
/opt/airflow/dags/ecommerce_pipeline_dag.py    352  0.01s             1           0  0.16s           2026-09-27T10:50:12
================================================================================
[2026-09-27T10:51:09.874+0000] {manager.py:737} INFO - Searching for files in /opt/airflow/dags
[2026-09-27T10:51:09.888+0000] {manager.py:740} INFO - There are 1 files in /opt/airflow/dags
[2026-09-27T10:51:12.954+0000] {manager.py:878} INFO - 
================================================================================
DAG File Processing Stats

File Path                                      PID  Runtime      # DAGs    # Errors  Last Runtime    Last Run
-------------------------------------------  -----  ---------  --------  ----------  --------------  -------------------
/opt/airflow/dags/ecommerce_pipeline_dag.py    363  0.01s             1           0  0.14s           2026-09-27T10:50:42
================================================================================
[2026-09-27T10:51:43.253+0000] {manager.py:878} INFO - 
================================================================================
DAG File Processing Stats

File Path                                      PID  Runtime      # DAGs    # Errors  Last Runtime    Last Run
-------------------------------------------  -----  ---------  --------  ----------  --------------  -------------------
/opt/airflow/dags/ecommerce_pipeline_dag.py    396  0.01s             1           0  0.13s           2026-09-27T10:51:13
================================================================================
[2026-09-27T10:52:13.609+0000] {manager.py:878} INFO - 
================================================================================
DAG File Processing Stats

File Path                                      PID  Runtime      # DAGs    # Errors  Last Runtime    Last Run
-------------------------------------------  -----  ---------  --------  ----------  --------------  -------------------
/opt/airflow/dags/ecommerce_pipeline_dag.py    426  0.00s             1           0  0.26s           2026-09-27T10:51:43
================================================================================
[2026-09-27T10:52:43.950+0000] {manager.py:878} INFO - 
================================================================================
DAG File Processing Stats

File Path                                    PID    Runtime      # DAGs    # Errors  Last Runtime    Last Run
-------------------------------------------  -----  ---------  --------  ----------  --------------  -------------------
/opt/airflow/dags/ecommerce_pipeline_dag.py                           1           0  0.35s           2026-09-27T10:52:13
================================================================================
[2026-09-27T10:53:14.515+0000] {manager.py:878} INFO - 
================================================================================
DAG File Processing Stats

File Path                                    PID    Runtime      # DAGs    # Errors  Last Runtime    Last Run
-------------------------------------------  -----  ---------  --------  ----------  --------------  -------------------
/opt/airflow/dags/ecommerce_pipeline_dag.py                           1           0  0.33s           2026-09-27T10:52:44
================================================================================
[2026-09-27T10:53:44.998+0000] {manager.py:878} INFO - 
================================================================================
DAG File Processing Stats

File Path                                      PID  Runtime      # DAGs    # Errors  Last Runtime    Last Run
-------------------------------------------  -----  ---------  --------  ----------  --------------  -------------------
/opt/airflow/dags/ecommerce_pipeline_dag.py    499  0.01s             1           0  0.14s           2026-09-27T10:53:14
================================================================================
[2026-09-27T10:54:15.409+0000] {manager.py:878} INFO - 
================================================================================
DAG File Processing Stats

File Path                                      PID  Runtime      # DAGs    # Errors  Last Runtime    Last Run
-------------------------------------------  -----  ---------  --------  ----------  --------------  -------------------
/opt/airflow/dags/ecommerce_pipeline_dag.py    510  0.04s             1           0  0.13s           2026-09-27T10:53:45
================================================================================
[2026-09-27T10:56:10.324+0000] {manager.py:470} INFO - Processing files using up to 2 processes at a time 
[2026-09-27T10:56:10.325+0000] {manager.py:471} INFO - Process each file at most once every 30 seconds
[2026-09-27T10:56:10.327+0000] {manager.py:472} INFO - Checking for new files in /opt/airflow/dags every 300 seconds
[2026-09-27T10:56:10.327+0000] {manager.py:737} INFO - Searching for files in /opt/airflow/dags
[2026-09-27T10:56:10.332+0000] {manager.py:740} INFO - There are 1 files in /opt/airflow/dags
[2026-09-27T10:56:10.516+0000] {manager.py:878} INFO - 
================================================================================
DAG File Processing Stats

File Path                                      PID  Runtime      # DAGs    # Errors  Last Runtime    Last Run
-------------------------------------------  -----  ---------  --------  ----------  --------------  ----------
/opt/airflow/dags/ecommerce_pipeline_dag.py    168  0.10s             0           0
================================================================================
[2026-09-27T10:56:40.849+0000] {manager.py:878} INFO - 
================================================================================
DAG File Processing Stats

File Path                                      PID  Runtime      # DAGs    # Errors  Last Runtime    Last Run
-------------------------------------------  -----  ---------  --------  ----------  --------------  -------------------
/opt/airflow/dags/ecommerce_pipeline_dag.py    203  0.03s             1           0  0.22s           2026-09-27T10:56:10
================================================================================
[2026-09-27T10:57:11.176+0000] {manager.py:878} INFO - 
================================================================================
DAG File Processing Stats

File Path                                    PID    Runtime      # DAGs    # Errors  Last Runtime    Last Run
-------------------------------------------  -----  ---------  --------  ----------  --------------  -------------------
/opt/airflow/dags/ecommerce_pipeline_dag.py                           1           0  2.70s           2026-09-27T10:56:43
================================================================================
[2026-09-27T10:57:42.050+0000] {manager.py:878} INFO - 
================================================================================
DAG File Processing Stats

File Path                                    PID    Runtime      # DAGs    # Errors  Last Runtime    Last Run
-------------------------------------------  -----  ---------  --------  ----------  --------------  -------------------
/opt/airflow/dags/ecommerce_pipeline_dag.py                           1           0  0.27s           2026-09-27T10:57:13
================================================================================
[2026-09-27T10:58:12.506+0000] {manager.py:878} INFO - 
================================================================================
DAG File Processing Stats

File Path                                    PID    Runtime      # DAGs    # Errors  Last Runtime    Last Run
-------------------------------------------  -----  ---------  --------  ----------  --------------  -------------------
/opt/airflow/dags/ecommerce_pipeline_dag.py                           1           0  0.16s           2026-09-27T10:57:44
================================================================================
[2026-09-27T10:58:43.084+0000] {manager.py:878} INFO - 
================================================================================
DAG File Processing Stats

File Path                                    PID    Runtime      # DAGs    # Errors  Last Runtime    Last Run
-------------------------------------------  -----  ---------  --------  ----------  --------------  -------------------
/opt/airflow/dags/ecommerce_pipeline_dag.py                           1           0  0.28s           2026-09-27T10:58:14
================================================================================
[2026-09-27T10:59:13.421+0000] {manager.py:878} INFO - 
================================================================================
DAG File Processing Stats

File Path                                    PID    Runtime      # DAGs    # Errors  Last Runtime    Last Run
-------------------------------------------  -----  ---------  --------  ----------  --------------  -------------------
/opt/airflow/dags/ecommerce_pipeline_dag.py                           1           0  0.56s           2026-09-27T10:58:45
================================================================================
[2026-09-27T10:59:44.312+0000] {manager.py:878} INFO - 
================================================================================
DAG File Processing Stats

File Path                                    PID    Runtime      # DAGs    # Errors  Last Runtime    Last Run
-------------------------------------------  -----  ---------  --------  ----------  --------------  -------------------
/opt/airflow/dags/ecommerce_pipeline_dag.py                           1           0  0.15s           2026-09-27T10:59:16
================================================================================
[2026-09-27T11:00:14.686+0000] {manager.py:878} INFO - 
================================================================================
DAG File Processing Stats

File Path                                    PID    Runtime      # DAGs    # Errors  Last Runtime    Last Run
-------------------------------------------  -----  ---------  --------  ----------  --------------  -------------------
/opt/airflow/dags/ecommerce_pipeline_dag.py                           1           0  0.15s           2026-09-27T10:59:46
================================================================================
[2026-09-27T11:00:45.034+0000] {manager.py:878} INFO - 
================================================================================
DAG File Processing Stats

File Path                                    PID    Runtime      # DAGs    # Errors  Last Runtime    Last Run
-------------------------------------------  -----  ---------  --------  ----------  --------------  -------------------
/opt/airflow/dags/ecommerce_pipeline_dag.py                           1           0  0.14s           2026-09-27T11:00:16
================================================================================
[2026-09-27T11:01:10.368+0000] {manager.py:737} INFO - Searching for files in /opt/airflow/dags
[2026-09-27T11:01:10.382+0000] {manager.py:740} INFO - There are 1 files in /opt/airflow/dags
[2026-09-27T11:01:15.351+0000] {manager.py:878} INFO - 
================================================================================
DAG File Processing Stats

File Path                                    PID    Runtime      # DAGs    # Errors  Last Runtime    Last Run
-------------------------------------------  -----  ---------  --------  ----------  --------------  -------------------
/opt/airflow/dags/ecommerce_pipeline_dag.py                           1           0  0.13s           2026-09-27T11:00:47
================================================================================
[2026-09-27T11:01:45.765+0000] {manager.py:878} INFO - 
================================================================================
DAG File Processing Stats

File Path                                    PID    Runtime      # DAGs    # Errors  Last Runtime    Last Run
-------------------------------------------  -----  ---------  --------  ----------  --------------  -------------------
/opt/airflow/dags/ecommerce_pipeline_dag.py                           1           0  0.14s           2026-09-27T11:01:17
================================================================================
[2026-09-27T11:02:16.136+0000] {manager.py:878} INFO - 
================================================================================
DAG File Processing Stats

File Path                                    PID    Runtime      # DAGs    # Errors  Last Runtime    Last Run
-------------------------------------------  -----  ---------  --------  ----------  --------------  -------------------
/opt/airflow/dags/ecommerce_pipeline_dag.py                           1           0  0.16s           2026-09-27T11:01:47
================================================================================
[2026-09-27T11:02:46.453+0000] {manager.py:878} INFO - 
================================================================================
DAG File Processing Stats

File Path                                    PID    Runtime      # DAGs    # Errors  Last Runtime    Last Run
-------------------------------------------  -----  ---------  --------  ----------  --------------  -------------------
/opt/airflow/dags/ecommerce_pipeline_dag.py                           1           0  0.10s           2026-09-27T11:02:18
================================================================================
[2026-09-27T11:03:16.803+0000] {manager.py:878} INFO - 
================================================================================
DAG File Processing Stats

File Path                                    PID    Runtime      # DAGs    # Errors  Last Runtime    Last Run
-------------------------------------------  -----  ---------  --------  ----------  --------------  -------------------
/opt/airflow/dags/ecommerce_pipeline_dag.py                           1           0  0.15s           2026-09-27T11:02:48
================================================================================
[2026-09-27T11:03:47.190+0000] {manager.py:878} INFO - 
================================================================================
DAG File Processing Stats

File Path                                    PID    Runtime      # DAGs    # Errors  Last Runtime    Last Run
-------------------------------------------  -----  ---------  --------  ----------  --------------  -------------------
/opt/airflow/dags/ecommerce_pipeline_dag.py                           1           0  0.13s           2026-09-27T11:03:18
================================================================================
[2026-09-27T11:04:17.591+0000] {manager.py:878} INFO - 
================================================================================
DAG File Processing Stats

File Path                                    PID    Runtime      # DAGs    # Errors  Last Runtime    Last Run
-------------------------------------------  -----  ---------  --------  ----------  --------------  -------------------
/opt/airflow/dags/ecommerce_pipeline_dag.py                           1           0  0.16s           2026-09-27T11:03:49
================================================================================
[2026-09-27T11:04:47.981+0000] {manager.py:878} INFO - 
================================================================================
DAG File Processing Stats

File Path                                    PID    Runtime      # DAGs    # Errors  Last Runtime    Last Run
-------------------------------------------  -----  ---------  --------  ----------  --------------  -------------------
/opt/airflow/dags/ecommerce_pipeline_dag.py                           1           0  0.15s           2026-09-27T11:04:19
================================================================================
[2026-09-27T11:05:18.410+0000] {manager.py:878} INFO - 
================================================================================
DAG File Processing Stats

File Path                                    PID    Runtime      # DAGs    # Errors  Last Runtime    Last Run
-------------------------------------------  -----  ---------  --------  ----------  --------------  -------------------
/opt/airflow/dags/ecommerce_pipeline_dag.py                           1           0  0.17s           2026-09-27T11:04:50
================================================================================
[2026-09-27T11:05:48.794+0000] {manager.py:878} INFO - 
================================================================================
DAG File Processing Stats

File Path                                    PID    Runtime      # DAGs    # Errors  Last Runtime    Last Run
-------------------------------------------  -----  ---------  --------  ----------  --------------  -------------------
/opt/airflow/dags/ecommerce_pipeline_dag.py                           1           0  0.20s           2026-09-27T11:05:20
================================================================================
[2026-09-27T11:06:11.052+0000] {manager.py:737} INFO - Searching for files in /opt/airflow/dags
[2026-09-27T11:06:11.064+0000] {manager.py:740} INFO - There are 1 files in /opt/airflow/dags
[2026-09-27T11:06:19.177+0000] {manager.py:878} INFO - 
================================================================================
DAG File Processing Stats

File Path                                    PID    Runtime      # DAGs    # Errors  Last Runtime    Last Run
-------------------------------------------  -----  ---------  --------  ----------  --------------  -------------------
/opt/airflow/dags/ecommerce_pipeline_dag.py                           1           0  0.13s           2026-09-27T11:05:50
================================================================================
[2026-09-27T11:06:49.535+0000] {manager.py:878} INFO - 
================================================================================
DAG File Processing Stats

File Path                                    PID    Runtime      # DAGs    # Errors  Last Runtime    Last Run
-------------------------------------------  -----  ---------  --------  ----------  --------------  -------------------
/opt/airflow/dags/ecommerce_pipeline_dag.py                           1           0  0.15s           2026-09-27T11:06:21
================================================================================
[2026-09-27T11:07:19.878+0000] {manager.py:878} INFO - 
================================================================================
DAG File Processing Stats

File Path                                    PID    Runtime      # DAGs    # Errors  Last Runtime    Last Run
-------------------------------------------  -----  ---------  --------  ----------  --------------  -------------------
/opt/airflow/dags/ecommerce_pipeline_dag.py                           1           0  0.17s           2026-09-27T11:06:51
================================================================================
[2026-09-27T11:07:50.295+0000] {manager.py:878} INFO - 
================================================================================
DAG File Processing Stats

File Path                                    PID    Runtime      # DAGs    # Errors  Last Runtime    Last Run
-------------------------------------------  -----  ---------  --------  ----------  --------------  -------------------
/opt/airflow/dags/ecommerce_pipeline_dag.py                           1           0  0.20s           2026-09-27T11:07:22
================================================================================
[2026-09-27T11:08:20.718+0000] {manager.py:878} INFO - 
================================================================================
DAG File Processing Stats

File Path                                    PID    Runtime      # DAGs    # Errors  Last Runtime    Last Run
-------------------------------------------  -----  ---------  --------  ----------  --------------  -------------------
/opt/airflow/dags/ecommerce_pipeline_dag.py                           1           0  0.25s           2026-09-27T11:07:52
================================================================================
[2026-09-27T11:08:51.123+0000] {manager.py:878} INFO - 
================================================================================
DAG File Processing Stats

File Path                                    PID    Runtime      # DAGs    # Errors  Last Runtime    Last Run
-------------------------------------------  -----  ---------  --------  ----------  --------------  -------------------
/opt/airflow/dags/ecommerce_pipeline_dag.py                           1           0  0.16s           2026-09-27T11:08:22
================================================================================
[2026-09-27T11:09:21.454+0000] {manager.py:878} INFO - 
================================================================================
DAG File Processing Stats

File Path                                    PID    Runtime      # DAGs    # Errors  Last Runtime    Last Run
-------------------------------------------  -----  ---------  --------  ----------  --------------  -------------------
/opt/airflow/dags/ecommerce_pipeline_dag.py                           1           0  0.14s           2026-09-27T11:08:53
================================================================================
[2026-09-27T11:09:51.924+0000] {manager.py:878} INFO - 
================================================================================
DAG File Processing Stats

File Path                                    PID    Runtime      # DAGs    # Errors  Last Runtime    Last Run
-------------------------------------------  -----  ---------  --------  ----------  --------------  -------------------
/opt/airflow/dags/ecommerce_pipeline_dag.py                           1           0  0.15s           2026-09-27T11:09:23
================================================================================
[2026-09-27T11:10:22.327+0000] {manager.py:878} INFO - 
================================================================================
DAG File Processing Stats

File Path                                    PID    Runtime      # DAGs    # Errors  Last Runtime    Last Run
-------------------------------------------  -----  ---------  --------  ----------  --------------  -------------------
/opt/airflow/dags/ecommerce_pipeline_dag.py                           1           0  0.18s           2026-09-27T11:09:54
================================================================================
[2026-09-27T11:10:52.692+0000] {manager.py:878} INFO - 
================================================================================
DAG File Processing Stats

File Path                                    PID    Runtime      # DAGs    # Errors  Last Runtime    Last Run
-------------------------------------------  -----  ---------  --------  ----------  --------------  -------------------
/opt/airflow/dags/ecommerce_pipeline_dag.py                           1           0  0.16s           2026-09-27T11:10:24
================================================================================
[2026-09-27T11:11:11.946+0000] {manager.py:737} INFO - Searching for files in /opt/airflow/dags
[2026-09-27T11:11:11.961+0000] {manager.py:740} INFO - There are 1 files in /opt/airflow/dags
[2026-09-27T11:11:23.093+0000] {manager.py:878} INFO - 
================================================================================
DAG File Processing Stats

File Path                                    PID    Runtime      # DAGs    # Errors  Last Runtime    Last Run
-------------------------------------------  -----  ---------  --------  ----------  --------------  -------------------
/opt/airflow/dags/ecommerce_pipeline_dag.py                           1           0  0.17s           2026-09-27T11:10:54
================================================================================
[2026-09-27T11:11:53.407+0000] {manager.py:878} INFO - 
================================================================================
DAG File Processing Stats

File Path                                    PID    Runtime      # DAGs    # Errors  Last Runtime    Last Run
-------------------------------------------  -----  ---------  --------  ----------  --------------  -------------------
/opt/airflow/dags/ecommerce_pipeline_dag.py                           1           0  0.15s           2026-09-27T11:11:25
================================================================================
[2026-09-27T11:12:23.839+0000] {manager.py:878} INFO - 
================================================================================
DAG File Processing Stats

File Path                                    PID    Runtime      # DAGs    # Errors  Last Runtime    Last Run
-------------------------------------------  -----  ---------  --------  ----------  --------------  -------------------
/opt/airflow/dags/ecommerce_pipeline_dag.py                           1           0  0.15s           2026-09-27T11:11:55
================================================================================
[2026-09-27T11:12:54.228+0000] {manager.py:878} INFO - 
================================================================================
DAG File Processing Stats

File Path                                    PID    Runtime      # DAGs    # Errors  Last Runtime    Last Run
-------------------------------------------  -----  ---------  --------  ----------  --------------  -------------------
/opt/airflow/dags/ecommerce_pipeline_dag.py                           1           0  0.16s           2026-09-27T11:12:26
================================================================================
[2026-09-27T11:13:24.680+0000] {manager.py:878} INFO - 
================================================================================
DAG File Processing Stats

File Path                                    PID    Runtime      # DAGs    # Errors  Last Runtime    Last Run
-------------------------------------------  -----  ---------  --------  ----------  --------------  -------------------
/opt/airflow/dags/ecommerce_pipeline_dag.py                           1           0  0.19s           2026-09-27T11:12:56
================================================================================
[2026-09-27T11:13:55.040+0000] {manager.py:878} INFO - 
================================================================================
DAG File Processing Stats

File Path                                    PID    Runtime      # DAGs    # Errors  Last Runtime    Last Run
-------------------------------------------  -----  ---------  --------  ----------  --------------  -------------------
/opt/airflow/dags/ecommerce_pipeline_dag.py                           1           0  0.15s           2026-09-27T11:13:26
================================================================================
[2026-09-27T11:14:25.497+0000] {manager.py:878} INFO - 
================================================================================
DAG File Processing Stats

File Path                                    PID    Runtime      # DAGs    # Errors  Last Runtime    Last Run
-------------------------------------------  -----  ---------  --------  ----------  --------------  -------------------
/opt/airflow/dags/ecommerce_pipeline_dag.py                           1           0  0.17s           2026-09-27T11:13:57
================================================================================
[2026-09-27T11:14:55.890+0000] {manager.py:878} INFO - 
================================================================================
DAG File Processing Stats

File Path                                    PID    Runtime      # DAGs    # Errors  Last Runtime    Last Run
-------------------------------------------  -----  ---------  --------  ----------  --------------  -------------------
/opt/airflow/dags/ecommerce_pipeline_dag.py                           1           0  0.17s           2026-09-27T11:14:27
================================================================================
[2026-09-27T11:15:26.234+0000] {manager.py:878} INFO - 
================================================================================
DAG File Processing Stats

File Path                                    PID    Runtime      # DAGs    # Errors  Last Runtime    Last Run
-------------------------------------------  -----  ---------  --------  ----------  --------------  -------------------
/opt/airflow/dags/ecommerce_pipeline_dag.py                           1           0  0.16s           2026-09-27T11:14:58
================================================================================
[2026-09-27T11:15:56.651+0000] {manager.py:878} INFO - 
================================================================================
DAG File Processing Stats

File Path                                    PID    Runtime      # DAGs    # Errors  Last Runtime    Last Run
-------------------------------------------  -----  ---------  --------  ----------  --------------  -------------------
/opt/airflow/dags/ecommerce_pipeline_dag.py                           1           0  0.16s           2026-09-27T11:15:28
================================================================================
[2026-09-27T11:16:11.977+0000] {manager.py:737} INFO - Searching for files in /opt/airflow/dags
[2026-09-27T11:16:11.992+0000] {manager.py:740} INFO - There are 1 files in /opt/airflow/dags
