[2026-09-27T10:14:31.999+0000] {processor.py:161} INFO - Started process (PID=224) to work on /opt/airflow/dags/ecommerce_pipeline_dag.py
[2026-09-27T10:14:32.001+0000] {processor.py:830} INFO - Processing file /opt/airflow/dags/ecommerce_pipeline_dag.py for tasks to queue
[2026-09-27T10:14:32.010+0000] {logging_mixin.py:188} INFO - [2026-09-27T10:14:32.008+0000] {dagbag.py:545} INFO - Filling up the DagBag from /opt/airflow/dags/ecommerce_pipeline_dag.py
[2026-09-27T10:14:32.076+0000] {processor.py:840} INFO - DAG(s) 'ecommerce_pipeline' retrieved from /opt/airflow/dags/ecommerce_pipeline_dag.py
[2026-09-27T10:14:32.395+0000] {logging_mixin.py:188} INFO - [2026-09-27T10:14:32.395+0000] {override.py:1858} INFO - Created Permission View: can edit on DAG:ecommerce_pipeline
[2026-09-27T10:14:32.399+0000] {logging_mixin.py:188} INFO - [2026-09-27T10:14:32.399+0000] {override.py:1858} INFO - Created Permission View: can delete on DAG:ecommerce_pipeline
[2026-09-27T10:14:32.401+0000] {logging_mixin.py:188} INFO - [2026-09-27T10:14:32.401+0000] {override.py:1858} INFO - Created Permission View: can read on DAG:ecommerce_pipeline
[2026-09-27T10:14:32.401+0000] {logging_mixin.py:188} INFO - [2026-09-27T10:14:32.401+0000] {dag.py:3089} INFO - Sync 1 DAGs
[2026-09-27T10:14:32.408+0000] {logging_mixin.py:188} INFO - [2026-09-27T10:14:32.408+0000] {dag.py:3111} INFO - Creating ORM DAG for ecommerce_pipeline
[2026-09-27T10:14:32.415+0000] {logging_mixin.py:188} INFO - [2026-09-27T10:14:32.415+0000] {dag.py:3947} INFO - Setting next_dagrun for ecommerce_pipeline to 2026-09-26 00:00:00+00:00, run_after=2026-09-27 00:00:00+00:00
[2026-09-27T10:14:32.424+0000] {processor.py:183} INFO - Processing /opt/airflow/dags/ecommerce_pipeline_dag.py took 0.445 seconds
[2026-09-27T10:15:02.724+0000] {processor.py:161} INFO - Started process (PID=235) to work on /opt/airflow/dags/ecommerce_pipeline_dag.py
[2026-09-27T10:15:02.726+0000] {processor.py:830} INFO - Processing file /opt/airflow/dags/ecommerce_pipeline_dag.py for tasks to queue
[2026-09-27T10:15:02.729+0000] {logging_mixin.py:188} INFO - [2026-09-27T10:15:02.729+0000] {dagbag.py:545} INFO - Filling up the DagBag from /opt/airflow/dags/ecommerce_pipeline_dag.py
[2026-09-27T10:15:02.744+0000] {processor.py:840} INFO - DAG(s) 'ecommerce_pipeline' retrieved from /opt/airflow/dags/ecommerce_pipeline_dag.py
[2026-09-27T10:15:02.786+0000] {logging_mixin.py:188} INFO - [2026-09-27T10:15:02.785+0000] {dag.py:3089} INFO - Sync 1 DAGs
[2026-09-27T10:15:02.799+0000] {logging_mixin.py:188} INFO - [2026-09-27T10:15:02.799+0000] {dag.py:3947} INFO - Setting next_dagrun for ecommerce_pipeline to 2026-09-26 00:00:00+00:00, run_after=2026-09-27 00:00:00+00:00
[2026-09-27T10:15:02.809+0000] {processor.py:183} INFO - Processing /opt/airflow/dags/ecommerce_pipeline_dag.py took 0.091 seconds
[2026-09-27T10:15:32.972+0000] {processor.py:161} INFO - Started process (PID=246) to work on /opt/airflow/dags/ecommerce_pipeline_dag.py
[2026-09-27T10:15:32.973+0000] {processor.py:830} INFO - Processing file /opt/airflow/dags/ecommerce_pipeline_dag.py for tasks to queue
[2026-09-27T10:15:32.978+0000] {logging_mixin.py:188} INFO - [2026-09-27T10:15:32.977+0000] {dagbag.py:545} INFO - Filling up the DagBag from /opt/airflow/dags/ecommerce_pipeline_dag.py
[2026-09-27T10:15:32.995+0000] {processor.py:840} INFO - DAG(s) 'ecommerce_pipeline' retrieved from /opt/airflow/dags/ecommerce_pipeline_dag.py
[2026-09-27T10:15:33.036+0000] {logging_mixin.py:188} INFO - [2026-09-27T10:15:33.036+0000] {dag.py:3089} INFO - Sync 1 DAGs
[2026-09-27T10:15:33.049+0000] {logging_mixin.py:188} INFO - [2026-09-27T10:15:33.049+0000] {dag.py:3947} INFO - Setting next_dagrun for ecommerce_pipeline to 2026-09-26 00:00:00+00:00, run_after=2026-09-27 00:00:00+00:00
[2026-09-27T10:15:33.057+0000] {processor.py:183} INFO - Processing /opt/airflow/dags/ecommerce_pipeline_dag.py took 0.094 seconds
[2026-09-27T10:16:03.309+0000] {processor.py:161} INFO - Started process (PID=257) to work on /opt/airflow/dags/ecommerce_pipeline_dag.py
[2026-09-27T10:16:03.311+0000] {processor.py:830} INFO - Processing file /opt/airflow/dags/ecommerce_pipeline_dag.py for tasks to queue
[2026-09-27T10:16:03.314+0000] {logging_mixin.py:188} INFO - [2026-09-27T10:16:03.313+0000] {dagbag.py:545} INFO - Filling up the DagBag from /opt/airflow/dags/ecommerce_pipeline_dag.py
[2026-09-27T10:16:03.347+0000] {processor.py:840} INFO - DAG(s) 'ecommerce_pipeline' retrieved from /opt/airflow/dags/ecommerce_pipeline_dag.py
[2026-09-27T10:16:03.376+0000] {logging_mixin.py:188} INFO - [2026-09-27T10:16:03.376+0000] {dag.py:3089} INFO - Sync 1 DAGs
[2026-09-27T10:16:03.388+0000] {logging_mixin.py:188} INFO - [2026-09-27T10:16:03.388+0000] {dag.py:3947} INFO - Setting next_dagrun for ecommerce_pipeline to 2026-09-26 00:00:00+00:00, run_after=2026-09-27 00:00:00+00:00
[2026-09-27T10:16:03.397+0000] {processor.py:183} INFO - Processing /opt/airflow/dags/ecommerce_pipeline_dag.py took 0.097 seconds
[2026-09-27T10:16:33.608+0000] {processor.py:161} INFO - Started process (PID=268) to work on /opt/airflow/dags/ecommerce_pipeline_dag.py
[2026-09-27T10:16:33.611+0000] {processor.py:830} INFO - Processing file /opt/airflow/dags/ecommerce_pipeline_dag.py for tasks to queue
[2026-09-27T10:16:33.621+0000] {logging_mixin.py:188} INFO - [2026-09-27T10:16:33.619+0000] {dagbag.py:545} INFO - Filling up the DagBag from /opt/airflow/dags/ecommerce_pipeline_dag.py
[2026-09-27T10:16:33.647+0000] {processor.py:840} INFO - DAG(s) 'ecommerce_pipeline' retrieved from /opt/airflow/dags/ecommerce_pipeline_dag.py
[2026-09-27T10:16:33.681+0000] {logging_mixin.py:188} INFO - [2026-09-27T10:16:33.680+0000] {dag.py:3089} INFO - Sync 1 DAGs
[2026-09-27T10:16:33.706+0000] {logging_mixin.py:188} INFO - [2026-09-27T10:16:33.705+0000] {dag.py:3947} INFO - Setting next_dagrun for ecommerce_pipeline to 2026-09-26 00:00:00+00:00, run_after=2026-09-27 00:00:00+00:00
[2026-09-27T10:16:33.721+0000] {processor.py:183} INFO - Processing /opt/airflow/dags/ecommerce_pipeline_dag.py took 0.125 seconds
[2026-09-27T10:17:03.913+0000] {processor.py:161} INFO - Started process (PID=279) to work on /opt/airflow/dags/ecommerce_pipeline_dag.py
[2026-09-27T10:17:03.914+0000] {processor.py:830} INFO - Processing file /opt/airflow/dags/ecommerce_pipeline_dag.py for tasks to queue
[2026-09-27T10:17:03.917+0000] {logging_mixin.py:188} INFO - [2026-09-27T10:17:03.917+0000] {dagbag.py:545} INFO - Filling up the DagBag from /opt/airflow/dags/ecommerce_pipeline_dag.py
[2026-09-27T10:17:03.941+0000] {processor.py:840} INFO - DAG(s) 'ecommerce_pipeline' retrieved from /opt/airflow/dags/ecommerce_pipeline_dag.py
[2026-09-27T10:17:03.970+0000] {logging_mixin.py:188} INFO - [2026-09-27T10:17:03.970+0000] {dag.py:3089} INFO - Sync 1 DAGs
[2026-09-27T10:17:03.989+0000] {logging_mixin.py:188} INFO - [2026-09-27T10:17:03.989+0000] {dag.py:3947} INFO - Setting next_dagrun for ecommerce_pipeline to 2026-09-26 00:00:00+00:00, run_after=2026-09-27 00:00:00+00:00
[2026-09-27T10:17:03.998+0000] {processor.py:183} INFO - Processing /opt/airflow/dags/ecommerce_pipeline_dag.py took 0.092 seconds
[2026-09-27T10:17:34.192+0000] {processor.py:161} INFO - Started process (PID=301) to work on /opt/airflow/dags/ecommerce_pipeline_dag.py
[2026-09-27T10:17:34.193+0000] {processor.py:830} INFO - Processing file /opt/airflow/dags/ecommerce_pipeline_dag.py for tasks to queue
[2026-09-27T10:17:34.208+0000] {logging_mixin.py:188} INFO - [2026-09-27T10:17:34.203+0000] {dagbag.py:545} INFO - Filling up the DagBag from /opt/airflow/dags/ecommerce_pipeline_dag.py
[2026-09-27T10:17:34.234+0000] {processor.py:840} INFO - DAG(s) 'ecommerce_pipeline' retrieved from /opt/airflow/dags/ecommerce_pipeline_dag.py
[2026-09-27T10:17:34.263+0000] {logging_mixin.py:188} INFO - [2026-09-27T10:17:34.263+0000] {dag.py:3089} INFO - Sync 1 DAGs
[2026-09-27T10:17:34.277+0000] {logging_mixin.py:188} INFO - [2026-09-27T10:17:34.277+0000] {dag.py:3947} INFO - Setting next_dagrun for ecommerce_pipeline to 2026-09-27 00:00:00+00:00, run_after=2026-09-28 00:00:00+00:00
[2026-09-27T10:17:34.289+0000] {processor.py:183} INFO - Processing /opt/airflow/dags/ecommerce_pipeline_dag.py took 0.105 seconds
[2026-09-27T10:18:04.503+0000] {processor.py:161} INFO - Started process (PID=312) to work on /opt/airflow/dags/ecommerce_pipeline_dag.py
[2026-09-27T10:18:04.504+0000] {processor.py:830} INFO - Processing file /opt/airflow/dags/ecommerce_pipeline_dag.py for tasks to queue
[2026-09-27T10:18:04.508+0000] {logging_mixin.py:188} INFO - [2026-09-27T10:18:04.507+0000] {dagbag.py:545} INFO - Filling up the DagBag from /opt/airflow/dags/ecommerce_pipeline_dag.py
[2026-09-27T10:18:04.531+0000] {processor.py:840} INFO - DAG(s) 'ecommerce_pipeline' retrieved from /opt/airflow/dags/ecommerce_pipeline_dag.py
[2026-09-27T10:18:04.558+0000] {logging_mixin.py:188} INFO - [2026-09-27T10:18:04.558+0000] {dag.py:3089} INFO - Sync 1 DAGs
[2026-09-27T10:18:04.577+0000] {logging_mixin.py:188} INFO - [2026-09-27T10:18:04.577+0000] {dag.py:3947} INFO - Setting next_dagrun for ecommerce_pipeline to 2026-09-27 00:00:00+00:00, run_after=2026-09-28 00:00:00+00:00
[2026-09-27T10:18:04.586+0000] {processor.py:183} INFO - Processing /opt/airflow/dags/ecommerce_pipeline_dag.py took 0.090 seconds
[2026-09-27T10:18:34.787+0000] {processor.py:161} INFO - Started process (PID=323) to work on /opt/airflow/dags/ecommerce_pipeline_dag.py
[2026-09-27T10:18:34.788+0000] {processor.py:830} INFO - Processing file /opt/airflow/dags/ecommerce_pipeline_dag.py for tasks to queue
[2026-09-27T10:18:34.790+0000] {logging_mixin.py:188} INFO - [2026-09-27T10:18:34.790+0000] {dagbag.py:545} INFO - Filling up the DagBag from /opt/airflow/dags/ecommerce_pipeline_dag.py
[2026-09-27T10:18:34.803+0000] {processor.py:840} INFO - DAG(s) 'ecommerce_pipeline' retrieved from /opt/airflow/dags/ecommerce_pipeline_dag.py
[2026-09-27T10:18:34.828+0000] {logging_mixin.py:188} INFO - [2026-09-27T10:18:34.828+0000] {dag.py:3089} INFO - Sync 1 DAGs
[2026-09-27T10:18:34.840+0000] {logging_mixin.py:188} INFO - [2026-09-27T10:18:34.840+0000] {dag.py:3947} INFO - Setting next_dagrun for ecommerce_pipeline to 2026-09-27 00:00:00+00:00, run_after=2026-09-28 00:00:00+00:00
[2026-09-27T10:18:34.847+0000] {processor.py:183} INFO - Processing /opt/airflow/dags/ecommerce_pipeline_dag.py took 0.066 seconds
[2026-09-27T10:19:05.050+0000] {processor.py:161} INFO - Started process (PID=355) to work on /opt/airflow/dags/ecommerce_pipeline_dag.py
[2026-09-27T10:19:05.051+0000] {processor.py:830} INFO - Processing file /opt/airflow/dags/ecommerce_pipeline_dag.py for tasks to queue
[2026-09-27T10:19:05.058+0000] {logging_mixin.py:188} INFO - [2026-09-27T10:19:05.057+0000] {dagbag.py:545} INFO - Filling up the DagBag from /opt/airflow/dags/ecommerce_pipeline_dag.py
[2026-09-27T10:19:05.067+0000] {processor.py:840} INFO - DAG(s) 'ecommerce_pipeline' retrieved from /opt/airflow/dags/ecommerce_pipeline_dag.py
[2026-09-27T10:19:05.090+0000] {logging_mixin.py:188} INFO - [2026-09-27T10:19:05.090+0000] {dag.py:3089} INFO - Sync 1 DAGs
[2026-09-27T10:19:05.112+0000] {logging_mixin.py:188} INFO - [2026-09-27T10:19:05.112+0000] {dag.py:3947} INFO - Setting next_dagrun for ecommerce_pipeline to 2026-09-27 00:00:00+00:00, run_after=2026-09-28 00:00:00+00:00
[2026-09-27T10:19:05.142+0000] {processor.py:183} INFO - Processing /opt/airflow/dags/ecommerce_pipeline_dag.py took 0.104 seconds
[2026-09-27T10:19:35.385+0000] {processor.py:161} INFO - Started process (PID=367) to work on /opt/airflow/dags/ecommerce_pipeline_dag.py
[2026-09-27T10:19:35.386+0000] {processor.py:830} INFO - Processing file /opt/airflow/dags/ecommerce_pipeline_dag.py for tasks to queue
[2026-09-27T10:19:35.388+0000] {logging_mixin.py:188} INFO - [2026-09-27T10:19:35.388+0000] {dagbag.py:545} INFO - Filling up the DagBag from /opt/airflow/dags/ecommerce_pipeline_dag.py
[2026-09-27T10:19:35.402+0000] {processor.py:840} INFO - DAG(s) 'ecommerce_pipeline' retrieved from /opt/airflow/dags/ecommerce_pipeline_dag.py
[2026-09-27T10:19:35.429+0000] {logging_mixin.py:188} INFO - [2026-09-27T10:19:35.429+0000] {dag.py:3089} INFO - Sync 1 DAGs
[2026-09-27T10:19:35.441+0000] {logging_mixin.py:188} INFO - [2026-09-27T10:19:35.441+0000] {dag.py:3947} INFO - Setting next_dagrun for ecommerce_pipeline to 2026-09-27 00:00:00+00:00, run_after=2026-09-28 00:00:00+00:00
[2026-09-27T10:19:35.450+0000] {processor.py:183} INFO - Processing /opt/airflow/dags/ecommerce_pipeline_dag.py took 0.080 seconds
[2026-09-27T10:20:05.823+0000] {processor.py:161} INFO - Started process (PID=378) to work on /opt/airflow/dags/ecommerce_pipeline_dag.py
[2026-09-27T10:20:05.825+0000] {processor.py:830} INFO - Processing file /opt/airflow/dags/ecommerce_pipeline_dag.py for tasks to queue
[2026-09-27T10:20:05.840+0000] {logging_mixin.py:188} INFO - [2026-09-27T10:20:05.834+0000] {dagbag.py:545} INFO - Filling up the DagBag from /opt/airflow/dags/ecommerce_pipeline_dag.py
[2026-09-27T10:20:05.859+0000] {processor.py:840} INFO - DAG(s) 'ecommerce_pipeline' retrieved from /opt/airflow/dags/ecommerce_pipeline_dag.py
[2026-09-27T10:20:05.888+0000] {logging_mixin.py:188} INFO - [2026-09-27T10:20:05.888+0000] {dag.py:3089} INFO - Sync 1 DAGs
[2026-09-27T10:20:05.915+0000] {logging_mixin.py:188} INFO - [2026-09-27T10:20:05.915+0000] {dag.py:3947} INFO - Setting next_dagrun for ecommerce_pipeline to 2026-09-27 00:00:00+00:00, run_after=2026-09-28 00:00:00+00:00
[2026-09-27T10:20:05.926+0000] {processor.py:183} INFO - Processing /opt/airflow/dags/ecommerce_pipeline_dag.py took 0.113 seconds
[2026-09-27T10:20:36.106+0000] {processor.py:161} INFO - Started process (PID=400) to work on /opt/airflow/dags/ecommerce_pipeline_dag.py
[2026-09-27T10:20:36.108+0000] {processor.py:830} INFO - Processing file /opt/airflow/dags/ecommerce_pipeline_dag.py for tasks to queue
[2026-09-27T10:20:36.110+0000] {logging_mixin.py:188} INFO - [2026-09-27T10:20:36.110+0000] {dagbag.py:545} INFO - Filling up the DagBag from /opt/airflow/dags/ecommerce_pipeline_dag.py
[2026-09-27T10:20:36.131+0000] {processor.py:840} INFO - DAG(s) 'ecommerce_pipeline' retrieved from /opt/airflow/dags/ecommerce_pipeline_dag.py
[2026-09-27T10:20:36.158+0000] {logging_mixin.py:188} INFO - [2026-09-27T10:20:36.158+0000] {dag.py:3089} INFO - Sync 1 DAGs
[2026-09-27T10:20:36.170+0000] {logging_mixin.py:188} INFO - [2026-09-27T10:20:36.170+0000] {dag.py:3947} INFO - Setting next_dagrun for ecommerce_pipeline to 2026-09-27 00:00:00+00:00, run_after=2026-09-28 00:00:00+00:00
[2026-09-27T10:20:36.178+0000] {processor.py:183} INFO - Processing /opt/airflow/dags/ecommerce_pipeline_dag.py took 0.079 seconds
[2026-09-27T10:21:06.382+0000] {processor.py:161} INFO - Started process (PID=422) to work on /opt/airflow/dags/ecommerce_pipeline_dag.py
[2026-09-27T10:21:06.384+0000] {processor.py:830} INFO - Processing file /opt/airflow/dags/ecommerce_pipeline_dag.py for tasks to queue
[2026-09-27T10:21:06.387+0000] {logging_mixin.py:188} INFO - [2026-09-27T10:21:06.386+0000] {dagbag.py:545} INFO - Filling up the DagBag from /opt/airflow/dags/ecommerce_pipeline_dag.py
[2026-09-27T10:21:06.400+0000] {processor.py:840} INFO - DAG(s) 'ecommerce_pipeline' retrieved from /opt/airflow/dags/ecommerce_pipeline_dag.py
[2026-09-27T10:21:06.441+0000] {logging_mixin.py:188} INFO - [2026-09-27T10:21:06.440+0000] {dag.py:3089} INFO - Sync 1 DAGs
[2026-09-27T10:21:06.457+0000] {logging_mixin.py:188} INFO - [2026-09-27T10:21:06.457+0000] {dag.py:3947} INFO - Setting next_dagrun for ecommerce_pipeline to 2026-09-27 00:00:00+00:00, run_after=2026-09-28 00:00:00+00:00
[2026-09-27T10:21:06.467+0000] {processor.py:183} INFO - Processing /opt/airflow/dags/ecommerce_pipeline_dag.py took 0.091 seconds
[2026-09-27T10:21:36.678+0000] {processor.py:161} INFO - Started process (PID=433) to work on /opt/airflow/dags/ecommerce_pipeline_dag.py
[2026-09-27T10:21:36.679+0000] {processor.py:830} INFO - Processing file /opt/airflow/dags/ecommerce_pipeline_dag.py for tasks to queue
[2026-09-27T10:21:36.682+0000] {logging_mixin.py:188} INFO - [2026-09-27T10:21:36.681+0000] {dagbag.py:545} INFO - Filling up the DagBag from /opt/airflow/dags/ecommerce_pipeline_dag.py
[2026-09-27T10:21:36.700+0000] {processor.py:840} INFO - DAG(s) 'ecommerce_pipeline' retrieved from /opt/airflow/dags/ecommerce_pipeline_dag.py
[2026-09-27T10:21:36.749+0000] {logging_mixin.py:188} INFO - [2026-09-27T10:21:36.749+0000] {dag.py:3089} INFO - Sync 1 DAGs
[2026-09-27T10:21:36.765+0000] {logging_mixin.py:188} INFO - [2026-09-27T10:21:36.764+0000] {dag.py:3947} INFO - Setting next_dagrun for ecommerce_pipeline to 2026-09-27 00:00:00+00:00, run_after=2026-09-28 00:00:00+00:00
[2026-09-27T10:21:36.775+0000] {processor.py:183} INFO - Processing /opt/airflow/dags/ecommerce_pipeline_dag.py took 0.110 seconds
[2026-09-27T10:22:06.967+0000] {processor.py:161} INFO - Started process (PID=444) to work on /opt/airflow/dags/ecommerce_pipeline_dag.py
[2026-09-27T10:22:06.969+0000] {processor.py:830} INFO - Processing file /opt/airflow/dags/ecommerce_pipeline_dag.py for tasks to queue
[2026-09-27T10:22:06.987+0000] {logging_mixin.py:188} INFO - [2026-09-27T10:22:06.986+0000] {dagbag.py:545} INFO - Filling up the DagBag from /opt/airflow/dags/ecommerce_pipeline_dag.py
[2026-09-27T10:22:07.006+0000] {processor.py:840} INFO - DAG(s) 'ecommerce_pipeline' retrieved from /opt/airflow/dags/ecommerce_pipeline_dag.py
[2026-09-27T10:22:07.053+0000] {logging_mixin.py:188} INFO - [2026-09-27T10:22:07.052+0000] {dag.py:3089} INFO - Sync 1 DAGs
[2026-09-27T10:22:07.079+0000] {logging_mixin.py:188} INFO - [2026-09-27T10:22:07.079+0000] {dag.py:3947} INFO - Setting next_dagrun for ecommerce_pipeline to 2026-09-27 00:00:00+00:00, run_after=2026-09-28 00:00:00+00:00
[2026-09-27T10:22:07.090+0000] {processor.py:183} INFO - Processing /opt/airflow/dags/ecommerce_pipeline_dag.py took 0.129 seconds
[2026-09-27T10:22:37.254+0000] {processor.py:161} INFO - Started process (PID=466) to work on /opt/airflow/dags/ecommerce_pipeline_dag.py
[2026-09-27T10:22:37.255+0000] {processor.py:830} INFO - Processing file /opt/airflow/dags/ecommerce_pipeline_dag.py for tasks to queue
[2026-09-27T10:22:37.258+0000] {logging_mixin.py:188} INFO - [2026-09-27T10:22:37.258+0000] {dagbag.py:545} INFO - Filling up the DagBag from /opt/airflow/dags/ecommerce_pipeline_dag.py
[2026-09-27T10:22:37.289+0000] {processor.py:840} INFO - DAG(s) 'ecommerce_pipeline' retrieved from /opt/airflow/dags/ecommerce_pipeline_dag.py
[2026-09-27T10:22:37.316+0000] {logging_mixin.py:188} INFO - [2026-09-27T10:22:37.316+0000] {dag.py:3089} INFO - Sync 1 DAGs
[2026-09-27T10:22:37.328+0000] {logging_mixin.py:188} INFO - [2026-09-27T10:22:37.328+0000] {dag.py:3947} INFO - Setting next_dagrun for ecommerce_pipeline to 2026-09-27 00:00:00+00:00, run_after=2026-09-28 00:00:00+00:00
[2026-09-27T10:22:37.336+0000] {processor.py:183} INFO - Processing /opt/airflow/dags/ecommerce_pipeline_dag.py took 0.094 seconds
[2026-09-27T10:23:07.677+0000] {processor.py:161} INFO - Started process (PID=477) to work on /opt/airflow/dags/ecommerce_pipeline_dag.py
[2026-09-27T10:23:07.688+0000] {processor.py:830} INFO - Processing file /opt/airflow/dags/ecommerce_pipeline_dag.py for tasks to queue
[2026-09-27T10:23:07.694+0000] {logging_mixin.py:188} INFO - [2026-09-27T10:23:07.694+0000] {dagbag.py:545} INFO - Filling up the DagBag from /opt/airflow/dags/ecommerce_pipeline_dag.py
[2026-09-27T10:23:07.742+0000] {processor.py:840} INFO - DAG(s) 'ecommerce_pipeline' retrieved from /opt/airflow/dags/ecommerce_pipeline_dag.py
[2026-09-27T10:23:07.835+0000] {logging_mixin.py:188} INFO - [2026-09-27T10:23:07.835+0000] {dag.py:3089} INFO - Sync 1 DAGs
[2026-09-27T10:23:07.872+0000] {logging_mixin.py:188} INFO - [2026-09-27T10:23:07.872+0000] {dag.py:3947} INFO - Setting next_dagrun for ecommerce_pipeline to 2026-09-27 00:00:00+00:00, run_after=2026-09-28 00:00:00+00:00
[2026-09-27T10:23:07.891+0000] {processor.py:183} INFO - Processing /opt/airflow/dags/ecommerce_pipeline_dag.py took 0.256 seconds
[2026-09-27T10:23:38.079+0000] {processor.py:161} INFO - Started process (PID=488) to work on /opt/airflow/dags/ecommerce_pipeline_dag.py
[2026-09-27T10:23:38.080+0000] {processor.py:830} INFO - Processing file /opt/airflow/dags/ecommerce_pipeline_dag.py for tasks to queue
[2026-09-27T10:23:38.083+0000] {logging_mixin.py:188} INFO - [2026-09-27T10:23:38.083+0000] {dagbag.py:545} INFO - Filling up the DagBag from /opt/airflow/dags/ecommerce_pipeline_dag.py
[2026-09-27T10:23:38.099+0000] {processor.py:840} INFO - DAG(s) 'ecommerce_pipeline' retrieved from /opt/airflow/dags/ecommerce_pipeline_dag.py
[2026-09-27T10:23:38.141+0000] {logging_mixin.py:188} INFO - [2026-09-27T10:23:38.140+0000] {dag.py:3089} INFO - Sync 1 DAGs
[2026-09-27T10:23:38.158+0000] {logging_mixin.py:188} INFO - [2026-09-27T10:23:38.157+0000] {dag.py:3947} INFO - Setting next_dagrun for ecommerce_pipeline to 2026-09-27 00:00:00+00:00, run_after=2026-09-28 00:00:00+00:00
[2026-09-27T10:23:38.167+0000] {processor.py:183} INFO - Processing /opt/airflow/dags/ecommerce_pipeline_dag.py took 0.098 seconds
[2026-09-27T10:24:08.382+0000] {processor.py:161} INFO - Started process (PID=521) to work on /opt/airflow/dags/ecommerce_pipeline_dag.py
[2026-09-27T10:24:08.384+0000] {processor.py:830} INFO - Processing file /opt/airflow/dags/ecommerce_pipeline_dag.py for tasks to queue
[2026-09-27T10:24:08.386+0000] {logging_mixin.py:188} INFO - [2026-09-27T10:24:08.386+0000] {dagbag.py:545} INFO - Filling up the DagBag from /opt/airflow/dags/ecommerce_pipeline_dag.py
[2026-09-27T10:24:08.398+0000] {processor.py:840} INFO - DAG(s) 'ecommerce_pipeline' retrieved from /opt/airflow/dags/ecommerce_pipeline_dag.py
[2026-09-27T10:24:08.427+0000] {logging_mixin.py:188} INFO - [2026-09-27T10:24:08.427+0000] {dag.py:3089} INFO - Sync 1 DAGs
[2026-09-27T10:24:08.441+0000] {logging_mixin.py:188} INFO - [2026-09-27T10:24:08.441+0000] {dag.py:3947} INFO - Setting next_dagrun for ecommerce_pipeline to 2026-09-27 00:00:00+00:00, run_after=2026-09-28 00:00:00+00:00
[2026-09-27T10:24:08.447+0000] {processor.py:183} INFO - Processing /opt/airflow/dags/ecommerce_pipeline_dag.py took 0.072 seconds
[2026-09-27T10:24:38.776+0000] {processor.py:161} INFO - Started process (PID=532) to work on /opt/airflow/dags/ecommerce_pipeline_dag.py
[2026-09-27T10:24:38.777+0000] {processor.py:830} INFO - Processing file /opt/airflow/dags/ecommerce_pipeline_dag.py for tasks to queue
[2026-09-27T10:24:38.780+0000] {logging_mixin.py:188} INFO - [2026-09-27T10:24:38.780+0000] {dagbag.py:545} INFO - Filling up the DagBag from /opt/airflow/dags/ecommerce_pipeline_dag.py
[2026-09-27T10:24:38.797+0000] {processor.py:840} INFO - DAG(s) 'ecommerce_pipeline' retrieved from /opt/airflow/dags/ecommerce_pipeline_dag.py
[2026-09-27T10:24:38.838+0000] {logging_mixin.py:188} INFO - [2026-09-27T10:24:38.838+0000] {dag.py:3089} INFO - Sync 1 DAGs
[2026-09-27T10:24:38.854+0000] {logging_mixin.py:188} INFO - [2026-09-27T10:24:38.854+0000] {dag.py:3947} INFO - Setting next_dagrun for ecommerce_pipeline to 2026-09-27 00:00:00+00:00, run_after=2026-09-28 00:00:00+00:00
[2026-09-27T10:24:38.863+0000] {processor.py:183} INFO - Processing /opt/airflow/dags/ecommerce_pipeline_dag.py took 0.098 seconds
[2026-09-27T10:25:09.068+0000] {processor.py:161} INFO - Started process (PID=543) to work on /opt/airflow/dags/ecommerce_pipeline_dag.py
[2026-09-27T10:25:09.072+0000] {processor.py:830} INFO - Processing file /opt/airflow/dags/ecommerce_pipeline_dag.py for tasks to queue
[2026-09-27T10:25:09.077+0000] {logging_mixin.py:188} INFO - [2026-09-27T10:25:09.075+0000] {dagbag.py:545} INFO - Filling up the DagBag from /opt/airflow/dags/ecommerce_pipeline_dag.py
[2026-09-27T10:25:09.104+0000] {processor.py:840} INFO - DAG(s) 'ecommerce_pipeline' retrieved from /opt/airflow/dags/ecommerce_pipeline_dag.py
[2026-09-27T10:25:09.170+0000] {logging_mixin.py:188} INFO - [2026-09-27T10:25:09.170+0000] {dag.py:3089} INFO - Sync 1 DAGs
[2026-09-27T10:25:09.199+0000] {logging_mixin.py:188} INFO - [2026-09-27T10:25:09.199+0000] {dag.py:3947} INFO - Setting next_dagrun for ecommerce_pipeline to 2026-09-27 00:00:00+00:00, run_after=2026-09-28 00:00:00+00:00
[2026-09-27T10:25:09.212+0000] {processor.py:183} INFO - Processing /opt/airflow/dags/ecommerce_pipeline_dag.py took 0.170 seconds
[2026-09-27T10:25:39.331+0000] {processor.py:161} INFO - Started process (PID=565) to work on /opt/airflow/dags/ecommerce_pipeline_dag.py
[2026-09-27T10:25:39.339+0000] {processor.py:830} INFO - Processing file /opt/airflow/dags/ecommerce_pipeline_dag.py for tasks to queue
[2026-09-27T10:25:39.346+0000] {logging_mixin.py:188} INFO - [2026-09-27T10:25:39.344+0000] {dagbag.py:545} INFO - Filling up the DagBag from /opt/airflow/dags/ecommerce_pipeline_dag.py
[2026-09-27T10:25:39.367+0000] {processor.py:840} INFO - DAG(s) 'ecommerce_pipeline' retrieved from /opt/airflow/dags/ecommerce_pipeline_dag.py
[2026-09-27T10:25:39.415+0000] {logging_mixin.py:188} INFO - [2026-09-27T10:25:39.415+0000] {dag.py:3089} INFO - Sync 1 DAGs
[2026-09-27T10:25:39.433+0000] {logging_mixin.py:188} INFO - [2026-09-27T10:25:39.432+0000] {dag.py:3947} INFO - Setting next_dagrun for ecommerce_pipeline to 2026-09-27 00:00:00+00:00, run_after=2026-09-28 00:00:00+00:00
[2026-09-27T10:25:39.442+0000] {processor.py:183} INFO - Processing /opt/airflow/dags/ecommerce_pipeline_dag.py took 0.126 seconds
[2026-09-27T10:26:09.766+0000] {processor.py:161} INFO - Started process (PID=587) to work on /opt/airflow/dags/ecommerce_pipeline_dag.py
[2026-09-27T10:26:09.768+0000] {processor.py:830} INFO - Processing file /opt/airflow/dags/ecommerce_pipeline_dag.py for tasks to queue
[2026-09-27T10:26:09.772+0000] {logging_mixin.py:188} INFO - [2026-09-27T10:26:09.771+0000] {dagbag.py:545} INFO - Filling up the DagBag from /opt/airflow/dags/ecommerce_pipeline_dag.py
[2026-09-27T10:26:09.790+0000] {processor.py:840} INFO - DAG(s) 'ecommerce_pipeline' retrieved from /opt/airflow/dags/ecommerce_pipeline_dag.py
[2026-09-27T10:26:09.817+0000] {logging_mixin.py:188} INFO - [2026-09-27T10:26:09.817+0000] {dag.py:3089} INFO - Sync 1 DAGs
[2026-09-27T10:26:09.844+0000] {logging_mixin.py:188} INFO - [2026-09-27T10:26:09.844+0000] {dag.py:3947} INFO - Setting next_dagrun for ecommerce_pipeline to 2026-09-27 00:00:00+00:00, run_after=2026-09-28 00:00:00+00:00
[2026-09-27T10:26:09.855+0000] {processor.py:183} INFO - Processing /opt/airflow/dags/ecommerce_pipeline_dag.py took 0.116 seconds
[2026-09-27T10:26:40.008+0000] {processor.py:161} INFO - Started process (PID=598) to work on /opt/airflow/dags/ecommerce_pipeline_dag.py
[2026-09-27T10:26:40.009+0000] {processor.py:830} INFO - Processing file /opt/airflow/dags/ecommerce_pipeline_dag.py for tasks to queue
[2026-09-27T10:26:40.012+0000] {logging_mixin.py:188} INFO - [2026-09-27T10:26:40.011+0000] {dagbag.py:545} INFO - Filling up the DagBag from /opt/airflow/dags/ecommerce_pipeline_dag.py
[2026-09-27T10:26:40.037+0000] {processor.py:840} INFO - DAG(s) 'ecommerce_pipeline' retrieved from /opt/airflow/dags/ecommerce_pipeline_dag.py
[2026-09-27T10:26:40.080+0000] {logging_mixin.py:188} INFO - [2026-09-27T10:26:40.080+0000] {dag.py:3089} INFO - Sync 1 DAGs
[2026-09-27T10:26:40.104+0000] {logging_mixin.py:188} INFO - [2026-09-27T10:26:40.104+0000] {dag.py:3947} INFO - Setting next_dagrun for ecommerce_pipeline to 2026-09-27 00:00:00+00:00, run_after=2026-09-28 00:00:00+00:00
[2026-09-27T10:26:40.113+0000] {processor.py:183} INFO - Processing /opt/airflow/dags/ecommerce_pipeline_dag.py took 0.116 seconds
[2026-09-27T10:27:10.336+0000] {processor.py:161} INFO - Started process (PID=609) to work on /opt/airflow/dags/ecommerce_pipeline_dag.py
[2026-09-27T10:27:10.338+0000] {processor.py:830} INFO - Processing file /opt/airflow/dags/ecommerce_pipeline_dag.py for tasks to queue
[2026-09-27T10:27:10.343+0000] {logging_mixin.py:188} INFO - [2026-09-27T10:27:10.342+0000] {dagbag.py:545} INFO - Filling up the DagBag from /opt/airflow/dags/ecommerce_pipeline_dag.py
[2026-09-27T10:27:10.364+0000] {processor.py:840} INFO - DAG(s) 'ecommerce_pipeline' retrieved from /opt/airflow/dags/ecommerce_pipeline_dag.py
[2026-09-27T10:27:10.401+0000] {logging_mixin.py:188} INFO - [2026-09-27T10:27:10.401+0000] {dag.py:3089} INFO - Sync 1 DAGs
[2026-09-27T10:27:10.414+0000] {logging_mixin.py:188} INFO - [2026-09-27T10:27:10.413+0000] {dag.py:3947} INFO - Setting next_dagrun for ecommerce_pipeline to 2026-09-27 00:00:00+00:00, run_after=2026-09-28 00:00:00+00:00
[2026-09-27T10:27:10.422+0000] {processor.py:183} INFO - Processing /opt/airflow/dags/ecommerce_pipeline_dag.py took 0.096 seconds
[2026-09-27T10:27:40.685+0000] {processor.py:161} INFO - Started process (PID=631) to work on /opt/airflow/dags/ecommerce_pipeline_dag.py
[2026-09-27T10:27:40.688+0000] {processor.py:830} INFO - Processing file /opt/airflow/dags/ecommerce_pipeline_dag.py for tasks to queue
[2026-09-27T10:27:40.695+0000] {logging_mixin.py:188} INFO - [2026-09-27T10:27:40.692+0000] {dagbag.py:545} INFO - Filling up the DagBag from /opt/airflow/dags/ecommerce_pipeline_dag.py
[2026-09-27T10:27:40.722+0000] {processor.py:840} INFO - DAG(s) 'ecommerce_pipeline' retrieved from /opt/airflow/dags/ecommerce_pipeline_dag.py
[2026-09-27T10:27:40.773+0000] {logging_mixin.py:188} INFO - [2026-09-27T10:27:40.773+0000] {dag.py:3089} INFO - Sync 1 DAGs
[2026-09-27T10:27:40.795+0000] {logging_mixin.py:188} INFO - [2026-09-27T10:27:40.795+0000] {dag.py:3947} INFO - Setting next_dagrun for ecommerce_pipeline to 2026-09-27 00:00:00+00:00, run_after=2026-09-28 00:00:00+00:00
[2026-09-27T10:27:40.805+0000] {processor.py:183} INFO - Processing /opt/airflow/dags/ecommerce_pipeline_dag.py took 0.130 seconds
[2026-09-27T10:28:11.025+0000] {processor.py:161} INFO - Started process (PID=642) to work on /opt/airflow/dags/ecommerce_pipeline_dag.py
[2026-09-27T10:28:11.027+0000] {processor.py:830} INFO - Processing file /opt/airflow/dags/ecommerce_pipeline_dag.py for tasks to queue
[2026-09-27T10:28:11.030+0000] {logging_mixin.py:188} INFO - [2026-09-27T10:28:11.029+0000] {dagbag.py:545} INFO - Filling up the DagBag from /opt/airflow/dags/ecommerce_pipeline_dag.py
[2026-09-27T10:28:11.048+0000] {processor.py:840} INFO - DAG(s) 'ecommerce_pipeline' retrieved from /opt/airflow/dags/ecommerce_pipeline_dag.py
[2026-09-27T10:28:11.110+0000] {logging_mixin.py:188} INFO - [2026-09-27T10:28:11.110+0000] {dag.py:3089} INFO - Sync 1 DAGs
[2026-09-27T10:28:11.144+0000] {logging_mixin.py:188} INFO - [2026-09-27T10:28:11.144+0000] {dag.py:3947} INFO - Setting next_dagrun for ecommerce_pipeline to 2026-09-27 00:00:00+00:00, run_after=2026-09-28 00:00:00+00:00
[2026-09-27T10:28:11.180+0000] {processor.py:183} INFO - Processing /opt/airflow/dags/ecommerce_pipeline_dag.py took 0.163 seconds
[2026-09-27T10:28:41.318+0000] {processor.py:161} INFO - Started process (PID=653) to work on /opt/airflow/dags/ecommerce_pipeline_dag.py
[2026-09-27T10:28:41.320+0000] {processor.py:830} INFO - Processing file /opt/airflow/dags/ecommerce_pipeline_dag.py for tasks to queue
[2026-09-27T10:28:41.322+0000] {logging_mixin.py:188} INFO - [2026-09-27T10:28:41.322+0000] {dagbag.py:545} INFO - Filling up the DagBag from /opt/airflow/dags/ecommerce_pipeline_dag.py
[2026-09-27T10:28:41.356+0000] {processor.py:840} INFO - DAG(s) 'ecommerce_pipeline' retrieved from /opt/airflow/dags/ecommerce_pipeline_dag.py
[2026-09-27T10:28:41.390+0000] {logging_mixin.py:188} INFO - [2026-09-27T10:28:41.390+0000] {dag.py:3089} INFO - Sync 1 DAGs
[2026-09-27T10:28:41.409+0000] {logging_mixin.py:188} INFO - [2026-09-27T10:28:41.409+0000] {dag.py:3947} INFO - Setting next_dagrun for ecommerce_pipeline to 2026-09-27 00:00:00+00:00, run_after=2026-09-28 00:00:00+00:00
[2026-09-27T10:28:41.417+0000] {processor.py:183} INFO - Processing /opt/airflow/dags/ecommerce_pipeline_dag.py took 0.107 seconds
[2026-09-27T10:29:11.747+0000] {processor.py:161} INFO - Started process (PID=686) to work on /opt/airflow/dags/ecommerce_pipeline_dag.py
[2026-09-27T10:29:11.749+0000] {processor.py:830} INFO - Processing file /opt/airflow/dags/ecommerce_pipeline_dag.py for tasks to queue
[2026-09-27T10:29:11.751+0000] {logging_mixin.py:188} INFO - [2026-09-27T10:29:11.751+0000] {dagbag.py:545} INFO - Filling up the DagBag from /opt/airflow/dags/ecommerce_pipeline_dag.py
[2026-09-27T10:29:11.764+0000] {processor.py:840} INFO - DAG(s) 'ecommerce_pipeline' retrieved from /opt/airflow/dags/ecommerce_pipeline_dag.py
[2026-09-27T10:29:11.814+0000] {logging_mixin.py:188} INFO - [2026-09-27T10:29:11.814+0000] {dag.py:3089} INFO - Sync 1 DAGs
[2026-09-27T10:29:11.836+0000] {logging_mixin.py:188} INFO - [2026-09-27T10:29:11.836+0000] {dag.py:3947} INFO - Setting next_dagrun for ecommerce_pipeline to 2026-09-27 00:00:00+00:00, run_after=2026-09-28 00:00:00+00:00
[2026-09-27T10:29:11.846+0000] {processor.py:183} INFO - Processing /opt/airflow/dags/ecommerce_pipeline_dag.py took 0.104 seconds
[2026-09-27T10:29:42.196+0000] {processor.py:161} INFO - Started process (PID=697) to work on /opt/airflow/dags/ecommerce_pipeline_dag.py
[2026-09-27T10:29:42.197+0000] {processor.py:830} INFO - Processing file /opt/airflow/dags/ecommerce_pipeline_dag.py for tasks to queue
[2026-09-27T10:29:42.201+0000] {logging_mixin.py:188} INFO - [2026-09-27T10:29:42.201+0000] {dagbag.py:545} INFO - Filling up the DagBag from /opt/airflow/dags/ecommerce_pipeline_dag.py
[2026-09-27T10:29:42.220+0000] {processor.py:840} INFO - DAG(s) 'ecommerce_pipeline' retrieved from /opt/airflow/dags/ecommerce_pipeline_dag.py
[2026-09-27T10:29:42.268+0000] {logging_mixin.py:188} INFO - [2026-09-27T10:29:42.268+0000] {dag.py:3089} INFO - Sync 1 DAGs
[2026-09-27T10:29:42.286+0000] {logging_mixin.py:188} INFO - [2026-09-27T10:29:42.286+0000] {dag.py:3947} INFO - Setting next_dagrun for ecommerce_pipeline to 2026-09-27 00:00:00+00:00, run_after=2026-09-28 00:00:00+00:00
[2026-09-27T10:29:42.295+0000] {processor.py:183} INFO - Processing /opt/airflow/dags/ecommerce_pipeline_dag.py took 0.118 seconds
[2026-09-27T10:30:12.592+0000] {processor.py:161} INFO - Started process (PID=708) to work on /opt/airflow/dags/ecommerce_pipeline_dag.py
[2026-09-27T10:30:12.593+0000] {processor.py:830} INFO - Processing file /opt/airflow/dags/ecommerce_pipeline_dag.py for tasks to queue
[2026-09-27T10:30:12.606+0000] {logging_mixin.py:188} INFO - [2026-09-27T10:30:12.603+0000] {dagbag.py:545} INFO - Filling up the DagBag from /opt/airflow/dags/ecommerce_pipeline_dag.py
[2026-09-27T10:30:12.631+0000] {processor.py:840} INFO - DAG(s) 'ecommerce_pipeline' retrieved from /opt/airflow/dags/ecommerce_pipeline_dag.py
[2026-09-27T10:30:12.664+0000] {logging_mixin.py:188} INFO - [2026-09-27T10:30:12.663+0000] {dag.py:3089} INFO - Sync 1 DAGs
[2026-09-27T10:30:12.690+0000] {logging_mixin.py:188} INFO - [2026-09-27T10:30:12.690+0000] {dag.py:3947} INFO - Setting next_dagrun for ecommerce_pipeline to 2026-09-27 00:00:00+00:00, run_after=2026-09-28 00:00:00+00:00
[2026-09-27T10:30:12.706+0000] {processor.py:183} INFO - Processing /opt/airflow/dags/ecommerce_pipeline_dag.py took 0.124 seconds
[2026-09-27T10:30:42.855+0000] {processor.py:161} INFO - Started process (PID=730) to work on /opt/airflow/dags/ecommerce_pipeline_dag.py
[2026-09-27T10:30:42.857+0000] {processor.py:830} INFO - Processing file /opt/airflow/dags/ecommerce_pipeline_dag.py for tasks to queue
[2026-09-27T10:30:42.861+0000] {logging_mixin.py:188} INFO - [2026-09-27T10:30:42.861+0000] {dagbag.py:545} INFO - Filling up the DagBag from /opt/airflow/dags/ecommerce_pipeline_dag.py
[2026-09-27T10:30:42.888+0000] {processor.py:840} INFO - DAG(s) 'ecommerce_pipeline' retrieved from /opt/airflow/dags/ecommerce_pipeline_dag.py
[2026-09-27T10:30:42.915+0000] {logging_mixin.py:188} INFO - [2026-09-27T10:30:42.915+0000] {dag.py:3089} INFO - Sync 1 DAGs
[2026-09-27T10:30:42.930+0000] {logging_mixin.py:188} INFO - [2026-09-27T10:30:42.930+0000] {dag.py:3947} INFO - Setting next_dagrun for ecommerce_pipeline to 2026-09-27 00:00:00+00:00, run_after=2026-09-28 00:00:00+00:00
[2026-09-27T10:30:42.949+0000] {processor.py:183} INFO - Processing /opt/airflow/dags/ecommerce_pipeline_dag.py took 0.103 seconds
[2026-09-27T10:31:13.173+0000] {processor.py:161} INFO - Started process (PID=752) to work on /opt/airflow/dags/ecommerce_pipeline_dag.py
[2026-09-27T10:31:13.176+0000] {processor.py:830} INFO - Processing file /opt/airflow/dags/ecommerce_pipeline_dag.py for tasks to queue
[2026-09-27T10:31:13.181+0000] {logging_mixin.py:188} INFO - [2026-09-27T10:31:13.180+0000] {dagbag.py:545} INFO - Filling up the DagBag from /opt/airflow/dags/ecommerce_pipeline_dag.py
[2026-09-27T10:31:13.212+0000] {processor.py:840} INFO - DAG(s) 'ecommerce_pipeline' retrieved from /opt/airflow/dags/ecommerce_pipeline_dag.py
[2026-09-27T10:31:13.249+0000] {logging_mixin.py:188} INFO - [2026-09-27T10:31:13.248+0000] {dag.py:3089} INFO - Sync 1 DAGs
[2026-09-27T10:31:13.269+0000] {logging_mixin.py:188} INFO - [2026-09-27T10:31:13.269+0000] {dag.py:3947} INFO - Setting next_dagrun for ecommerce_pipeline to 2026-09-27 00:00:00+00:00, run_after=2026-09-28 00:00:00+00:00
[2026-09-27T10:31:13.279+0000] {processor.py:183} INFO - Processing /opt/airflow/dags/ecommerce_pipeline_dag.py took 0.118 seconds
[2026-09-27T10:31:43.433+0000] {processor.py:161} INFO - Started process (PID=763) to work on /opt/airflow/dags/ecommerce_pipeline_dag.py
[2026-09-27T10:31:43.437+0000] {processor.py:830} INFO - Processing file /opt/airflow/dags/ecommerce_pipeline_dag.py for tasks to queue
[2026-09-27T10:31:43.449+0000] {logging_mixin.py:188} INFO - [2026-09-27T10:31:43.442+0000] {dagbag.py:545} INFO - Filling up the DagBag from /opt/airflow/dags/ecommerce_pipeline_dag.py
[2026-09-27T10:31:43.474+0000] {processor.py:840} INFO - DAG(s) 'ecommerce_pipeline' retrieved from /opt/airflow/dags/ecommerce_pipeline_dag.py
[2026-09-27T10:31:43.505+0000] {logging_mixin.py:188} INFO - [2026-09-27T10:31:43.505+0000] {dag.py:3089} INFO - Sync 1 DAGs
[2026-09-27T10:31:43.520+0000] {logging_mixin.py:188} INFO - [2026-09-27T10:31:43.520+0000] {dag.py:3947} INFO - Setting next_dagrun for ecommerce_pipeline to 2026-09-27 00:00:00+00:00, run_after=2026-09-28 00:00:00+00:00
[2026-09-27T10:31:43.541+0000] {processor.py:183} INFO - Processing /opt/airflow/dags/ecommerce_pipeline_dag.py took 0.119 seconds
[2026-09-27T10:32:13.742+0000] {processor.py:161} INFO - Started process (PID=774) to work on /opt/airflow/dags/ecommerce_pipeline_dag.py
[2026-09-27T10:32:13.747+0000] {processor.py:830} INFO - Processing file /opt/airflow/dags/ecommerce_pipeline_dag.py for tasks to queue
[2026-09-27T10:32:13.753+0000] {logging_mixin.py:188} INFO - [2026-09-27T10:32:13.751+0000] {dagbag.py:545} INFO - Filling up the DagBag from /opt/airflow/dags/ecommerce_pipeline_dag.py
[2026-09-27T10:32:13.788+0000] {processor.py:840} INFO - DAG(s) 'ecommerce_pipeline' retrieved from /opt/airflow/dags/ecommerce_pipeline_dag.py
[2026-09-27T10:32:13.820+0000] {logging_mixin.py:188} INFO - [2026-09-27T10:32:13.820+0000] {dag.py:3089} INFO - Sync 1 DAGs
[2026-09-27T10:32:13.837+0000] {logging_mixin.py:188} INFO - [2026-09-27T10:32:13.837+0000] {dag.py:3947} INFO - Setting next_dagrun for ecommerce_pipeline to 2026-09-27 00:00:00+00:00, run_after=2026-09-28 00:00:00+00:00
[2026-09-27T10:32:13.855+0000] {processor.py:183} INFO - Processing /opt/airflow/dags/ecommerce_pipeline_dag.py took 0.123 seconds
[2026-09-27T10:32:44.031+0000] {processor.py:161} INFO - Started process (PID=785) to work on /opt/airflow/dags/ecommerce_pipeline_dag.py
[2026-09-27T10:32:44.033+0000] {processor.py:830} INFO - Processing file /opt/airflow/dags/ecommerce_pipeline_dag.py for tasks to queue
[2026-09-27T10:32:44.036+0000] {logging_mixin.py:188} INFO - [2026-09-27T10:32:44.035+0000] {dagbag.py:545} INFO - Filling up the DagBag from /opt/airflow/dags/ecommerce_pipeline_dag.py
[2026-09-27T10:32:44.051+0000] {processor.py:840} INFO - DAG(s) 'ecommerce_pipeline' retrieved from /opt/airflow/dags/ecommerce_pipeline_dag.py
[2026-09-27T10:32:44.081+0000] {logging_mixin.py:188} INFO - [2026-09-27T10:32:44.080+0000] {dag.py:3089} INFO - Sync 1 DAGs
[2026-09-27T10:32:44.097+0000] {logging_mixin.py:188} INFO - [2026-09-27T10:32:44.097+0000] {dag.py:3947} INFO - Setting next_dagrun for ecommerce_pipeline to 2026-09-27 00:00:00+00:00, run_after=2026-09-28 00:00:00+00:00
[2026-09-27T10:32:44.115+0000] {processor.py:183} INFO - Processing /opt/airflow/dags/ecommerce_pipeline_dag.py took 0.112 seconds
[2026-09-27T10:33:14.376+0000] {processor.py:161} INFO - Started process (PID=796) to work on /opt/airflow/dags/ecommerce_pipeline_dag.py
[2026-09-27T10:33:14.378+0000] {processor.py:830} INFO - Processing file /opt/airflow/dags/ecommerce_pipeline_dag.py for tasks to queue
[2026-09-27T10:33:14.381+0000] {logging_mixin.py:188} INFO - [2026-09-27T10:33:14.381+0000] {dagbag.py:545} INFO - Filling up the DagBag from /opt/airflow/dags/ecommerce_pipeline_dag.py
[2026-09-27T10:33:14.408+0000] {processor.py:840} INFO - DAG(s) 'ecommerce_pipeline' retrieved from /opt/airflow/dags/ecommerce_pipeline_dag.py
[2026-09-27T10:33:14.450+0000] {logging_mixin.py:188} INFO - [2026-09-27T10:33:14.450+0000] {dag.py:3089} INFO - Sync 1 DAGs
[2026-09-27T10:33:14.469+0000] {logging_mixin.py:188} INFO - [2026-09-27T10:33:14.469+0000] {dag.py:3947} INFO - Setting next_dagrun for ecommerce_pipeline to 2026-09-27 00:00:00+00:00, run_after=2026-09-28 00:00:00+00:00
[2026-09-27T10:33:14.478+0000] {processor.py:183} INFO - Processing /opt/airflow/dags/ecommerce_pipeline_dag.py took 0.111 seconds
[2026-09-27T10:33:44.688+0000] {processor.py:161} INFO - Started process (PID=807) to work on /opt/airflow/dags/ecommerce_pipeline_dag.py
[2026-09-27T10:33:44.693+0000] {processor.py:830} INFO - Processing file /opt/airflow/dags/ecommerce_pipeline_dag.py for tasks to queue
[2026-09-27T10:33:44.700+0000] {logging_mixin.py:188} INFO - [2026-09-27T10:33:44.697+0000] {dagbag.py:545} INFO - Filling up the DagBag from /opt/airflow/dags/ecommerce_pipeline_dag.py
[2026-09-27T10:33:44.725+0000] {processor.py:840} INFO - DAG(s) 'ecommerce_pipeline' retrieved from /opt/airflow/dags/ecommerce_pipeline_dag.py
[2026-09-27T10:33:44.756+0000] {logging_mixin.py:188} INFO - [2026-09-27T10:33:44.756+0000] {dag.py:3089} INFO - Sync 1 DAGs
[2026-09-27T10:33:44.782+0000] {logging_mixin.py:188} INFO - [2026-09-27T10:33:44.781+0000] {dag.py:3947} INFO - Setting next_dagrun for ecommerce_pipeline to 2026-09-27 00:00:00+00:00, run_after=2026-09-28 00:00:00+00:00
[2026-09-27T10:33:44.794+0000] {processor.py:183} INFO - Processing /opt/airflow/dags/ecommerce_pipeline_dag.py took 0.115 seconds
[2026-09-27T10:34:14.996+0000] {processor.py:161} INFO - Started process (PID=818) to work on /opt/airflow/dags/ecommerce_pipeline_dag.py
[2026-09-27T10:34:14.998+0000] {processor.py:830} INFO - Processing file /opt/airflow/dags/ecommerce_pipeline_dag.py for tasks to queue
[2026-09-27T10:34:15.003+0000] {logging_mixin.py:188} INFO - [2026-09-27T10:34:15.002+0000] {dagbag.py:545} INFO - Filling up the DagBag from /opt/airflow/dags/ecommerce_pipeline_dag.py
[2026-09-27T10:34:15.022+0000] {processor.py:840} INFO - DAG(s) 'ecommerce_pipeline' retrieved from /opt/airflow/dags/ecommerce_pipeline_dag.py
[2026-09-27T10:34:15.069+0000] {logging_mixin.py:188} INFO - [2026-09-27T10:34:15.069+0000] {dag.py:3089} INFO - Sync 1 DAGs
[2026-09-27T10:34:15.086+0000] {logging_mixin.py:188} INFO - [2026-09-27T10:34:15.086+0000] {dag.py:3947} INFO - Setting next_dagrun for ecommerce_pipeline to 2026-09-27 00:00:00+00:00, run_after=2026-09-28 00:00:00+00:00
[2026-09-27T10:34:15.095+0000] {processor.py:183} INFO - Processing /opt/airflow/dags/ecommerce_pipeline_dag.py took 0.109 seconds
[2026-09-27T10:34:45.317+0000] {processor.py:161} INFO - Started process (PID=829) to work on /opt/airflow/dags/ecommerce_pipeline_dag.py
[2026-09-27T10:34:45.320+0000] {processor.py:830} INFO - Processing file /opt/airflow/dags/ecommerce_pipeline_dag.py for tasks to queue
[2026-09-27T10:34:45.323+0000] {logging_mixin.py:188} INFO - [2026-09-27T10:34:45.322+0000] {dagbag.py:545} INFO - Filling up the DagBag from /opt/airflow/dags/ecommerce_pipeline_dag.py
[2026-09-27T10:34:45.343+0000] {processor.py:840} INFO - DAG(s) 'ecommerce_pipeline' retrieved from /opt/airflow/dags/ecommerce_pipeline_dag.py
[2026-09-27T10:34:45.382+0000] {logging_mixin.py:188} INFO - [2026-09-27T10:34:45.382+0000] {dag.py:3089} INFO - Sync 1 DAGs
[2026-09-27T10:34:45.399+0000] {logging_mixin.py:188} INFO - [2026-09-27T10:34:45.399+0000] {dag.py:3947} INFO - Setting next_dagrun for ecommerce_pipeline to 2026-09-27 00:00:00+00:00, run_after=2026-09-28 00:00:00+00:00
[2026-09-27T10:34:45.409+0000] {processor.py:183} INFO - Processing /opt/airflow/dags/ecommerce_pipeline_dag.py took 0.102 seconds
[2026-09-27T10:35:15.618+0000] {processor.py:161} INFO - Started process (PID=840) to work on /opt/airflow/dags/ecommerce_pipeline_dag.py
[2026-09-27T10:35:15.625+0000] {processor.py:830} INFO - Processing file /opt/airflow/dags/ecommerce_pipeline_dag.py for tasks to queue
[2026-09-27T10:35:15.629+0000] {logging_mixin.py:188} INFO - [2026-09-27T10:35:15.628+0000] {dagbag.py:545} INFO - Filling up the DagBag from /opt/airflow/dags/ecommerce_pipeline_dag.py
[2026-09-27T10:35:15.650+0000] {processor.py:840} INFO - DAG(s) 'ecommerce_pipeline' retrieved from /opt/airflow/dags/ecommerce_pipeline_dag.py
[2026-09-27T10:35:15.679+0000] {logging_mixin.py:188} INFO - [2026-09-27T10:35:15.679+0000] {dag.py:3089} INFO - Sync 1 DAGs
[2026-09-27T10:35:15.706+0000] {logging_mixin.py:188} INFO - [2026-09-27T10:35:15.706+0000] {dag.py:3947} INFO - Setting next_dagrun for ecommerce_pipeline to 2026-09-27 00:00:00+00:00, run_after=2026-09-28 00:00:00+00:00
[2026-09-27T10:35:15.717+0000] {processor.py:183} INFO - Processing /opt/airflow/dags/ecommerce_pipeline_dag.py took 0.125 seconds
[2026-09-27T10:35:45.897+0000] {processor.py:161} INFO - Started process (PID=850) to work on /opt/airflow/dags/ecommerce_pipeline_dag.py
[2026-09-27T10:35:45.900+0000] {processor.py:830} INFO - Processing file /opt/airflow/dags/ecommerce_pipeline_dag.py for tasks to queue
[2026-09-27T10:35:45.902+0000] {logging_mixin.py:188} INFO - [2026-09-27T10:35:45.902+0000] {dagbag.py:545} INFO - Filling up the DagBag from /opt/airflow/dags/ecommerce_pipeline_dag.py
[2026-09-27T10:35:45.932+0000] {processor.py:840} INFO - DAG(s) 'ecommerce_pipeline' retrieved from /opt/airflow/dags/ecommerce_pipeline_dag.py
[2026-09-27T10:35:45.971+0000] {logging_mixin.py:188} INFO - [2026-09-27T10:35:45.971+0000] {dag.py:3089} INFO - Sync 1 DAGs
[2026-09-27T10:35:45.987+0000] {logging_mixin.py:188} INFO - [2026-09-27T10:35:45.987+0000] {dag.py:3947} INFO - Setting next_dagrun for ecommerce_pipeline to 2026-09-27 00:00:00+00:00, run_after=2026-09-28 00:00:00+00:00
[2026-09-27T10:35:45.997+0000] {processor.py:183} INFO - Processing /opt/airflow/dags/ecommerce_pipeline_dag.py took 0.110 seconds
[2026-09-27T10:36:16.342+0000] {processor.py:161} INFO - Started process (PID=861) to work on /opt/airflow/dags/ecommerce_pipeline_dag.py
[2026-09-27T10:36:16.344+0000] {processor.py:830} INFO - Processing file /opt/airflow/dags/ecommerce_pipeline_dag.py for tasks to queue
[2026-09-27T10:36:16.351+0000] {logging_mixin.py:188} INFO - [2026-09-27T10:36:16.350+0000] {dagbag.py:545} INFO - Filling up the DagBag from /opt/airflow/dags/ecommerce_pipeline_dag.py
[2026-09-27T10:36:16.398+0000] {processor.py:840} INFO - DAG(s) 'ecommerce_pipeline' retrieved from /opt/airflow/dags/ecommerce_pipeline_dag.py
[2026-09-27T10:36:16.448+0000] {logging_mixin.py:188} INFO - [2026-09-27T10:36:16.448+0000] {dag.py:3089} INFO - Sync 1 DAGs
[2026-09-27T10:36:16.472+0000] {logging_mixin.py:188} INFO - [2026-09-27T10:36:16.472+0000] {dag.py:3947} INFO - Setting next_dagrun for ecommerce_pipeline to 2026-09-27 00:00:00+00:00, run_after=2026-09-28 00:00:00+00:00
[2026-09-27T10:36:16.486+0000] {processor.py:183} INFO - Processing /opt/airflow/dags/ecommerce_pipeline_dag.py took 0.166 seconds
[2026-09-27T10:44:13.868+0000] {processor.py:161} INFO - Started process (PID=866) to work on /opt/airflow/dags/ecommerce_pipeline_dag.py
[2026-09-27T10:44:13.869+0000] {processor.py:830} INFO - Processing file /opt/airflow/dags/ecommerce_pipeline_dag.py for tasks to queue
[2026-09-27T10:44:13.870+0000] {logging_mixin.py:188} INFO - [2026-09-27T10:44:13.869+0000] {dagbag.py:545} INFO - Filling up the DagBag from /opt/airflow/dags/ecommerce_pipeline_dag.py
[2026-09-27T10:44:13.878+0000] {processor.py:840} INFO - DAG(s) 'ecommerce_pipeline' retrieved from /opt/airflow/dags/ecommerce_pipeline_dag.py
[2026-09-27T10:44:13.901+0000] {logging_mixin.py:188} INFO - [2026-09-27T10:44:13.901+0000] {dag.py:3089} INFO - Sync 1 DAGs
[2026-09-27T10:44:13.912+0000] {logging_mixin.py:188} INFO - [2026-09-27T10:44:13.911+0000] {dag.py:3947} INFO - Setting next_dagrun for ecommerce_pipeline to 2026-09-27 00:00:00+00:00, run_after=2026-09-28 00:00:00+00:00
[2026-09-27T10:44:13.918+0000] {processor.py:183} INFO - Processing /opt/airflow/dags/ecommerce_pipeline_dag.py took 0.062 seconds
[2026-09-27T10:44:44.275+0000] {processor.py:161} INFO - Started process (PID=877) to work on /opt/airflow/dags/ecommerce_pipeline_dag.py
[2026-09-27T10:44:44.277+0000] {processor.py:830} INFO - Processing file /opt/airflow/dags/ecommerce_pipeline_dag.py for tasks to queue
[2026-09-27T10:44:44.280+0000] {logging_mixin.py:188} INFO - [2026-09-27T10:44:44.280+0000] {dagbag.py:545} INFO - Filling up the DagBag from /opt/airflow/dags/ecommerce_pipeline_dag.py
[2026-09-27T10:44:44.299+0000] {processor.py:840} INFO - DAG(s) 'ecommerce_pipeline' retrieved from /opt/airflow/dags/ecommerce_pipeline_dag.py
[2026-09-27T10:44:44.352+0000] {logging_mixin.py:188} INFO - [2026-09-27T10:44:44.352+0000] {dag.py:3089} INFO - Sync 1 DAGs
[2026-09-27T10:44:44.370+0000] {logging_mixin.py:188} INFO - [2026-09-27T10:44:44.370+0000] {dag.py:3947} INFO - Setting next_dagrun for ecommerce_pipeline to 2026-09-27 00:00:00+00:00, run_after=2026-09-28 00:00:00+00:00
[2026-09-27T10:44:44.382+0000] {processor.py:183} INFO - Processing /opt/airflow/dags/ecommerce_pipeline_dag.py took 0.128 seconds
[2026-09-27T10:45:14.535+0000] {processor.py:161} INFO - Started process (PID=888) to work on /opt/airflow/dags/ecommerce_pipeline_dag.py
[2026-09-27T10:45:14.537+0000] {processor.py:830} INFO - Processing file /opt/airflow/dags/ecommerce_pipeline_dag.py for tasks to queue
[2026-09-27T10:45:14.540+0000] {logging_mixin.py:188} INFO - [2026-09-27T10:45:14.539+0000] {dagbag.py:545} INFO - Filling up the DagBag from /opt/airflow/dags/ecommerce_pipeline_dag.py
[2026-09-27T10:45:14.559+0000] {processor.py:840} INFO - DAG(s) 'ecommerce_pipeline' retrieved from /opt/airflow/dags/ecommerce_pipeline_dag.py
[2026-09-27T10:45:14.597+0000] {logging_mixin.py:188} INFO - [2026-09-27T10:45:14.596+0000] {dag.py:3089} INFO - Sync 1 DAGs
[2026-09-27T10:45:14.611+0000] {logging_mixin.py:188} INFO - [2026-09-27T10:45:14.611+0000] {dag.py:3947} INFO - Setting next_dagrun for ecommerce_pipeline to 2026-09-27 00:00:00+00:00, run_after=2026-09-28 00:00:00+00:00
[2026-09-27T10:45:14.621+0000] {processor.py:183} INFO - Processing /opt/airflow/dags/ecommerce_pipeline_dag.py took 0.095 seconds
[2026-09-27T10:45:44.869+0000] {processor.py:161} INFO - Started process (PID=899) to work on /opt/airflow/dags/ecommerce_pipeline_dag.py
[2026-09-27T10:45:44.870+0000] {processor.py:830} INFO - Processing file /opt/airflow/dags/ecommerce_pipeline_dag.py for tasks to queue
[2026-09-27T10:45:44.875+0000] {logging_mixin.py:188} INFO - [2026-09-27T10:45:44.873+0000] {dagbag.py:545} INFO - Filling up the DagBag from /opt/airflow/dags/ecommerce_pipeline_dag.py
[2026-09-27T10:45:44.895+0000] {processor.py:840} INFO - DAG(s) 'ecommerce_pipeline' retrieved from /opt/airflow/dags/ecommerce_pipeline_dag.py
[2026-09-27T10:45:44.925+0000] {logging_mixin.py:188} INFO - [2026-09-27T10:45:44.925+0000] {dag.py:3089} INFO - Sync 1 DAGs
[2026-09-27T10:45:44.949+0000] {logging_mixin.py:188} INFO - [2026-09-27T10:45:44.948+0000] {dag.py:3947} INFO - Setting next_dagrun for ecommerce_pipeline to 2026-09-27 00:00:00+00:00, run_after=2026-09-28 00:00:00+00:00
[2026-09-27T10:45:44.964+0000] {processor.py:183} INFO - Processing /opt/airflow/dags/ecommerce_pipeline_dag.py took 0.104 seconds
[2026-09-27T10:46:09.057+0000] {processor.py:161} INFO - Started process (PID=164) to work on /opt/airflow/dags/ecommerce_pipeline_dag.py
[2026-09-27T10:46:09.059+0000] {processor.py:830} INFO - Processing file /opt/airflow/dags/ecommerce_pipeline_dag.py for tasks to queue
[2026-09-27T10:46:09.062+0000] {logging_mixin.py:188} INFO - [2026-09-27T10:46:09.061+0000] {dagbag.py:545} INFO - Filling up the DagBag from /opt/airflow/dags/ecommerce_pipeline_dag.py
[2026-09-27T10:46:09.086+0000] {processor.py:840} INFO - DAG(s) 'ecommerce_pipeline' retrieved from /opt/airflow/dags/ecommerce_pipeline_dag.py
[2026-09-27T10:46:09.139+0000] {logging_mixin.py:188} INFO - [2026-09-27T10:46:09.138+0000] {dag.py:3089} INFO - Sync 1 DAGs
[2026-09-27T10:46:09.202+0000] {logging_mixin.py:188} INFO - [2026-09-27T10:46:09.201+0000] {dag.py:3947} INFO - Setting next_dagrun for ecommerce_pipeline to 2026-09-27 00:00:00+00:00, run_after=2026-09-28 00:00:00+00:00
[2026-09-27T10:46:09.228+0000] {processor.py:183} INFO - Processing /opt/airflow/dags/ecommerce_pipeline_dag.py took 0.176 seconds
[2026-09-27T10:46:39.352+0000] {processor.py:161} INFO - Started process (PID=187) to work on /opt/airflow/dags/ecommerce_pipeline_dag.py
[2026-09-27T10:46:39.358+0000] {processor.py:830} INFO - Processing file /opt/airflow/dags/ecommerce_pipeline_dag.py for tasks to queue
[2026-09-27T10:46:39.361+0000] {logging_mixin.py:188} INFO - [2026-09-27T10:46:39.360+0000] {dagbag.py:545} INFO - Filling up the DagBag from /opt/airflow/dags/ecommerce_pipeline_dag.py
[2026-09-27T10:46:39.377+0000] {processor.py:840} INFO - DAG(s) 'ecommerce_pipeline' retrieved from /opt/airflow/dags/ecommerce_pipeline_dag.py
[2026-09-27T10:46:39.645+0000] {logging_mixin.py:188} INFO - [2026-09-27T10:46:39.644+0000] {dag.py:3089} INFO - Sync 1 DAGs
[2026-09-27T10:46:39.659+0000] {logging_mixin.py:188} INFO - [2026-09-27T10:46:39.659+0000] {dag.py:3947} INFO - Setting next_dagrun for ecommerce_pipeline to 2026-09-27 00:00:00+00:00, run_after=2026-09-28 00:00:00+00:00
[2026-09-27T10:46:39.671+0000] {processor.py:183} INFO - Processing /opt/airflow/dags/ecommerce_pipeline_dag.py took 0.328 seconds
[2026-09-27T10:47:09.958+0000] {processor.py:161} INFO - Started process (PID=198) to work on /opt/airflow/dags/ecommerce_pipeline_dag.py
[2026-09-27T10:47:09.975+0000] {processor.py:830} INFO - Processing file /opt/airflow/dags/ecommerce_pipeline_dag.py for tasks to queue
[2026-09-27T10:47:09.981+0000] {logging_mixin.py:188} INFO - [2026-09-27T10:47:09.980+0000] {dagbag.py:545} INFO - Filling up the DagBag from /opt/airflow/dags/ecommerce_pipeline_dag.py
[2026-09-27T10:47:10.074+0000] {processor.py:840} INFO - DAG(s) 'ecommerce_pipeline' retrieved from /opt/airflow/dags/ecommerce_pipeline_dag.py
[2026-09-27T10:47:10.176+0000] {logging_mixin.py:188} INFO - [2026-09-27T10:47:10.176+0000] {dag.py:3089} INFO - Sync 1 DAGs
[2026-09-27T10:47:10.271+0000] {logging_mixin.py:188} INFO - [2026-09-27T10:47:10.271+0000] {dag.py:3947} INFO - Setting next_dagrun for ecommerce_pipeline to 2026-09-27 00:00:00+00:00, run_after=2026-09-28 00:00:00+00:00
[2026-09-27T10:47:10.317+0000] {processor.py:183} INFO - Processing /opt/airflow/dags/ecommerce_pipeline_dag.py took 0.408 seconds
[2026-09-27T10:47:40.557+0000] {processor.py:161} INFO - Started process (PID=231) to work on /opt/airflow/dags/ecommerce_pipeline_dag.py
[2026-09-27T10:47:40.558+0000] {processor.py:830} INFO - Processing file /opt/airflow/dags/ecommerce_pipeline_dag.py for tasks to queue
[2026-09-27T10:47:40.559+0000] {logging_mixin.py:188} INFO - [2026-09-27T10:47:40.559+0000] {dagbag.py:545} INFO - Filling up the DagBag from /opt/airflow/dags/ecommerce_pipeline_dag.py
[2026-09-27T10:47:40.569+0000] {processor.py:840} INFO - DAG(s) 'ecommerce_pipeline' retrieved from /opt/airflow/dags/ecommerce_pipeline_dag.py
[2026-09-27T10:47:40.595+0000] {logging_mixin.py:188} INFO - [2026-09-27T10:47:40.595+0000] {dag.py:3089} INFO - Sync 1 DAGs
[2026-09-27T10:47:40.606+0000] {logging_mixin.py:188} INFO - [2026-09-27T10:47:40.606+0000] {dag.py:3947} INFO - Setting next_dagrun for ecommerce_pipeline to 2026-09-27 00:00:00+00:00, run_after=2026-09-28 00:00:00+00:00
[2026-09-27T10:47:40.614+0000] {processor.py:183} INFO - Processing /opt/airflow/dags/ecommerce_pipeline_dag.py took 0.063 seconds
[2026-09-27T10:48:10.893+0000] {processor.py:161} INFO - Started process (PID=242) to work on /opt/airflow/dags/ecommerce_pipeline_dag.py
[2026-09-27T10:48:10.894+0000] {processor.py:830} INFO - Processing file /opt/airflow/dags/ecommerce_pipeline_dag.py for tasks to queue
[2026-09-27T10:48:10.898+0000] {logging_mixin.py:188} INFO - [2026-09-27T10:48:10.897+0000] {dagbag.py:545} INFO - Filling up the DagBag from /opt/airflow/dags/ecommerce_pipeline_dag.py
[2026-09-27T10:48:10.917+0000] {processor.py:840} INFO - DAG(s) 'ecommerce_pipeline' retrieved from /opt/airflow/dags/ecommerce_pipeline_dag.py
[2026-09-27T10:48:10.988+0000] {logging_mixin.py:188} INFO - [2026-09-27T10:48:10.987+0000] {dag.py:3089} INFO - Sync 1 DAGs
[2026-09-27T10:48:11.004+0000] {logging_mixin.py:188} INFO - [2026-09-27T10:48:11.004+0000] {dag.py:3947} INFO - Setting next_dagrun for ecommerce_pipeline to 2026-09-27 00:00:00+00:00, run_after=2026-09-28 00:00:00+00:00
[2026-09-27T10:48:11.014+0000] {processor.py:183} INFO - Processing /opt/airflow/dags/ecommerce_pipeline_dag.py took 0.132 seconds
[2026-09-27T10:48:41.166+0000] {processor.py:161} INFO - Started process (PID=253) to work on /opt/airflow/dags/ecommerce_pipeline_dag.py
[2026-09-27T10:48:41.169+0000] {processor.py:830} INFO - Processing file /opt/airflow/dags/ecommerce_pipeline_dag.py for tasks to queue
[2026-09-27T10:48:41.173+0000] {logging_mixin.py:188} INFO - [2026-09-27T10:48:41.172+0000] {dagbag.py:545} INFO - Filling up the DagBag from /opt/airflow/dags/ecommerce_pipeline_dag.py
[2026-09-27T10:48:41.206+0000] {processor.py:840} INFO - DAG(s) 'ecommerce_pipeline' retrieved from /opt/airflow/dags/ecommerce_pipeline_dag.py
[2026-09-27T10:48:41.238+0000] {logging_mixin.py:188} INFO - [2026-09-27T10:48:41.238+0000] {dag.py:3089} INFO - Sync 1 DAGs
[2026-09-27T10:48:41.251+0000] {logging_mixin.py:188} INFO - [2026-09-27T10:48:41.251+0000] {dag.py:3947} INFO - Setting next_dagrun for ecommerce_pipeline to 2026-09-27 00:00:00+00:00, run_after=2026-09-28 00:00:00+00:00
[2026-09-27T10:48:41.260+0000] {processor.py:183} INFO - Processing /opt/airflow/dags/ecommerce_pipeline_dag.py took 0.108 seconds
[2026-09-27T10:49:11.559+0000] {processor.py:161} INFO - Started process (PID=264) to work on /opt/airflow/dags/ecommerce_pipeline_dag.py
[2026-09-27T10:49:11.560+0000] {processor.py:830} INFO - Processing file /opt/airflow/dags/ecommerce_pipeline_dag.py for tasks to queue
[2026-09-27T10:49:11.562+0000] {logging_mixin.py:188} INFO - [2026-09-27T10:49:11.562+0000] {dagbag.py:545} INFO - Filling up the DagBag from /opt/airflow/dags/ecommerce_pipeline_dag.py
[2026-09-27T10:49:11.577+0000] {processor.py:840} INFO - DAG(s) 'ecommerce_pipeline' retrieved from /opt/airflow/dags/ecommerce_pipeline_dag.py
[2026-09-27T10:49:11.627+0000] {logging_mixin.py:188} INFO - [2026-09-27T10:49:11.626+0000] {dag.py:3089} INFO - Sync 1 DAGs
[2026-09-27T10:49:11.650+0000] {logging_mixin.py:188} INFO - [2026-09-27T10:49:11.649+0000] {dag.py:3947} INFO - Setting next_dagrun for ecommerce_pipeline to 2026-09-27 00:00:00+00:00, run_after=2026-09-28 00:00:00+00:00
[2026-09-27T10:49:11.662+0000] {processor.py:183} INFO - Processing /opt/airflow/dags/ecommerce_pipeline_dag.py took 0.109 seconds
[2026-09-27T10:49:41.874+0000] {processor.py:161} INFO - Started process (PID=308) to work on /opt/airflow/dags/ecommerce_pipeline_dag.py
[2026-09-27T10:49:41.876+0000] {processor.py:830} INFO - Processing file /opt/airflow/dags/ecommerce_pipeline_dag.py for tasks to queue
[2026-09-27T10:49:41.879+0000] {logging_mixin.py:188} INFO - [2026-09-27T10:49:41.878+0000] {dagbag.py:545} INFO - Filling up the DagBag from /opt/airflow/dags/ecommerce_pipeline_dag.py
[2026-09-27T10:49:41.895+0000] {processor.py:840} INFO - DAG(s) 'ecommerce_pipeline' retrieved from /opt/airflow/dags/ecommerce_pipeline_dag.py
[2026-09-27T10:49:41.928+0000] {logging_mixin.py:188} INFO - [2026-09-27T10:49:41.928+0000] {dag.py:3089} INFO - Sync 1 DAGs
[2026-09-27T10:49:41.946+0000] {logging_mixin.py:188} INFO - [2026-09-27T10:49:41.946+0000] {dag.py:3947} INFO - Setting next_dagrun for ecommerce_pipeline to 2026-09-27 00:00:00+00:00, run_after=2026-09-28 00:00:00+00:00
[2026-09-27T10:49:41.955+0000] {processor.py:183} INFO - Processing /opt/airflow/dags/ecommerce_pipeline_dag.py took 0.096 seconds
[2026-09-27T10:50:12.326+0000] {processor.py:161} INFO - Started process (PID=341) to work on /opt/airflow/dags/ecommerce_pipeline_dag.py
[2026-09-27T10:50:12.328+0000] {processor.py:830} INFO - Processing file /opt/airflow/dags/ecommerce_pipeline_dag.py for tasks to queue
[2026-09-27T10:50:12.333+0000] {logging_mixin.py:188} INFO - [2026-09-27T10:50:12.332+0000] {dagbag.py:545} INFO - Filling up the DagBag from /opt/airflow/dags/ecommerce_pipeline_dag.py
[2026-09-27T10:50:12.359+0000] {processor.py:840} INFO - DAG(s) 'ecommerce_pipeline' retrieved from /opt/airflow/dags/ecommerce_pipeline_dag.py
[2026-09-27T10:50:12.399+0000] {logging_mixin.py:188} INFO - [2026-09-27T10:50:12.399+0000] {dag.py:3089} INFO - Sync 1 DAGs
[2026-09-27T10:50:12.419+0000] {logging_mixin.py:188} INFO - [2026-09-27T10:50:12.419+0000] {dag.py:3947} INFO - Setting next_dagrun for ecommerce_pipeline to 2026-09-27 00:00:00+00:00, run_after=2026-09-28 00:00:00+00:00
[2026-09-27T10:50:12.430+0000] {processor.py:183} INFO - Processing /opt/airflow/dags/ecommerce_pipeline_dag.py took 0.124 seconds
[2026-09-27T10:50:42.684+0000] {processor.py:161} INFO - Started process (PID=352) to work on /opt/airflow/dags/ecommerce_pipeline_dag.py
[2026-09-27T10:50:42.686+0000] {processor.py:830} INFO - Processing file /opt/airflow/dags/ecommerce_pipeline_dag.py for tasks to queue
[2026-09-27T10:50:42.690+0000] {logging_mixin.py:188} INFO - [2026-09-27T10:50:42.689+0000] {dagbag.py:545} INFO - Filling up the DagBag from /opt/airflow/dags/ecommerce_pipeline_dag.py
[2026-09-27T10:50:42.710+0000] {processor.py:840} INFO - DAG(s) 'ecommerce_pipeline' retrieved from /opt/airflow/dags/ecommerce_pipeline_dag.py
[2026-09-27T10:50:42.752+0000] {logging_mixin.py:188} INFO - [2026-09-27T10:50:42.752+0000] {dag.py:3089} INFO - Sync 1 DAGs
[2026-09-27T10:50:42.769+0000] {logging_mixin.py:188} INFO - [2026-09-27T10:50:42.769+0000] {dag.py:3947} INFO - Setting next_dagrun for ecommerce_pipeline to 2026-09-27 00:00:00+00:00, run_after=2026-09-28 00:00:00+00:00
[2026-09-27T10:50:42.779+0000] {processor.py:183} INFO - Processing /opt/airflow/dags/ecommerce_pipeline_dag.py took 0.105 seconds
[2026-09-27T10:51:12.979+0000] {processor.py:161} INFO - Started process (PID=363) to work on /opt/airflow/dags/ecommerce_pipeline_dag.py
[2026-09-27T10:51:12.980+0000] {processor.py:830} INFO - Processing file /opt/airflow/dags/ecommerce_pipeline_dag.py for tasks to queue
[2026-09-27T10:51:12.983+0000] {logging_mixin.py:188} INFO - [2026-09-27T10:51:12.982+0000] {dagbag.py:545} INFO - Filling up the DagBag from /opt/airflow/dags/ecommerce_pipeline_dag.py
[2026-09-27T10:51:12.998+0000] {processor.py:840} INFO - DAG(s) 'ecommerce_pipeline' retrieved from /opt/airflow/dags/ecommerce_pipeline_dag.py
[2026-09-27T10:51:13.032+0000] {logging_mixin.py:188} INFO - [2026-09-27T10:51:13.032+0000] {dag.py:3089} INFO - Sync 1 DAGs
[2026-09-27T10:51:13.057+0000] {logging_mixin.py:188} INFO - [2026-09-27T10:51:13.057+0000] {dag.py:3947} INFO - Setting next_dagrun for ecommerce_pipeline to 2026-09-27 00:00:00+00:00, run_after=2026-09-28 00:00:00+00:00
[2026-09-27T10:51:13.066+0000] {processor.py:183} INFO - Processing /opt/airflow/dags/ecommerce_pipeline_dag.py took 0.096 seconds
[2026-09-27T10:51:43.286+0000] {processor.py:161} INFO - Started process (PID=396) to work on /opt/airflow/dags/ecommerce_pipeline_dag.py
[2026-09-27T10:51:43.288+0000] {processor.py:830} INFO - Processing file /opt/airflow/dags/ecommerce_pipeline_dag.py for tasks to queue
[2026-09-27T10:51:43.291+0000] {logging_mixin.py:188} INFO - [2026-09-27T10:51:43.290+0000] {dagbag.py:545} INFO - Filling up the DagBag from /opt/airflow/dags/ecommerce_pipeline_dag.py
[2026-09-27T10:51:43.330+0000] {processor.py:840} INFO - DAG(s) 'ecommerce_pipeline' retrieved from /opt/airflow/dags/ecommerce_pipeline_dag.py
[2026-09-27T10:51:43.415+0000] {logging_mixin.py:188} INFO - [2026-09-27T10:51:43.415+0000] {dag.py:3089} INFO - Sync 1 DAGs
[2026-09-27T10:51:43.480+0000] {logging_mixin.py:188} INFO - [2026-09-27T10:51:43.480+0000] {dag.py:3947} INFO - Setting next_dagrun for ecommerce_pipeline to 2026-09-27 00:00:00+00:00, run_after=2026-09-28 00:00:00+00:00
[2026-09-27T10:51:43.497+0000] {processor.py:183} INFO - Processing /opt/airflow/dags/ecommerce_pipeline_dag.py took 0.220 seconds
[2026-09-27T10:52:13.713+0000] {processor.py:161} INFO - Started process (PID=426) to work on /opt/airflow/dags/ecommerce_pipeline_dag.py
[2026-09-27T10:52:13.717+0000] {processor.py:830} INFO - Processing file /opt/airflow/dags/ecommerce_pipeline_dag.py for tasks to queue
[2026-09-27T10:52:13.728+0000] {logging_mixin.py:188} INFO - [2026-09-27T10:52:13.727+0000] {dagbag.py:545} INFO - Filling up the DagBag from /opt/airflow/dags/ecommerce_pipeline_dag.py
[2026-09-27T10:52:13.789+0000] {processor.py:840} INFO - DAG(s) 'ecommerce_pipeline' retrieved from /opt/airflow/dags/ecommerce_pipeline_dag.py
[2026-09-27T10:52:13.898+0000] {logging_mixin.py:188} INFO - [2026-09-27T10:52:13.898+0000] {dag.py:3089} INFO - Sync 1 DAGs
[2026-09-27T10:52:13.930+0000] {logging_mixin.py:188} INFO - [2026-09-27T10:52:13.929+0000] {dag.py:3947} INFO - Setting next_dagrun for ecommerce_pipeline to 2026-09-27 00:00:00+00:00, run_after=2026-09-28 00:00:00+00:00
[2026-09-27T10:52:13.947+0000] {processor.py:183} INFO - Processing /opt/airflow/dags/ecommerce_pipeline_dag.py took 0.288 seconds
[2026-09-27T10:52:44.287+0000] {processor.py:161} INFO - Started process (PID=461) to work on /opt/airflow/dags/ecommerce_pipeline_dag.py
[2026-09-27T10:52:44.293+0000] {processor.py:830} INFO - Processing file /opt/airflow/dags/ecommerce_pipeline_dag.py for tasks to queue
[2026-09-27T10:52:44.303+0000] {logging_mixin.py:188} INFO - [2026-09-27T10:52:44.302+0000] {dagbag.py:545} INFO - Filling up the DagBag from /opt/airflow/dags/ecommerce_pipeline_dag.py
[2026-09-27T10:52:44.357+0000] {processor.py:840} INFO - DAG(s) 'ecommerce_pipeline' retrieved from /opt/airflow/dags/ecommerce_pipeline_dag.py
[2026-09-27T10:52:44.458+0000] {logging_mixin.py:188} INFO - [2026-09-27T10:52:44.457+0000] {dag.py:3089} INFO - Sync 1 DAGs
[2026-09-27T10:52:44.494+0000] {logging_mixin.py:188} INFO - [2026-09-27T10:52:44.494+0000] {dag.py:3947} INFO - Setting next_dagrun for ecommerce_pipeline to 2026-09-27 00:00:00+00:00, run_after=2026-09-28 00:00:00+00:00
[2026-09-27T10:52:44.530+0000] {processor.py:183} INFO - Processing /opt/airflow/dags/ecommerce_pipeline_dag.py took 0.263 seconds
[2026-09-27T10:53:14.801+0000] {processor.py:161} INFO - Started process (PID=488) to work on /opt/airflow/dags/ecommerce_pipeline_dag.py
[2026-09-27T10:53:14.802+0000] {processor.py:830} INFO - Processing file /opt/airflow/dags/ecommerce_pipeline_dag.py for tasks to queue
[2026-09-27T10:53:14.805+0000] {logging_mixin.py:188} INFO - [2026-09-27T10:53:14.804+0000] {dagbag.py:545} INFO - Filling up the DagBag from /opt/airflow/dags/ecommerce_pipeline_dag.py
[2026-09-27T10:53:14.820+0000] {processor.py:840} INFO - DAG(s) 'ecommerce_pipeline' retrieved from /opt/airflow/dags/ecommerce_pipeline_dag.py
[2026-09-27T10:53:14.851+0000] {logging_mixin.py:188} INFO - [2026-09-27T10:53:14.851+0000] {dag.py:3089} INFO - Sync 1 DAGs
[2026-09-27T10:53:14.879+0000] {logging_mixin.py:188} INFO - [2026-09-27T10:53:14.879+0000] {dag.py:3947} INFO - Setting next_dagrun for ecommerce_pipeline to 2026-09-27 00:00:00+00:00, run_after=2026-09-28 00:00:00+00:00
[2026-09-27T10:53:14.892+0000] {processor.py:183} INFO - Processing /opt/airflow/dags/ecommerce_pipeline_dag.py took 0.106 seconds
[2026-09-27T10:53:45.015+0000] {processor.py:161} INFO - Started process (PID=499) to work on /opt/airflow/dags/ecommerce_pipeline_dag.py
[2026-09-27T10:53:45.017+0000] {processor.py:830} INFO - Processing file /opt/airflow/dags/ecommerce_pipeline_dag.py for tasks to queue
[2026-09-27T10:53:45.020+0000] {logging_mixin.py:188} INFO - [2026-09-27T10:53:45.020+0000] {dagbag.py:545} INFO - Filling up the DagBag from /opt/airflow/dags/ecommerce_pipeline_dag.py
[2026-09-27T10:53:45.054+0000] {processor.py:840} INFO - DAG(s) 'ecommerce_pipeline' retrieved from /opt/airflow/dags/ecommerce_pipeline_dag.py
[2026-09-27T10:53:45.089+0000] {logging_mixin.py:188} INFO - [2026-09-27T10:53:45.089+0000] {dag.py:3089} INFO - Sync 1 DAGs
[2026-09-27T10:53:45.106+0000] {logging_mixin.py:188} INFO - [2026-09-27T10:53:45.106+0000] {dag.py:3947} INFO - Setting next_dagrun for ecommerce_pipeline to 2026-09-27 00:00:00+00:00, run_after=2026-09-28 00:00:00+00:00
[2026-09-27T10:53:45.116+0000] {processor.py:183} INFO - Processing /opt/airflow/dags/ecommerce_pipeline_dag.py took 0.110 seconds
[2026-09-27T10:54:15.604+0000] {processor.py:161} INFO - Started process (PID=510) to work on /opt/airflow/dags/ecommerce_pipeline_dag.py
[2026-09-27T10:54:15.660+0000] {processor.py:830} INFO - Processing file /opt/airflow/dags/ecommerce_pipeline_dag.py for tasks to queue
[2026-09-27T10:54:15.668+0000] {logging_mixin.py:188} INFO - [2026-09-27T10:54:15.667+0000] {dagbag.py:545} INFO - Filling up the DagBag from /opt/airflow/dags/ecommerce_pipeline_dag.py
[2026-09-27T10:54:15.747+0000] {processor.py:840} INFO - DAG(s) 'ecommerce_pipeline' retrieved from /opt/airflow/dags/ecommerce_pipeline_dag.py
[2026-09-27T10:54:15.825+0000] {logging_mixin.py:188} INFO - [2026-09-27T10:54:15.825+0000] {dag.py:3089} INFO - Sync 1 DAGs
[2026-09-27T10:54:15.881+0000] {logging_mixin.py:188} INFO - [2026-09-27T10:54:15.881+0000] {dag.py:3947} INFO - Setting next_dagrun for ecommerce_pipeline to 2026-09-27 00:00:00+00:00, run_after=2026-09-28 00:00:00+00:00
[2026-09-27T10:54:15.907+0000] {processor.py:183} INFO - Processing /opt/airflow/dags/ecommerce_pipeline_dag.py took 0.381 seconds
[2026-09-27T10:56:10.438+0000] {processor.py:161} INFO - Started process (PID=168) to work on /opt/airflow/dags/ecommerce_pipeline_dag.py
[2026-09-27T10:56:10.447+0000] {processor.py:830} INFO - Processing file /opt/airflow/dags/ecommerce_pipeline_dag.py for tasks to queue
[2026-09-27T10:56:10.461+0000] {logging_mixin.py:188} INFO - [2026-09-27T10:56:10.460+0000] {dagbag.py:545} INFO - Filling up the DagBag from /opt/airflow/dags/ecommerce_pipeline_dag.py
[2026-09-27T10:56:10.500+0000] {processor.py:840} INFO - DAG(s) 'ecommerce_pipeline' retrieved from /opt/airflow/dags/ecommerce_pipeline_dag.py
[2026-09-27T10:56:10.556+0000] {logging_mixin.py:188} INFO - [2026-09-27T10:56:10.556+0000] {dag.py:3089} INFO - Sync 1 DAGs
[2026-09-27T10:56:10.594+0000] {logging_mixin.py:188} INFO - [2026-09-27T10:56:10.593+0000] {dag.py:3947} INFO - Setting next_dagrun for ecommerce_pipeline to 2026-09-27 00:00:00+00:00, run_after=2026-09-28 00:00:00+00:00
[2026-09-27T10:56:10.613+0000] {processor.py:183} INFO - Processing /opt/airflow/dags/ecommerce_pipeline_dag.py took 0.186 seconds
[2026-09-27T10:56:41.158+0000] {processor.py:161} INFO - Started process (PID=203) to work on /opt/airflow/dags/ecommerce_pipeline_dag.py
[2026-09-27T10:56:41.163+0000] {processor.py:830} INFO - Processing file /opt/airflow/dags/ecommerce_pipeline_dag.py for tasks to queue
[2026-09-27T10:56:41.177+0000] {logging_mixin.py:188} INFO - [2026-09-27T10:56:41.172+0000] {dagbag.py:545} INFO - Filling up the DagBag from /opt/airflow/dags/ecommerce_pipeline_dag.py
[2026-09-27T10:56:41.507+0000] {processor.py:840} INFO - DAG(s) 'ecommerce_pipeline' retrieved from /opt/airflow/dags/ecommerce_pipeline_dag.py
[2026-09-27T10:56:43.098+0000] {logging_mixin.py:188} INFO - [2026-09-27T10:56:43.093+0000] {dag.py:3089} INFO - Sync 1 DAGs
[2026-09-27T10:56:43.308+0000] {logging_mixin.py:188} INFO - [2026-09-27T10:56:43.308+0000] {dag.py:3947} INFO - Setting next_dagrun for ecommerce_pipeline to 2026-09-27 00:00:00+00:00, run_after=2026-09-28 00:00:00+00:00
[2026-09-27T10:56:43.440+0000] {processor.py:183} INFO - Processing /opt/airflow/dags/ecommerce_pipeline_dag.py took 2.344 seconds
[2026-09-27T10:57:13.751+0000] {processor.py:161} INFO - Started process (PID=257) to work on /opt/airflow/dags/ecommerce_pipeline_dag.py
[2026-09-27T10:57:13.753+0000] {processor.py:830} INFO - Processing file /opt/airflow/dags/ecommerce_pipeline_dag.py for tasks to queue
[2026-09-27T10:57:13.760+0000] {logging_mixin.py:188} INFO - [2026-09-27T10:57:13.758+0000] {dagbag.py:545} INFO - Filling up the DagBag from /opt/airflow/dags/ecommerce_pipeline_dag.py
[2026-09-27T10:57:13.792+0000] {processor.py:840} INFO - DAG(s) 'ecommerce_pipeline' retrieved from /opt/airflow/dags/ecommerce_pipeline_dag.py
[2026-09-27T10:57:13.870+0000] {logging_mixin.py:188} INFO - [2026-09-27T10:57:13.870+0000] {dag.py:3089} INFO - Sync 1 DAGs
[2026-09-27T10:57:13.912+0000] {logging_mixin.py:188} INFO - [2026-09-27T10:57:13.912+0000] {dag.py:3947} INFO - Setting next_dagrun for ecommerce_pipeline to 2026-09-27 00:00:00+00:00, run_after=2026-09-28 00:00:00+00:00
[2026-09-27T10:57:13.926+0000] {processor.py:183} INFO - Processing /opt/airflow/dags/ecommerce_pipeline_dag.py took 0.200 seconds
[2026-09-27T10:57:44.141+0000] {processor.py:161} INFO - Started process (PID=296) to work on /opt/airflow/dags/ecommerce_pipeline_dag.py
[2026-09-27T10:57:44.143+0000] {processor.py:830} INFO - Processing file /opt/airflow/dags/ecommerce_pipeline_dag.py for tasks to queue
[2026-09-27T10:57:44.147+0000] {logging_mixin.py:188} INFO - [2026-09-27T10:57:44.146+0000] {dagbag.py:545} INFO - Filling up the DagBag from /opt/airflow/dags/ecommerce_pipeline_dag.py
[2026-09-27T10:57:44.162+0000] {processor.py:840} INFO - DAG(s) 'ecommerce_pipeline' retrieved from /opt/airflow/dags/ecommerce_pipeline_dag.py
[2026-09-27T10:57:44.213+0000] {logging_mixin.py:188} INFO - [2026-09-27T10:57:44.213+0000] {dag.py:3089} INFO - Sync 1 DAGs
[2026-09-27T10:57:44.228+0000] {logging_mixin.py:188} INFO - [2026-09-27T10:57:44.228+0000] {dag.py:3947} INFO - Setting next_dagrun for ecommerce_pipeline to 2026-09-27 00:00:00+00:00, run_after=2026-09-28 00:00:00+00:00
[2026-09-27T10:57:44.237+0000] {processor.py:183} INFO - Processing /opt/airflow/dags/ecommerce_pipeline_dag.py took 0.123 seconds
[2026-09-27T10:58:14.623+0000] {processor.py:161} INFO - Started process (PID=339) to work on /opt/airflow/dags/ecommerce_pipeline_dag.py
[2026-09-27T10:58:14.625+0000] {processor.py:830} INFO - Processing file /opt/airflow/dags/ecommerce_pipeline_dag.py for tasks to queue
[2026-09-27T10:58:14.628+0000] {logging_mixin.py:188} INFO - [2026-09-27T10:58:14.628+0000] {dagbag.py:545} INFO - Filling up the DagBag from /opt/airflow/dags/ecommerce_pipeline_dag.py
[2026-09-27T10:58:14.642+0000] {processor.py:840} INFO - DAG(s) 'ecommerce_pipeline' retrieved from /opt/airflow/dags/ecommerce_pipeline_dag.py
[2026-09-27T10:58:14.704+0000] {logging_mixin.py:188} INFO - [2026-09-27T10:58:14.704+0000] {dag.py:3089} INFO - Sync 1 DAGs
[2026-09-27T10:58:14.730+0000] {logging_mixin.py:188} INFO - [2026-09-27T10:58:14.729+0000] {dag.py:3947} INFO - Setting next_dagrun for ecommerce_pipeline to 2026-09-27 00:00:00+00:00, run_after=2026-09-28 00:00:00+00:00
[2026-09-27T10:58:14.805+0000] {processor.py:183} INFO - Processing /opt/airflow/dags/ecommerce_pipeline_dag.py took 0.191 seconds
[2026-09-27T10:58:45.296+0000] {processor.py:161} INFO - Started process (PID=369) to work on /opt/airflow/dags/ecommerce_pipeline_dag.py
[2026-09-27T10:58:45.303+0000] {processor.py:830} INFO - Processing file /opt/airflow/dags/ecommerce_pipeline_dag.py for tasks to queue
[2026-09-27T10:58:45.318+0000] {logging_mixin.py:188} INFO - [2026-09-27T10:58:45.316+0000] {dagbag.py:545} INFO - Filling up the DagBag from /opt/airflow/dags/ecommerce_pipeline_dag.py
[2026-09-27T10:58:45.431+0000] {processor.py:840} INFO - DAG(s) 'ecommerce_pipeline' retrieved from /opt/airflow/dags/ecommerce_pipeline_dag.py
[2026-09-27T10:58:45.601+0000] {logging_mixin.py:188} INFO - [2026-09-27T10:58:45.600+0000] {dag.py:3089} INFO - Sync 1 DAGs
[2026-09-27T10:58:45.659+0000] {logging_mixin.py:188} INFO - [2026-09-27T10:58:45.659+0000] {dag.py:3947} INFO - Setting next_dagrun for ecommerce_pipeline to 2026-09-27 00:00:00+00:00, run_after=2026-09-28 00:00:00+00:00
[2026-09-27T10:58:45.693+0000] {processor.py:183} INFO - Processing /opt/airflow/dags/ecommerce_pipeline_dag.py took 0.453 seconds
[2026-09-27T10:59:16.075+0000] {processor.py:161} INFO - Started process (PID=431) to work on /opt/airflow/dags/ecommerce_pipeline_dag.py
[2026-09-27T10:59:16.077+0000] {processor.py:830} INFO - Processing file /opt/airflow/dags/ecommerce_pipeline_dag.py for tasks to queue
[2026-09-27T10:59:16.082+0000] {logging_mixin.py:188} INFO - [2026-09-27T10:59:16.081+0000] {dagbag.py:545} INFO - Filling up the DagBag from /opt/airflow/dags/ecommerce_pipeline_dag.py
[2026-09-27T10:59:16.102+0000] {processor.py:840} INFO - DAG(s) 'ecommerce_pipeline' retrieved from /opt/airflow/dags/ecommerce_pipeline_dag.py
[2026-09-27T10:59:16.142+0000] {logging_mixin.py:188} INFO - [2026-09-27T10:59:16.142+0000] {dag.py:3089} INFO - Sync 1 DAGs
[2026-09-27T10:59:16.163+0000] {logging_mixin.py:188} INFO - [2026-09-27T10:59:16.163+0000] {dag.py:3947} INFO - Setting next_dagrun for ecommerce_pipeline to 2026-09-27 00:00:00+00:00, run_after=2026-09-28 00:00:00+00:00
[2026-09-27T10:59:16.175+0000] {processor.py:183} INFO - Processing /opt/airflow/dags/ecommerce_pipeline_dag.py took 0.115 seconds
[2026-09-27T10:59:46.391+0000] {processor.py:161} INFO - Started process (PID=442) to work on /opt/airflow/dags/ecommerce_pipeline_dag.py
[2026-09-27T10:59:46.393+0000] {processor.py:830} INFO - Processing file /opt/airflow/dags/ecommerce_pipeline_dag.py for tasks to queue
[2026-09-27T10:59:46.406+0000] {logging_mixin.py:188} INFO - [2026-09-27T10:59:46.403+0000] {dagbag.py:545} INFO - Filling up the DagBag from /opt/airflow/dags/ecommerce_pipeline_dag.py
[2026-09-27T10:59:46.434+0000] {processor.py:840} INFO - DAG(s) 'ecommerce_pipeline' retrieved from /opt/airflow/dags/ecommerce_pipeline_dag.py
[2026-09-27T10:59:46.466+0000] {logging_mixin.py:188} INFO - [2026-09-27T10:59:46.466+0000] {dag.py:3089} INFO - Sync 1 DAGs
[2026-09-27T10:59:46.482+0000] {logging_mixin.py:188} INFO - [2026-09-27T10:59:46.482+0000] {dag.py:3947} INFO - Setting next_dagrun for ecommerce_pipeline to 2026-09-27 00:00:00+00:00, run_after=2026-09-28 00:00:00+00:00
[2026-09-27T10:59:46.491+0000] {processor.py:183} INFO - Processing /opt/airflow/dags/ecommerce_pipeline_dag.py took 0.116 seconds
[2026-09-27T11:00:16.764+0000] {processor.py:161} INFO - Started process (PID=453) to work on /opt/airflow/dags/ecommerce_pipeline_dag.py
[2026-09-27T11:00:16.766+0000] {processor.py:830} INFO - Processing file /opt/airflow/dags/ecommerce_pipeline_dag.py for tasks to queue
[2026-09-27T11:00:16.770+0000] {logging_mixin.py:188} INFO - [2026-09-27T11:00:16.770+0000] {dagbag.py:545} INFO - Filling up the DagBag from /opt/airflow/dags/ecommerce_pipeline_dag.py
[2026-09-27T11:00:16.805+0000] {processor.py:840} INFO - DAG(s) 'ecommerce_pipeline' retrieved from /opt/airflow/dags/ecommerce_pipeline_dag.py
[2026-09-27T11:00:16.840+0000] {logging_mixin.py:188} INFO - [2026-09-27T11:00:16.840+0000] {dag.py:3089} INFO - Sync 1 DAGs
[2026-09-27T11:00:16.855+0000] {logging_mixin.py:188} INFO - [2026-09-27T11:00:16.855+0000] {dag.py:3947} INFO - Setting next_dagrun for ecommerce_pipeline to 2026-09-27 00:00:00+00:00, run_after=2026-09-28 00:00:00+00:00
[2026-09-27T11:00:16.865+0000] {processor.py:183} INFO - Processing /opt/airflow/dags/ecommerce_pipeline_dag.py took 0.114 seconds
[2026-09-27T11:00:47.096+0000] {processor.py:161} INFO - Started process (PID=464) to work on /opt/airflow/dags/ecommerce_pipeline_dag.py
[2026-09-27T11:00:47.098+0000] {processor.py:830} INFO - Processing file /opt/airflow/dags/ecommerce_pipeline_dag.py for tasks to queue
[2026-09-27T11:00:47.102+0000] {logging_mixin.py:188} INFO - [2026-09-27T11:00:47.101+0000] {dagbag.py:545} INFO - Filling up the DagBag from /opt/airflow/dags/ecommerce_pipeline_dag.py
[2026-09-27T11:00:47.121+0000] {processor.py:840} INFO - DAG(s) 'ecommerce_pipeline' retrieved from /opt/airflow/dags/ecommerce_pipeline_dag.py
[2026-09-27T11:00:47.160+0000] {logging_mixin.py:188} INFO - [2026-09-27T11:00:47.160+0000] {dag.py:3089} INFO - Sync 1 DAGs
[2026-09-27T11:00:47.175+0000] {logging_mixin.py:188} INFO - [2026-09-27T11:00:47.175+0000] {dag.py:3947} INFO - Setting next_dagrun for ecommerce_pipeline to 2026-09-27 00:00:00+00:00, run_after=2026-09-28 00:00:00+00:00
[2026-09-27T11:00:47.184+0000] {processor.py:183} INFO - Processing /opt/airflow/dags/ecommerce_pipeline_dag.py took 0.100 seconds
[2026-09-27T11:01:17.414+0000] {processor.py:161} INFO - Started process (PID=475) to work on /opt/airflow/dags/ecommerce_pipeline_dag.py
[2026-09-27T11:01:17.416+0000] {processor.py:830} INFO - Processing file /opt/airflow/dags/ecommerce_pipeline_dag.py for tasks to queue
[2026-09-27T11:01:17.420+0000] {logging_mixin.py:188} INFO - [2026-09-27T11:01:17.419+0000] {dagbag.py:545} INFO - Filling up the DagBag from /opt/airflow/dags/ecommerce_pipeline_dag.py
[2026-09-27T11:01:17.435+0000] {processor.py:840} INFO - DAG(s) 'ecommerce_pipeline' retrieved from /opt/airflow/dags/ecommerce_pipeline_dag.py
[2026-09-27T11:01:17.488+0000] {logging_mixin.py:188} INFO - [2026-09-27T11:01:17.488+0000] {dag.py:3089} INFO - Sync 1 DAGs
[2026-09-27T11:01:17.506+0000] {logging_mixin.py:188} INFO - [2026-09-27T11:01:17.506+0000] {dag.py:3947} INFO - Setting next_dagrun for ecommerce_pipeline to 2026-09-27 00:00:00+00:00, run_after=2026-09-28 00:00:00+00:00
[2026-09-27T11:01:17.516+0000] {processor.py:183} INFO - Processing /opt/airflow/dags/ecommerce_pipeline_dag.py took 0.115 seconds
[2026-09-27T11:01:47.840+0000] {processor.py:161} INFO - Started process (PID=486) to work on /opt/airflow/dags/ecommerce_pipeline_dag.py
[2026-09-27T11:01:47.842+0000] {processor.py:830} INFO - Processing file /opt/airflow/dags/ecommerce_pipeline_dag.py for tasks to queue
[2026-09-27T11:01:47.846+0000] {logging_mixin.py:188} INFO - [2026-09-27T11:01:47.845+0000] {dagbag.py:545} INFO - Filling up the DagBag from /opt/airflow/dags/ecommerce_pipeline_dag.py
[2026-09-27T11:01:47.893+0000] {processor.py:840} INFO - DAG(s) 'ecommerce_pipeline' retrieved from /opt/airflow/dags/ecommerce_pipeline_dag.py
[2026-09-27T11:01:47.928+0000] {logging_mixin.py:188} INFO - [2026-09-27T11:01:47.928+0000] {dag.py:3089} INFO - Sync 1 DAGs
[2026-09-27T11:01:47.945+0000] {logging_mixin.py:188} INFO - [2026-09-27T11:01:47.945+0000] {dag.py:3947} INFO - Setting next_dagrun for ecommerce_pipeline to 2026-09-27 00:00:00+00:00, run_after=2026-09-28 00:00:00+00:00
[2026-09-27T11:01:47.955+0000] {processor.py:183} INFO - Processing /opt/airflow/dags/ecommerce_pipeline_dag.py took 0.128 seconds
[2026-09-27T11:02:18.182+0000] {processor.py:161} INFO - Started process (PID=539) to work on /opt/airflow/dags/ecommerce_pipeline_dag.py
[2026-09-27T11:02:18.185+0000] {processor.py:830} INFO - Processing file /opt/airflow/dags/ecommerce_pipeline_dag.py for tasks to queue
[2026-09-27T11:02:18.188+0000] {logging_mixin.py:188} INFO - [2026-09-27T11:02:18.187+0000] {dagbag.py:545} INFO - Filling up the DagBag from /opt/airflow/dags/ecommerce_pipeline_dag.py
[2026-09-27T11:02:18.197+0000] {processor.py:840} INFO - DAG(s) 'ecommerce_pipeline' retrieved from /opt/airflow/dags/ecommerce_pipeline_dag.py
[2026-09-27T11:02:18.222+0000] {logging_mixin.py:188} INFO - [2026-09-27T11:02:18.222+0000] {dag.py:3089} INFO - Sync 1 DAGs
[2026-09-27T11:02:18.239+0000] {logging_mixin.py:188} INFO - [2026-09-27T11:02:18.239+0000] {dag.py:3947} INFO - Setting next_dagrun for ecommerce_pipeline to 2026-09-27 00:00:00+00:00, run_after=2026-09-28 00:00:00+00:00
[2026-09-27T11:02:18.253+0000] {processor.py:183} INFO - Processing /opt/airflow/dags/ecommerce_pipeline_dag.py took 0.078 seconds
[2026-09-27T11:02:48.533+0000] {processor.py:161} INFO - Started process (PID=576) to work on /opt/airflow/dags/ecommerce_pipeline_dag.py
[2026-09-27T11:02:48.534+0000] {processor.py:830} INFO - Processing file /opt/airflow/dags/ecommerce_pipeline_dag.py for tasks to queue
[2026-09-27T11:02:48.537+0000] {logging_mixin.py:188} INFO - [2026-09-27T11:02:48.537+0000] {dagbag.py:545} INFO - Filling up the DagBag from /opt/airflow/dags/ecommerce_pipeline_dag.py
[2026-09-27T11:02:48.557+0000] {processor.py:840} INFO - DAG(s) 'ecommerce_pipeline' retrieved from /opt/airflow/dags/ecommerce_pipeline_dag.py
[2026-09-27T11:02:48.596+0000] {logging_mixin.py:188} INFO - [2026-09-27T11:02:48.596+0000] {dag.py:3089} INFO - Sync 1 DAGs
[2026-09-27T11:02:48.611+0000] {logging_mixin.py:188} INFO - [2026-09-27T11:02:48.611+0000] {dag.py:3947} INFO - Setting next_dagrun for ecommerce_pipeline to 2026-09-27 00:00:00+00:00, run_after=2026-09-28 00:00:00+00:00
[2026-09-27T11:02:48.629+0000] {processor.py:183} INFO - Processing /opt/airflow/dags/ecommerce_pipeline_dag.py took 0.106 seconds
[2026-09-27T11:03:18.843+0000] {processor.py:161} INFO - Started process (PID=600) to work on /opt/airflow/dags/ecommerce_pipeline_dag.py
[2026-09-27T11:03:18.844+0000] {processor.py:830} INFO - Processing file /opt/airflow/dags/ecommerce_pipeline_dag.py for tasks to queue
[2026-09-27T11:03:18.847+0000] {logging_mixin.py:188} INFO - [2026-09-27T11:03:18.846+0000] {dagbag.py:545} INFO - Filling up the DagBag from /opt/airflow/dags/ecommerce_pipeline_dag.py
[2026-09-27T11:03:18.868+0000] {processor.py:840} INFO - DAG(s) 'ecommerce_pipeline' retrieved from /opt/airflow/dags/ecommerce_pipeline_dag.py
[2026-09-27T11:03:18.906+0000] {logging_mixin.py:188} INFO - [2026-09-27T11:03:18.906+0000] {dag.py:3089} INFO - Sync 1 DAGs
[2026-09-27T11:03:18.926+0000] {logging_mixin.py:188} INFO - [2026-09-27T11:03:18.926+0000] {dag.py:3947} INFO - Setting next_dagrun for ecommerce_pipeline to 2026-09-27 00:00:00+00:00, run_after=2026-09-28 00:00:00+00:00
[2026-09-27T11:03:18.947+0000] {processor.py:183} INFO - Processing /opt/airflow/dags/ecommerce_pipeline_dag.py took 0.110 seconds
[2026-09-27T11:03:49.280+0000] {processor.py:161} INFO - Started process (PID=617) to work on /opt/airflow/dags/ecommerce_pipeline_dag.py
[2026-09-27T11:03:49.284+0000] {processor.py:830} INFO - Processing file /opt/airflow/dags/ecommerce_pipeline_dag.py for tasks to queue
[2026-09-27T11:03:49.297+0000] {logging_mixin.py:188} INFO - [2026-09-27T11:03:49.296+0000] {dagbag.py:545} INFO - Filling up the DagBag from /opt/airflow/dags/ecommerce_pipeline_dag.py
[2026-09-27T11:03:49.316+0000] {processor.py:840} INFO - DAG(s) 'ecommerce_pipeline' retrieved from /opt/airflow/dags/ecommerce_pipeline_dag.py
[2026-09-27T11:03:49.350+0000] {logging_mixin.py:188} INFO - [2026-09-27T11:03:49.350+0000] {dag.py:3089} INFO - Sync 1 DAGs
[2026-09-27T11:03:49.372+0000] {logging_mixin.py:188} INFO - [2026-09-27T11:03:49.372+0000] {dag.py:3947} INFO - Setting next_dagrun for ecommerce_pipeline to 2026-09-27 00:00:00+00:00, run_after=2026-09-28 00:00:00+00:00
[2026-09-27T11:03:49.382+0000] {processor.py:183} INFO - Processing /opt/airflow/dags/ecommerce_pipeline_dag.py took 0.126 seconds
[2026-09-27T11:04:19.670+0000] {processor.py:161} INFO - Started process (PID=628) to work on /opt/airflow/dags/ecommerce_pipeline_dag.py
[2026-09-27T11:04:19.682+0000] {processor.py:830} INFO - Processing file /opt/airflow/dags/ecommerce_pipeline_dag.py for tasks to queue
[2026-09-27T11:04:19.692+0000] {logging_mixin.py:188} INFO - [2026-09-27T11:04:19.691+0000] {dagbag.py:545} INFO - Filling up the DagBag from /opt/airflow/dags/ecommerce_pipeline_dag.py
[2026-09-27T11:04:19.710+0000] {processor.py:840} INFO - DAG(s) 'ecommerce_pipeline' retrieved from /opt/airflow/dags/ecommerce_pipeline_dag.py
[2026-09-27T11:04:19.742+0000] {logging_mixin.py:188} INFO - [2026-09-27T11:04:19.742+0000] {dag.py:3089} INFO - Sync 1 DAGs
[2026-09-27T11:04:19.757+0000] {logging_mixin.py:188} INFO - [2026-09-27T11:04:19.757+0000] {dag.py:3947} INFO - Setting next_dagrun for ecommerce_pipeline to 2026-09-27 00:00:00+00:00, run_after=2026-09-28 00:00:00+00:00
[2026-09-27T11:04:19.767+0000] {processor.py:183} INFO - Processing /opt/airflow/dags/ecommerce_pipeline_dag.py took 0.113 seconds
[2026-09-27T11:04:50.088+0000] {processor.py:161} INFO - Started process (PID=639) to work on /opt/airflow/dags/ecommerce_pipeline_dag.py
[2026-09-27T11:04:50.090+0000] {processor.py:830} INFO - Processing file /opt/airflow/dags/ecommerce_pipeline_dag.py for tasks to queue
[2026-09-27T11:04:50.094+0000] {logging_mixin.py:188} INFO - [2026-09-27T11:04:50.093+0000] {dagbag.py:545} INFO - Filling up the DagBag from /opt/airflow/dags/ecommerce_pipeline_dag.py
[2026-09-27T11:04:50.111+0000] {processor.py:840} INFO - DAG(s) 'ecommerce_pipeline' retrieved from /opt/airflow/dags/ecommerce_pipeline_dag.py
[2026-09-27T11:04:50.154+0000] {logging_mixin.py:188} INFO - [2026-09-27T11:04:50.154+0000] {dag.py:3089} INFO - Sync 1 DAGs
[2026-09-27T11:04:50.169+0000] {logging_mixin.py:188} INFO - [2026-09-27T11:04:50.169+0000] {dag.py:3947} INFO - Setting next_dagrun for ecommerce_pipeline to 2026-09-27 00:00:00+00:00, run_after=2026-09-28 00:00:00+00:00
[2026-09-27T11:04:50.180+0000] {processor.py:183} INFO - Processing /opt/airflow/dags/ecommerce_pipeline_dag.py took 0.132 seconds
[2026-09-27T11:05:20.544+0000] {processor.py:161} INFO - Started process (PID=650) to work on /opt/airflow/dags/ecommerce_pipeline_dag.py
[2026-09-27T11:05:20.546+0000] {processor.py:830} INFO - Processing file /opt/airflow/dags/ecommerce_pipeline_dag.py for tasks to queue
[2026-09-27T11:05:20.550+0000] {logging_mixin.py:188} INFO - [2026-09-27T11:05:20.550+0000] {dagbag.py:545} INFO - Filling up the DagBag from /opt/airflow/dags/ecommerce_pipeline_dag.py
[2026-09-27T11:05:20.572+0000] {processor.py:840} INFO - DAG(s) 'ecommerce_pipeline' retrieved from /opt/airflow/dags/ecommerce_pipeline_dag.py
[2026-09-27T11:05:20.626+0000] {logging_mixin.py:188} INFO - [2026-09-27T11:05:20.626+0000] {dag.py:3089} INFO - Sync 1 DAGs
[2026-09-27T11:05:20.642+0000] {logging_mixin.py:188} INFO - [2026-09-27T11:05:20.642+0000] {dag.py:3947} INFO - Setting next_dagrun for ecommerce_pipeline to 2026-09-27 00:00:00+00:00, run_after=2026-09-28 00:00:00+00:00
[2026-09-27T11:05:20.663+0000] {processor.py:183} INFO - Processing /opt/airflow/dags/ecommerce_pipeline_dag.py took 0.130 seconds
[2026-09-27T11:05:50.864+0000] {processor.py:161} INFO - Started process (PID=661) to work on /opt/airflow/dags/ecommerce_pipeline_dag.py
[2026-09-27T11:05:50.866+0000] {processor.py:830} INFO - Processing file /opt/airflow/dags/ecommerce_pipeline_dag.py for tasks to queue
[2026-09-27T11:05:50.869+0000] {logging_mixin.py:188} INFO - [2026-09-27T11:05:50.869+0000] {dagbag.py:545} INFO - Filling up the DagBag from /opt/airflow/dags/ecommerce_pipeline_dag.py
[2026-09-27T11:05:50.895+0000] {processor.py:840} INFO - DAG(s) 'ecommerce_pipeline' retrieved from /opt/airflow/dags/ecommerce_pipeline_dag.py
[2026-09-27T11:05:50.927+0000] {logging_mixin.py:188} INFO - [2026-09-27T11:05:50.927+0000] {dag.py:3089} INFO - Sync 1 DAGs
[2026-09-27T11:05:50.942+0000] {logging_mixin.py:188} INFO - [2026-09-27T11:05:50.942+0000] {dag.py:3947} INFO - Setting next_dagrun for ecommerce_pipeline to 2026-09-27 00:00:00+00:00, run_after=2026-09-28 00:00:00+00:00
[2026-09-27T11:05:50.952+0000] {processor.py:183} INFO - Processing /opt/airflow/dags/ecommerce_pipeline_dag.py took 0.101 seconds
[2026-09-27T11:06:21.253+0000] {processor.py:161} INFO - Started process (PID=672) to work on /opt/airflow/dags/ecommerce_pipeline_dag.py
[2026-09-27T11:06:21.254+0000] {processor.py:830} INFO - Processing file /opt/airflow/dags/ecommerce_pipeline_dag.py for tasks to queue
[2026-09-27T11:06:21.259+0000] {logging_mixin.py:188} INFO - [2026-09-27T11:06:21.259+0000] {dagbag.py:545} INFO - Filling up the DagBag from /opt/airflow/dags/ecommerce_pipeline_dag.py
[2026-09-27T11:06:21.291+0000] {processor.py:840} INFO - DAG(s) 'ecommerce_pipeline' retrieved from /opt/airflow/dags/ecommerce_pipeline_dag.py
[2026-09-27T11:06:21.324+0000] {logging_mixin.py:188} INFO - [2026-09-27T11:06:21.324+0000] {dag.py:3089} INFO - Sync 1 DAGs
[2026-09-27T11:06:21.339+0000] {logging_mixin.py:188} INFO - [2026-09-27T11:06:21.339+0000] {dag.py:3947} INFO - Setting next_dagrun for ecommerce_pipeline to 2026-09-27 00:00:00+00:00, run_after=2026-09-28 00:00:00+00:00
[2026-09-27T11:06:21.357+0000] {processor.py:183} INFO - Processing /opt/airflow/dags/ecommerce_pipeline_dag.py took 0.119 seconds
[2026-09-27T11:06:51.613+0000] {processor.py:161} INFO - Started process (PID=683) to work on /opt/airflow/dags/ecommerce_pipeline_dag.py
[2026-09-27T11:06:51.615+0000] {processor.py:830} INFO - Processing file /opt/airflow/dags/ecommerce_pipeline_dag.py for tasks to queue
[2026-09-27T11:06:51.620+0000] {logging_mixin.py:188} INFO - [2026-09-27T11:06:51.619+0000] {dagbag.py:545} INFO - Filling up the DagBag from /opt/airflow/dags/ecommerce_pipeline_dag.py
[2026-09-27T11:06:51.662+0000] {processor.py:840} INFO - DAG(s) 'ecommerce_pipeline' retrieved from /opt/airflow/dags/ecommerce_pipeline_dag.py
[2026-09-27T11:06:51.695+0000] {logging_mixin.py:188} INFO - [2026-09-27T11:06:51.695+0000] {dag.py:3089} INFO - Sync 1 DAGs
[2026-09-27T11:06:51.712+0000] {logging_mixin.py:188} INFO - [2026-09-27T11:06:51.712+0000] {dag.py:3947} INFO - Setting next_dagrun for ecommerce_pipeline to 2026-09-27 00:00:00+00:00, run_after=2026-09-28 00:00:00+00:00
[2026-09-27T11:06:51.723+0000] {processor.py:183} INFO - Processing /opt/airflow/dags/ecommerce_pipeline_dag.py took 0.124 seconds
[2026-09-27T11:07:22.007+0000] {processor.py:161} INFO - Started process (PID=721) to work on /opt/airflow/dags/ecommerce_pipeline_dag.py
[2026-09-27T11:07:22.008+0000] {processor.py:830} INFO - Processing file /opt/airflow/dags/ecommerce_pipeline_dag.py for tasks to queue
[2026-09-27T11:07:22.013+0000] {logging_mixin.py:188} INFO - [2026-09-27T11:07:22.012+0000] {dagbag.py:545} INFO - Filling up the DagBag from /opt/airflow/dags/ecommerce_pipeline_dag.py
[2026-09-27T11:07:22.033+0000] {processor.py:840} INFO - DAG(s) 'ecommerce_pipeline' retrieved from /opt/airflow/dags/ecommerce_pipeline_dag.py
[2026-09-27T11:07:22.081+0000] {logging_mixin.py:188} INFO - [2026-09-27T11:07:22.081+0000] {dag.py:3089} INFO - Sync 1 DAGs
[2026-09-27T11:07:22.105+0000] {logging_mixin.py:188} INFO - [2026-09-27T11:07:22.104+0000] {dag.py:3947} INFO - Setting next_dagrun for ecommerce_pipeline to 2026-09-27 00:00:00+00:00, run_after=2026-09-28 00:00:00+00:00
[2026-09-27T11:07:22.116+0000] {processor.py:183} INFO - Processing /opt/airflow/dags/ecommerce_pipeline_dag.py took 0.137 seconds
[2026-09-27T11:07:52.384+0000] {processor.py:161} INFO - Started process (PID=732) to work on /opt/airflow/dags/ecommerce_pipeline_dag.py
[2026-09-27T11:07:52.387+0000] {processor.py:830} INFO - Processing file /opt/airflow/dags/ecommerce_pipeline_dag.py for tasks to queue
[2026-09-27T11:07:52.394+0000] {logging_mixin.py:188} INFO - [2026-09-27T11:07:52.393+0000] {dagbag.py:545} INFO - Filling up the DagBag from /opt/airflow/dags/ecommerce_pipeline_dag.py
[2026-09-27T11:07:52.439+0000] {processor.py:840} INFO - DAG(s) 'ecommerce_pipeline' retrieved from /opt/airflow/dags/ecommerce_pipeline_dag.py
[2026-09-27T11:07:52.514+0000] {logging_mixin.py:188} INFO - [2026-09-27T11:07:52.514+0000] {dag.py:3089} INFO - Sync 1 DAGs
[2026-09-27T11:07:52.553+0000] {logging_mixin.py:188} INFO - [2026-09-27T11:07:52.553+0000] {dag.py:3947} INFO - Setting next_dagrun for ecommerce_pipeline to 2026-09-27 00:00:00+00:00, run_after=2026-09-28 00:00:00+00:00
[2026-09-27T11:07:52.567+0000] {processor.py:183} INFO - Processing /opt/airflow/dags/ecommerce_pipeline_dag.py took 0.194 seconds
