[2026-09-27T10:58:47.607+0000] {local_task_job_runner.py:120} INFO - ::group::Pre task execution logs
[2026-09-27T10:58:47.642+0000] {taskinstance.py:2076} INFO - Dependencies all met for dep_context=non-requeueable deps ti=<TaskInstance: ecommerce_pipeline.dbt_run manual__2026-09-27T10:58:13.162303+00:00 [queued]>
[2026-09-27T10:58:47.647+0000] {taskinstance.py:2076} INFO - Dependencies all met for dep_context=requeueable deps ti=<TaskInstance: ecommerce_pipeline.dbt_run manual__2026-09-27T10:58:13.162303+00:00 [queued]>
[2026-09-27T10:58:47.647+0000] {taskinstance.py:2306} INFO - Starting attempt 1 of 3
[2026-09-27T10:58:47.653+0000] {taskinstance.py:2330} INFO - Executing <Task(BashOperator): dbt_run> on 2026-09-27 10:58:13.162303+00:00
[2026-09-27T10:58:47.657+0000] {logging_mixin.py:188} WARNING - /home/***/.local/lib/python3.12/site-packages/***/task/task_runner/standard_task_runner.py:62 DeprecationWarning: This process (pid=377) is multi-threaded, use of fork() may lead to deadlocks in the child.
[2026-09-27T10:58:47.659+0000] {standard_task_runner.py:64} INFO - Started process 386 to run task
[2026-09-27T10:58:47.658+0000] {standard_task_runner.py:90} INFO - Running: ['***', 'tasks', 'run', 'ecommerce_pipeline', 'dbt_run', 'manual__2026-09-27T10:58:13.162303+00:00', '--job-id', '43', '--raw', '--subdir', 'DAGS_FOLDER/ecommerce_pipeline_dag.py', '--cfg-path', '/tmp/tmp38ti4ckb']
[2026-09-27T10:58:47.660+0000] {standard_task_runner.py:91} INFO - Job 43: Subtask dbt_run
[2026-09-27T10:58:47.694+0000] {task_command.py:426} INFO - Running <TaskInstance: ecommerce_pipeline.dbt_run manual__2026-09-27T10:58:13.162303+00:00 [running]> on host d53a1a690652
[2026-09-27T10:58:47.758+0000] {taskinstance.py:2648} INFO - Exporting env vars: AIRFLOW_CTX_DAG_OWNER='yanis' AIRFLOW_CTX_DAG_ID='ecommerce_pipeline' AIRFLOW_CTX_TASK_ID='dbt_run' AIRFLOW_CTX_EXECUTION_DATE='2026-09-27T10:58:13.162303+00:00' AIRFLOW_CTX_TRY_NUMBER='1' AIRFLOW_CTX_DAG_RUN_ID='manual__2026-09-27T10:58:13.162303+00:00'
[2026-09-27T10:58:47.759+0000] {taskinstance.py:430} INFO - ::endgroup::
[2026-09-27T10:58:47.771+0000] {subprocess.py:63} INFO - Tmp dir root location: /tmp
[2026-09-27T10:58:47.771+0000] {subprocess.py:75} INFO - Running command: ['/usr/bin/bash', '-c', 'cd /opt/***/dbt_project/ecommerce_dbt && dbt run --profiles-dir /opt/***/dbt_project']
[2026-09-27T10:58:47.776+0000] {subprocess.py:86} INFO - Output:
[2026-09-27T10:58:49.105+0000] {subprocess.py:93} INFO - [0m10:58:49  Running with dbt=1.8.0
[2026-09-27T10:58:49.216+0000] {subprocess.py:93} INFO - [0m10:58:49  Registered adapter: postgres=1.8.0
[2026-09-27T10:58:49.444+0000] {subprocess.py:93} INFO - [0m10:58:49  Found 9 models, 7 data tests, 6 sources, 428 macros
[2026-09-27T10:58:49.446+0000] {subprocess.py:93} INFO - [0m10:58:49
[2026-09-27T10:58:49.522+0000] {subprocess.py:93} INFO - [0m10:58:49  Concurrency: 4 threads (target='dev')
[2026-09-27T10:58:49.523+0000] {subprocess.py:93} INFO - [0m10:58:49
[2026-09-27T10:58:49.531+0000] {subprocess.py:93} INFO - [0m10:58:49  1 of 9 START sql view model analytics.stg_customers ............................ [RUN]
[2026-09-27T10:58:49.531+0000] {subprocess.py:93} INFO - [0m10:58:49  2 of 9 START sql view model analytics.stg_order_items .......................... [RUN]
[2026-09-27T10:58:49.532+0000] {subprocess.py:93} INFO - [0m10:58:49  3 of 9 START sql view model analytics.stg_orders ............................... [RUN]
[2026-09-27T10:58:49.532+0000] {subprocess.py:93} INFO - [0m10:58:49  4 of 9 START sql view model analytics.stg_payments ............................. [RUN]
[2026-09-27T10:58:49.653+0000] {subprocess.py:93} INFO - [0m10:58:49  1 of 9 OK created sql view model analytics.stg_customers ....................... [[32mCREATE VIEW[0m in 0.12s]
[2026-09-27T10:58:49.659+0000] {subprocess.py:93} INFO - [0m10:58:49  5 of 9 START sql view model analytics.stg_products ............................. [RUN]
[2026-09-27T10:58:49.660+0000] {subprocess.py:93} INFO - [0m10:58:49  4 of 9 OK created sql view model analytics.stg_payments ........................ [[32mCREATE VIEW[0m in 0.12s]
[2026-09-27T10:58:49.661+0000] {subprocess.py:93} INFO - [0m10:58:49  3 of 9 OK created sql view model analytics.stg_orders .......................... [[32mCREATE VIEW[0m in 0.12s]
[2026-09-27T10:58:49.664+0000] {subprocess.py:93} INFO - [0m10:58:49  2 of 9 OK created sql view model analytics.stg_order_items ..................... [[32mCREATE VIEW[0m in 0.13s]
[2026-09-27T10:58:49.666+0000] {subprocess.py:93} INFO - [0m10:58:49  6 of 9 START sql view model analytics.dim_customers ............................ [RUN]
[2026-09-27T10:58:49.667+0000] {subprocess.py:93} INFO - [0m10:58:49  7 of 9 START sql view model analytics.int_orders_with_payments ................. [RUN]
[2026-09-27T10:58:49.733+0000] {subprocess.py:93} INFO - [0m10:58:49  5 of 9 OK created sql view model analytics.stg_products ........................ [[32mCREATE VIEW[0m in 0.07s]
[2026-09-27T10:58:49.735+0000] {subprocess.py:93} INFO - [0m10:58:49  6 of 9 OK created sql view model analytics.dim_customers ....................... [[32mCREATE VIEW[0m in 0.07s]
[2026-09-27T10:58:49.736+0000] {subprocess.py:93} INFO - [0m10:58:49  7 of 9 OK created sql view model analytics.int_orders_with_payments ............ [[32mCREATE VIEW[0m in 0.07s]
[2026-09-27T10:58:49.737+0000] {subprocess.py:93} INFO - [0m10:58:49  8 of 9 START sql view model analytics.dim_products ............................. [RUN]
[2026-09-27T10:58:49.738+0000] {subprocess.py:93} INFO - [0m10:58:49  9 of 9 START sql view model analytics.fct_orders ............................... [RUN]
[2026-09-27T10:58:49.773+0000] {subprocess.py:93} INFO - [0m10:58:49  8 of 9 OK created sql view model analytics.dim_products ........................ [[32mCREATE VIEW[0m in 0.03s]
[2026-09-27T10:58:49.774+0000] {subprocess.py:93} INFO - [0m10:58:49  9 of 9 OK created sql view model analytics.fct_orders .......................... [[32mCREATE VIEW[0m in 0.03s]
[2026-09-27T10:58:49.784+0000] {subprocess.py:93} INFO - [0m10:58:49
[2026-09-27T10:58:49.784+0000] {subprocess.py:93} INFO - [0m10:58:49  Finished running 9 view models in 0 hours 0 minutes and 0.34 seconds (0.34s).
[2026-09-27T10:58:49.812+0000] {subprocess.py:93} INFO - [0m10:58:49
[2026-09-27T10:58:49.812+0000] {subprocess.py:93} INFO - [0m10:58:49  [32mCompleted successfully[0m
[2026-09-27T10:58:49.813+0000] {subprocess.py:93} INFO - [0m10:58:49
[2026-09-27T10:58:49.813+0000] {subprocess.py:93} INFO - [0m10:58:49  Done. PASS=9 WARN=0 ERROR=0 SKIP=0 TOTAL=9
[2026-09-27T10:58:50.526+0000] {subprocess.py:97} INFO - Command exited with return code 0
[2026-09-27T10:58:50.529+0000] {taskinstance.py:441} INFO - ::group::Post task execution logs
[2026-09-27T10:58:50.565+0000] {taskinstance.py:1206} INFO - Marking task as SUCCESS. dag_id=ecommerce_pipeline, task_id=dbt_run, run_id=manual__2026-09-27T10:58:13.162303+00:00, execution_date=20260927T105813, start_date=20260927T105847, end_date=20260927T105850
[2026-09-27T10:58:50.608+0000] {local_task_job_runner.py:243} INFO - Task exited with return code 0
[2026-09-27T10:58:50.625+0000] {local_task_job_runner.py:222} INFO - ::endgroup::
