[2026-09-27T11:07:09.112+0000] {local_task_job_runner.py:120} INFO - ::group::Pre task execution logs
[2026-09-27T11:07:09.148+0000] {taskinstance.py:2076} INFO - Dependencies all met for dep_context=non-requeueable deps ti=<TaskInstance: ecommerce_pipeline.dbt_run manual__2026-09-27T10:49:30.880976+00:00 [queued]>
[2026-09-27T11:07:09.153+0000] {taskinstance.py:2076} INFO - Dependencies all met for dep_context=requeueable deps ti=<TaskInstance: ecommerce_pipeline.dbt_run manual__2026-09-27T10:49:30.880976+00:00 [queued]>
[2026-09-27T11:07:09.153+0000] {taskinstance.py:2306} INFO - Starting attempt 3 of 3
[2026-09-27T11:07:09.163+0000] {taskinstance.py:2330} INFO - Executing <Task(BashOperator): dbt_run> on 2026-09-27 10:49:30.880976+00:00
[2026-09-27T11:07:09.170+0000] {standard_task_runner.py:90} INFO - Running: ['***', 'tasks', 'run', 'ecommerce_pipeline', 'dbt_run', 'manual__2026-09-27T10:49:30.880976+00:00', '--job-id', '52', '--raw', '--subdir', 'DAGS_FOLDER/ecommerce_pipeline_dag.py', '--cfg-path', '/tmp/tmp7c7yk8k0']
[2026-09-27T11:07:09.174+0000] {standard_task_runner.py:91} INFO - Job 52: Subtask dbt_run
[2026-09-27T11:07:09.173+0000] {logging_mixin.py:188} WARNING - /home/***/.local/lib/python3.12/site-packages/***/task/task_runner/standard_task_runner.py:62 DeprecationWarning: This process (pid=694) is multi-threaded, use of fork() may lead to deadlocks in the child.
[2026-09-27T11:07:09.177+0000] {standard_task_runner.py:64} INFO - Started process 695 to run task
[2026-09-27T11:07:09.251+0000] {task_command.py:426} INFO - Running <TaskInstance: ecommerce_pipeline.dbt_run manual__2026-09-27T10:49:30.880976+00:00 [running]> on host d53a1a690652
[2026-09-27T11:07:09.356+0000] {taskinstance.py:2648} INFO - Exporting env vars: AIRFLOW_CTX_DAG_OWNER='yanis' AIRFLOW_CTX_DAG_ID='ecommerce_pipeline' AIRFLOW_CTX_TASK_ID='dbt_run' AIRFLOW_CTX_EXECUTION_DATE='2026-09-27T10:49:30.880976+00:00' AIRFLOW_CTX_TRY_NUMBER='3' AIRFLOW_CTX_DAG_RUN_ID='manual__2026-09-27T10:49:30.880976+00:00'
[2026-09-27T11:07:09.359+0000] {taskinstance.py:430} INFO - ::endgroup::
[2026-09-27T11:07:09.373+0000] {subprocess.py:63} INFO - Tmp dir root location: /tmp
[2026-09-27T11:07:09.375+0000] {subprocess.py:75} INFO - Running command: ['/usr/bin/bash', '-c', 'cd /opt/***/dbt_project/ecommerce_dbt && dbt run --profiles-dir /opt/***/dbt_project']
[2026-09-27T11:07:09.385+0000] {subprocess.py:86} INFO - Output:
[2026-09-27T11:07:10.772+0000] {subprocess.py:93} INFO - [0m11:07:10  Running with dbt=1.8.0
[2026-09-27T11:07:10.886+0000] {subprocess.py:93} INFO - [0m11:07:10  Registered adapter: postgres=1.8.0
[2026-09-27T11:07:11.198+0000] {subprocess.py:93} INFO - [0m11:07:11  Found 9 models, 7 data tests, 6 sources, 428 macros
[2026-09-27T11:07:11.200+0000] {subprocess.py:93} INFO - [0m11:07:11
[2026-09-27T11:07:11.274+0000] {subprocess.py:93} INFO - [0m11:07:11  Concurrency: 4 threads (target='dev')
[2026-09-27T11:07:11.275+0000] {subprocess.py:93} INFO - [0m11:07:11
[2026-09-27T11:07:11.282+0000] {subprocess.py:93} INFO - [0m11:07:11  1 of 9 START sql view model analytics.stg_customers ............................ [RUN]
[2026-09-27T11:07:11.282+0000] {subprocess.py:93} INFO - [0m11:07:11  2 of 9 START sql view model analytics.stg_order_items .......................... [RUN]
[2026-09-27T11:07:11.283+0000] {subprocess.py:93} INFO - [0m11:07:11  3 of 9 START sql view model analytics.stg_orders ............................... [RUN]
[2026-09-27T11:07:11.283+0000] {subprocess.py:93} INFO - [0m11:07:11  4 of 9 START sql view model analytics.stg_payments ............................. [RUN]
[2026-09-27T11:07:11.411+0000] {subprocess.py:93} INFO - [0m11:07:11  2 of 9 OK created sql view model analytics.stg_order_items ..................... [[32mCREATE VIEW[0m in 0.12s]
[2026-09-27T11:07:11.423+0000] {subprocess.py:93} INFO - [0m11:07:11  4 of 9 OK created sql view model analytics.stg_payments ........................ [[32mCREATE VIEW[0m in 0.13s]
[2026-09-27T11:07:11.425+0000] {subprocess.py:93} INFO - [0m11:07:11  3 of 9 OK created sql view model analytics.stg_orders .......................... [[32mCREATE VIEW[0m in 0.13s]
[2026-09-27T11:07:11.426+0000] {subprocess.py:93} INFO - [0m11:07:11  1 of 9 OK created sql view model analytics.stg_customers ....................... [[32mCREATE VIEW[0m in 0.13s]
[2026-09-27T11:07:11.428+0000] {subprocess.py:93} INFO - [0m11:07:11  5 of 9 START sql view model analytics.stg_products ............................. [RUN]
[2026-09-27T11:07:11.430+0000] {subprocess.py:93} INFO - [0m11:07:11  6 of 9 START sql view model analytics.int_orders_with_payments ................. [RUN]
[2026-09-27T11:07:11.430+0000] {subprocess.py:93} INFO - [0m11:07:11  7 of 9 START sql view model analytics.dim_customers ............................ [RUN]
[2026-09-27T11:07:11.484+0000] {subprocess.py:93} INFO - [0m11:07:11  7 of 9 OK created sql view model analytics.dim_customers ....................... [[32mCREATE VIEW[0m in 0.05s]
[2026-09-27T11:07:11.484+0000] {subprocess.py:93} INFO - [0m11:07:11  6 of 9 OK created sql view model analytics.int_orders_with_payments ............ [[32mCREATE VIEW[0m in 0.05s]
[2026-09-27T11:07:11.487+0000] {subprocess.py:93} INFO - [0m11:07:11  5 of 9 OK created sql view model analytics.stg_products ........................ [[32mCREATE VIEW[0m in 0.06s]
[2026-09-27T11:07:11.487+0000] {subprocess.py:93} INFO - [0m11:07:11  8 of 9 START sql view model analytics.fct_orders ............................... [RUN]
[2026-09-27T11:07:11.489+0000] {subprocess.py:93} INFO - [0m11:07:11  9 of 9 START sql view model analytics.dim_products ............................. [RUN]
[2026-09-27T11:07:11.519+0000] {subprocess.py:93} INFO - [0m11:07:11  8 of 9 OK created sql view model analytics.fct_orders .......................... [[32mCREATE VIEW[0m in 0.03s]
[2026-09-27T11:07:11.520+0000] {subprocess.py:93} INFO - [0m11:07:11  9 of 9 OK created sql view model analytics.dim_products ........................ [[32mCREATE VIEW[0m in 0.03s]
[2026-09-27T11:07:11.529+0000] {subprocess.py:93} INFO - [0m11:07:11
[2026-09-27T11:07:11.530+0000] {subprocess.py:93} INFO - [0m11:07:11  Finished running 9 view models in 0 hours 0 minutes and 0.33 seconds (0.33s).
[2026-09-27T11:07:11.553+0000] {subprocess.py:93} INFO - [0m11:07:11
[2026-09-27T11:07:11.554+0000] {subprocess.py:93} INFO - [0m11:07:11  [32mCompleted successfully[0m
[2026-09-27T11:07:11.554+0000] {subprocess.py:93} INFO - [0m11:07:11
[2026-09-27T11:07:11.555+0000] {subprocess.py:93} INFO - [0m11:07:11  Done. PASS=9 WARN=0 ERROR=0 SKIP=0 TOTAL=9
[2026-09-27T11:07:12.618+0000] {subprocess.py:97} INFO - Command exited with return code 0
[2026-09-27T11:07:12.620+0000] {taskinstance.py:441} INFO - ::group::Post task execution logs
[2026-09-27T11:07:12.660+0000] {taskinstance.py:1206} INFO - Marking task as SUCCESS. dag_id=ecommerce_pipeline, task_id=dbt_run, run_id=manual__2026-09-27T10:49:30.880976+00:00, execution_date=20260927T104930, start_date=20260927T110709, end_date=20260927T110712
[2026-09-27T11:07:12.695+0000] {local_task_job_runner.py:243} INFO - Task exited with return code 0
[2026-09-27T11:07:12.719+0000] {taskinstance.py:3503} INFO - 1 downstream tasks scheduled from follow-on schedule check
[2026-09-27T11:07:12.720+0000] {local_task_job_runner.py:222} INFO - ::endgroup::
