[2026-09-27T11:02:05.032+0000] {local_task_job_runner.py:120} INFO - ::group::Pre task execution logs
[2026-09-27T11:02:05.078+0000] {taskinstance.py:2076} INFO - Dependencies all met for dep_context=non-requeueable deps ti=<TaskInstance: ecommerce_pipeline.dbt_run manual__2026-09-27T10:49:30.880976+00:00 [queued]>
[2026-09-27T11:02:05.084+0000] {taskinstance.py:2076} INFO - Dependencies all met for dep_context=requeueable deps ti=<TaskInstance: ecommerce_pipeline.dbt_run manual__2026-09-27T10:49:30.880976+00:00 [queued]>
[2026-09-27T11:02:05.085+0000] {taskinstance.py:2306} INFO - Starting attempt 2 of 3
[2026-09-27T11:02:05.093+0000] {taskinstance.py:2330} INFO - Executing <Task(BashOperator): dbt_run> on 2026-09-27 10:49:30.880976+00:00
[2026-09-27T11:02:05.099+0000] {logging_mixin.py:188} WARNING - /home/***/.local/lib/python3.12/site-packages/***/task/task_runner/standard_task_runner.py:62 DeprecationWarning: This process (pid=497) is multi-threaded, use of fork() may lead to deadlocks in the child.
[2026-09-27T11:02:05.098+0000] {standard_task_runner.py:90} INFO - Running: ['***', 'tasks', 'run', 'ecommerce_pipeline', 'dbt_run', 'manual__2026-09-27T10:49:30.880976+00:00', '--job-id', '46', '--raw', '--subdir', 'DAGS_FOLDER/ecommerce_pipeline_dag.py', '--cfg-path', '/tmp/tmpwrs9abpl']
[2026-09-27T11:02:05.100+0000] {standard_task_runner.py:64} INFO - Started process 499 to run task
[2026-09-27T11:02:05.101+0000] {standard_task_runner.py:91} INFO - Job 46: Subtask dbt_run
[2026-09-27T11:02:05.163+0000] {task_command.py:426} INFO - Running <TaskInstance: ecommerce_pipeline.dbt_run manual__2026-09-27T10:49:30.880976+00:00 [running]> on host d53a1a690652
[2026-09-27T11:02:05.230+0000] {taskinstance.py:2648} INFO - Exporting env vars: AIRFLOW_CTX_DAG_OWNER='yanis' AIRFLOW_CTX_DAG_ID='ecommerce_pipeline' AIRFLOW_CTX_TASK_ID='dbt_run' AIRFLOW_CTX_EXECUTION_DATE='2026-09-27T10:49:30.880976+00:00' AIRFLOW_CTX_TRY_NUMBER='2' AIRFLOW_CTX_DAG_RUN_ID='manual__2026-09-27T10:49:30.880976+00:00'
[2026-09-27T11:02:05.232+0000] {taskinstance.py:430} INFO - ::endgroup::
[2026-09-27T11:02:05.246+0000] {subprocess.py:63} INFO - Tmp dir root location: /tmp
[2026-09-27T11:02:05.247+0000] {subprocess.py:75} INFO - Running command: ['/usr/bin/bash', '-c', 'cd /opt/***/dbt_project/ecommerce_dbt && dbt run --profiles-dir /opt/***/dbt_project']
[2026-09-27T11:02:05.253+0000] {subprocess.py:86} INFO - Output:
[2026-09-27T11:02:06.779+0000] {subprocess.py:93} INFO - [0m11:02:06  Running with dbt=1.8.0
[2026-09-27T11:02:06.913+0000] {subprocess.py:93} INFO - [0m11:02:06  Registered adapter: postgres=1.8.0
[2026-09-27T11:02:07.178+0000] {subprocess.py:93} INFO - [0m11:02:07  Found 9 models, 7 data tests, 6 sources, 428 macros
[2026-09-27T11:02:07.180+0000] {subprocess.py:93} INFO - [0m11:02:07
[2026-09-27T11:02:07.267+0000] {subprocess.py:93} INFO - [0m11:02:07  Concurrency: 4 threads (target='dev')
[2026-09-27T11:02:07.268+0000] {subprocess.py:93} INFO - [0m11:02:07
[2026-09-27T11:02:07.277+0000] {subprocess.py:93} INFO - [0m11:02:07  1 of 9 START sql view model analytics.stg_customers ............................ [RUN]
[2026-09-27T11:02:07.277+0000] {subprocess.py:93} INFO - [0m11:02:07  2 of 9 START sql view model analytics.stg_order_items .......................... [RUN]
[2026-09-27T11:02:07.278+0000] {subprocess.py:93} INFO - [0m11:02:07  3 of 9 START sql view model analytics.stg_orders ............................... [RUN]
[2026-09-27T11:02:07.279+0000] {subprocess.py:93} INFO - [0m11:02:07  4 of 9 START sql view model analytics.stg_payments ............................. [RUN]
[2026-09-27T11:02:07.375+0000] {subprocess.py:93} INFO - [0m11:02:07  2 of 9 OK created sql view model analytics.stg_order_items ..................... [[32mCREATE VIEW[0m in 0.09s]
[2026-09-27T11:02:07.376+0000] {subprocess.py:93} INFO - [0m11:02:07  5 of 9 START sql view model analytics.stg_products ............................. [RUN]
[2026-09-27T11:02:07.408+0000] {subprocess.py:93} INFO - [0m11:02:07  5 of 9 OK created sql view model analytics.stg_products ........................ [[32mCREATE VIEW[0m in 0.03s]
[2026-09-27T11:02:07.414+0000] {subprocess.py:93} INFO - [0m11:02:07  6 of 9 START sql view model analytics.dim_products ............................. [RUN]
[2026-09-27T11:02:07.427+0000] {subprocess.py:93} INFO - [0m11:02:07  3 of 9 ERROR creating sql view model analytics.stg_orders ...................... [[31mERROR[0m in 0.15s]
[2026-09-27T11:02:07.428+0000] {subprocess.py:93} INFO - [0m11:02:07  4 of 9 ERROR creating sql view model analytics.stg_payments .................... [[31mERROR[0m in 0.15s]
[2026-09-27T11:02:07.428+0000] {subprocess.py:93} INFO - [0m11:02:07  1 of 9 ERROR creating sql view model analytics.stg_customers ................... [[31mERROR[0m in 0.15s]
[2026-09-27T11:02:07.432+0000] {subprocess.py:93} INFO - [0m11:02:07  7 of 9 SKIP relation analytics.int_orders_with_payments ........................ [[33mSKIP[0m]
[2026-09-27T11:02:07.433+0000] {subprocess.py:93} INFO - [0m11:02:07  8 of 9 SKIP relation analytics.dim_customers ................................... [[33mSKIP[0m]
[2026-09-27T11:02:07.434+0000] {subprocess.py:93} INFO - [0m11:02:07  9 of 9 SKIP relation analytics.fct_orders ...................................... [[33mSKIP[0m]
[2026-09-27T11:02:07.452+0000] {subprocess.py:93} INFO - [0m11:02:07  6 of 9 OK created sql view model analytics.dim_products ........................ [[32mCREATE VIEW[0m in 0.04s]
[2026-09-27T11:02:07.464+0000] {subprocess.py:93} INFO - [0m11:02:07
[2026-09-27T11:02:07.464+0000] {subprocess.py:93} INFO - [0m11:02:07  Finished running 9 view models in 0 hours 0 minutes and 0.28 seconds (0.28s).
[2026-09-27T11:02:07.516+0000] {subprocess.py:93} INFO - [0m11:02:07
[2026-09-27T11:02:07.517+0000] {subprocess.py:93} INFO - [0m11:02:07  [31mCompleted with 3 errors and 0 warnings:[0m
[2026-09-27T11:02:07.517+0000] {subprocess.py:93} INFO - [0m11:02:07
[2026-09-27T11:02:07.518+0000] {subprocess.py:93} INFO - [0m11:02:07    Database Error in model stg_orders (models/staging/stg_orders.sql)
[2026-09-27T11:02:07.518+0000] {subprocess.py:93} INFO -   relation "stg_orders__dbt_backup" already exists
[2026-09-27T11:02:07.518+0000] {subprocess.py:93} INFO -   compiled code at target/run/ecommerce_dbt/models/staging/stg_orders.sql
[2026-09-27T11:02:07.519+0000] {subprocess.py:93} INFO - [0m11:02:07
[2026-09-27T11:02:07.520+0000] {subprocess.py:93} INFO - [0m11:02:07    Database Error in model stg_payments (models/staging/stg_payments.sql)
[2026-09-27T11:02:07.520+0000] {subprocess.py:93} INFO -   relation "stg_payments__dbt_backup" already exists
[2026-09-27T11:02:07.521+0000] {subprocess.py:93} INFO -   compiled code at target/run/ecommerce_dbt/models/staging/stg_payments.sql
[2026-09-27T11:02:07.521+0000] {subprocess.py:93} INFO - [0m11:02:07
[2026-09-27T11:02:07.523+0000] {subprocess.py:93} INFO - [0m11:02:07    Database Error in model stg_customers (models/staging/stg_customers.sql)
[2026-09-27T11:02:07.524+0000] {subprocess.py:93} INFO -   relation "stg_customers__dbt_backup" already exists
[2026-09-27T11:02:07.525+0000] {subprocess.py:93} INFO -   compiled code at target/run/ecommerce_dbt/models/staging/stg_customers.sql
[2026-09-27T11:02:07.528+0000] {subprocess.py:93} INFO - [0m11:02:07
[2026-09-27T11:02:07.530+0000] {subprocess.py:93} INFO - [0m11:02:07  Done. PASS=3 WARN=0 ERROR=3 SKIP=3 TOTAL=9
[2026-09-27T11:02:08.368+0000] {subprocess.py:97} INFO - Command exited with return code 1
[2026-09-27T11:02:08.372+0000] {taskinstance.py:441} INFO - ::group::Post task execution logs
[2026-09-27T11:02:08.408+0000] {taskinstance.py:2905} ERROR - Task failed with exception
Traceback (most recent call last):
  File "/home/airflow/.local/lib/python3.12/site-packages/airflow/models/taskinstance.py", line 465, in _execute_task
    result = _execute_callable(context=context, **execute_callable_kwargs)
             ^^^^^^^^^^^^^^^^^^^^^^^^^^^^^^^^^^^^^^^^^^^^^^^^^^^^^^^^^^^^^
  File "/home/airflow/.local/lib/python3.12/site-packages/airflow/models/taskinstance.py", line 432, in _execute_callable
    return execute_callable(context=context, **execute_callable_kwargs)
           ^^^^^^^^^^^^^^^^^^^^^^^^^^^^^^^^^^^^^^^^^^^^^^^^^^^^^^^^^^^^
  File "/home/airflow/.local/lib/python3.12/site-packages/airflow/models/baseoperator.py", line 401, in wrapper
    return func(self, *args, **kwargs)
           ^^^^^^^^^^^^^^^^^^^^^^^^^^^
  File "/home/airflow/.local/lib/python3.12/site-packages/airflow/operators/bash.py", line 243, in execute
    raise AirflowException(
airflow.exceptions.AirflowException: Bash command failed. The command returned a non-zero exit code 1.
[2026-09-27T11:02:08.416+0000] {taskinstance.py:1206} INFO - Marking task as UP_FOR_RETRY. dag_id=ecommerce_pipeline, task_id=dbt_run, run_id=manual__2026-09-27T10:49:30.880976+00:00, execution_date=20260927T104930, start_date=20260927T110205, end_date=20260927T110208
[2026-09-27T11:02:08.428+0000] {standard_task_runner.py:110} ERROR - Failed to execute job 46 for task dbt_run (Bash command failed. The command returned a non-zero exit code 1.; 499)
[2026-09-27T11:02:08.471+0000] {local_task_job_runner.py:243} INFO - Task exited with return code 1
[2026-09-27T11:02:08.514+0000] {taskinstance.py:3503} INFO - 0 downstream tasks scheduled from follow-on schedule check
[2026-09-27T11:02:08.516+0000] {local_task_job_runner.py:222} INFO - ::endgroup::
