[2026-09-27T10:56:59.949+0000] {local_task_job_runner.py:120} INFO - ::group::Pre task execution logs
[2026-09-27T10:57:00.038+0000] {taskinstance.py:2076} INFO - Dependencies all met for dep_context=non-requeueable deps ti=<TaskInstance: ecommerce_pipeline.dbt_run manual__2026-09-27T10:49:30.880976+00:00 [queued]>
[2026-09-27T10:57:00.051+0000] {taskinstance.py:2076} INFO - Dependencies all met for dep_context=requeueable deps ti=<TaskInstance: ecommerce_pipeline.dbt_run manual__2026-09-27T10:49:30.880976+00:00 [queued]>
[2026-09-27T10:57:00.051+0000] {taskinstance.py:2306} INFO - Starting attempt 1 of 3
[2026-09-27T10:57:00.064+0000] {taskinstance.py:2330} INFO - Executing <Task(BashOperator): dbt_run> on 2026-09-27 10:49:30.880976+00:00
[2026-09-27T10:57:00.071+0000] {logging_mixin.py:188} WARNING - /home/***/.local/lib/python3.12/site-packages/***/task/task_runner/standard_task_runner.py:62 DeprecationWarning: This process (pid=213) is multi-threaded, use of fork() may lead to deadlocks in the child.
[2026-09-27T10:57:00.070+0000] {standard_task_runner.py:90} INFO - Running: ['***', 'tasks', 'run', 'ecommerce_pipeline', 'dbt_run', 'manual__2026-09-27T10:49:30.880976+00:00', '--job-id', '35', '--raw', '--subdir', 'DAGS_FOLDER/ecommerce_pipeline_dag.py', '--cfg-path', '/tmp/tmpib2foqfk']
[2026-09-27T10:57:00.073+0000] {standard_task_runner.py:64} INFO - Started process 216 to run task
[2026-09-27T10:57:00.073+0000] {standard_task_runner.py:91} INFO - Job 35: Subtask dbt_run
[2026-09-27T10:57:00.131+0000] {task_command.py:426} INFO - Running <TaskInstance: ecommerce_pipeline.dbt_run manual__2026-09-27T10:49:30.880976+00:00 [running]> on host d53a1a690652
[2026-09-27T10:57:00.213+0000] {taskinstance.py:2648} INFO - Exporting env vars: AIRFLOW_CTX_DAG_OWNER='yanis' AIRFLOW_CTX_DAG_ID='ecommerce_pipeline' AIRFLOW_CTX_TASK_ID='dbt_run' AIRFLOW_CTX_EXECUTION_DATE='2026-09-27T10:49:30.880976+00:00' AIRFLOW_CTX_TRY_NUMBER='1' AIRFLOW_CTX_DAG_RUN_ID='manual__2026-09-27T10:49:30.880976+00:00'
[2026-09-27T10:57:00.214+0000] {taskinstance.py:430} INFO - ::endgroup::
[2026-09-27T10:57:00.241+0000] {subprocess.py:63} INFO - Tmp dir root location: /tmp
[2026-09-27T10:57:00.242+0000] {subprocess.py:75} INFO - Running command: ['/usr/bin/bash', '-c', 'cd /opt/***/dbt_project/ecommerce_dbt && dbt run --profiles-dir /opt/***/dbt_project']
[2026-09-27T10:57:00.249+0000] {subprocess.py:86} INFO - Output:
[2026-09-27T10:57:01.851+0000] {subprocess.py:93} INFO - [0m10:57:01  Running with dbt=1.8.0
[2026-09-27T10:57:02.000+0000] {subprocess.py:93} INFO - [0m10:57:02  Registered adapter: postgres=1.8.0
[2026-09-27T10:57:02.161+0000] {subprocess.py:93} INFO - [0m10:57:02  Unable to do partial parsing because of a version mismatch
[2026-09-27T10:57:02.596+0000] {subprocess.py:93} INFO - [0m10:57:02  [[33mWARNING[0m]: Deprecated functionality
[2026-09-27T10:57:02.597+0000] {subprocess.py:93} INFO - The `tests` config has been renamed to `data_tests`. Please see
[2026-09-27T10:57:02.597+0000] {subprocess.py:93} INFO - https://docs.getdbt.com/docs/build/data-tests#new-data_tests-syntax for more
[2026-09-27T10:57:02.597+0000] {subprocess.py:93} INFO - information.
[2026-09-27T10:57:02.877+0000] {subprocess.py:93} INFO - [0m10:57:02  Found 9 models, 7 data tests, 6 sources, 428 macros
[2026-09-27T10:57:02.881+0000] {subprocess.py:93} INFO - [0m10:57:02
[2026-09-27T10:57:02.992+0000] {subprocess.py:93} INFO - [0m10:57:02  Concurrency: 4 threads (target='dev')
[2026-09-27T10:57:02.993+0000] {subprocess.py:93} INFO - [0m10:57:02
[2026-09-27T10:57:03.000+0000] {subprocess.py:93} INFO - [0m10:57:03  1 of 9 START sql view model analytics.stg_customers ............................ [RUN]
[2026-09-27T10:57:03.001+0000] {subprocess.py:93} INFO - [0m10:57:03  2 of 9 START sql view model analytics.stg_order_items .......................... [RUN]
[2026-09-27T10:57:03.001+0000] {subprocess.py:93} INFO - [0m10:57:03  3 of 9 START sql view model analytics.stg_orders ............................... [RUN]
[2026-09-27T10:57:03.002+0000] {subprocess.py:93} INFO - [0m10:57:03  4 of 9 START sql view model analytics.stg_payments ............................. [RUN]
[2026-09-27T10:57:03.100+0000] {subprocess.py:93} INFO - [0m10:57:03  1 of 9 OK created sql view model analytics.stg_customers ....................... [[32mCREATE VIEW[0m in 0.10s]
[2026-09-27T10:57:03.101+0000] {subprocess.py:93} INFO - [0m10:57:03  5 of 9 START sql view model analytics.stg_products ............................. [RUN]
[2026-09-27T10:57:03.139+0000] {subprocess.py:93} INFO - [0m10:57:03  2 of 9 ERROR creating sql view model analytics.stg_order_items ................. [[31mERROR[0m in 0.14s]
[2026-09-27T10:57:03.140+0000] {subprocess.py:93} INFO - [0m10:57:03  4 of 9 ERROR creating sql view model analytics.stg_payments .................... [[31mERROR[0m in 0.14s]
[2026-09-27T10:57:03.145+0000] {subprocess.py:93} INFO - [0m10:57:03  6 of 9 START sql view model analytics.dim_customers ............................ [RUN]
[2026-09-27T10:57:03.148+0000] {subprocess.py:93} INFO - [0m10:57:03  3 of 9 OK created sql view model analytics.stg_orders .......................... [[32mCREATE VIEW[0m in 0.14s]
[2026-09-27T10:57:03.156+0000] {subprocess.py:93} INFO - [0m10:57:03  7 of 9 SKIP relation analytics.int_orders_with_payments ........................ [[33mSKIP[0m]
[2026-09-27T10:57:03.163+0000] {subprocess.py:93} INFO - [0m10:57:03  8 of 9 SKIP relation analytics.fct_orders ...................................... [[33mSKIP[0m]
[2026-09-27T10:57:03.171+0000] {subprocess.py:93} INFO - [0m10:57:03  5 of 9 OK created sql view model analytics.stg_products ........................ [[32mCREATE VIEW[0m in 0.07s]
[2026-09-27T10:57:03.173+0000] {subprocess.py:93} INFO - [0m10:57:03  9 of 9 START sql view model analytics.dim_products ............................. [RUN]
[2026-09-27T10:57:03.196+0000] {subprocess.py:93} INFO - [0m10:57:03  6 of 9 ERROR creating sql view model analytics.dim_customers ................... [[31mERROR[0m in 0.05s]
[2026-09-27T10:57:03.203+0000] {subprocess.py:93} INFO - [0m10:57:03  9 of 9 OK created sql view model analytics.dim_products ........................ [[32mCREATE VIEW[0m in 0.03s]
[2026-09-27T10:57:03.214+0000] {subprocess.py:93} INFO - [0m10:57:03
[2026-09-27T10:57:03.214+0000] {subprocess.py:93} INFO - [0m10:57:03  Finished running 9 view models in 0 hours 0 minutes and 0.33 seconds (0.33s).
[2026-09-27T10:57:03.245+0000] {subprocess.py:93} INFO - [0m10:57:03
[2026-09-27T10:57:03.246+0000] {subprocess.py:93} INFO - [0m10:57:03  [31mCompleted with 3 errors and 0 warnings:[0m
[2026-09-27T10:57:03.246+0000] {subprocess.py:93} INFO - [0m10:57:03
[2026-09-27T10:57:03.246+0000] {subprocess.py:93} INFO - [0m10:57:03    Database Error in model stg_order_items (models/staging/stg_order_items.sql)
[2026-09-27T10:57:03.246+0000] {subprocess.py:93} INFO -   relation "stg_order_items__dbt_backup" already exists
[2026-09-27T10:57:03.247+0000] {subprocess.py:93} INFO -   compiled code at target/run/ecommerce_dbt/models/staging/stg_order_items.sql
[2026-09-27T10:57:03.247+0000] {subprocess.py:93} INFO - [0m10:57:03
[2026-09-27T10:57:03.247+0000] {subprocess.py:93} INFO - [0m10:57:03    Database Error in model stg_payments (models/staging/stg_payments.sql)
[2026-09-27T10:57:03.247+0000] {subprocess.py:93} INFO -   relation "stg_payments__dbt_backup" already exists
[2026-09-27T10:57:03.247+0000] {subprocess.py:93} INFO -   compiled code at target/run/ecommerce_dbt/models/staging/stg_payments.sql
[2026-09-27T10:57:03.247+0000] {subprocess.py:93} INFO - [0m10:57:03
[2026-09-27T10:57:03.247+0000] {subprocess.py:93} INFO - [0m10:57:03    Database Error in model dim_customers (models/marts/dim_customers.sql)
[2026-09-27T10:57:03.248+0000] {subprocess.py:93} INFO -   relation "dim_customers" already exists
[2026-09-27T10:57:03.248+0000] {subprocess.py:93} INFO -   compiled code at target/run/ecommerce_dbt/models/marts/dim_customers.sql
[2026-09-27T10:57:03.248+0000] {subprocess.py:93} INFO - [0m10:57:03
[2026-09-27T10:57:03.248+0000] {subprocess.py:93} INFO - [0m10:57:03  Done. PASS=4 WARN=0 ERROR=3 SKIP=2 TOTAL=9
[2026-09-27T10:57:04.379+0000] {subprocess.py:97} INFO - Command exited with return code 1
[2026-09-27T10:57:04.381+0000] {taskinstance.py:441} INFO - ::group::Post task execution logs
[2026-09-27T10:57:04.424+0000] {taskinstance.py:2905} ERROR - Task failed with exception
Traceback (most recent call last):
  File "/home/airflow/.local/lib/python3.12/site-packages/airflow/models/taskinstance.py", line 465, in _execute_task
    result = _execute_callable(context=context, **execute_callable_kwargs)
             ^^^^^^^^^^^^^^^^^^^^^^^^^^^^^^^^^^^^^^^^^^^^^^^^^^^^^^^^^^^^^
  File "/home/airflow/.local/lib/python3.12/site-packages/airflow/models/taskinstance.py", line 432, in _execute_callable
    return execute_callable(context=context, **execute_callable_kwargs)
           ^^^^^^^^^^^^^^^^^^^^^^^^^^^^^^^^^^^^^^^^^^^^^^^^^^^^^^^^^^^^
  File "/home/airflow/.local/lib/python3.12/site-packages/airflow/models/baseoperator.py", line 401, in wrapper
    return func(self, *args, **kwargs)
           ^^^^^^^^^^^^^^^^^^^^^^^^^^^
  File "/home/airflow/.local/lib/python3.12/site-packages/airflow/operators/bash.py", line 243, in execute
    raise AirflowException(
airflow.exceptions.AirflowException: Bash command failed. The command returned a non-zero exit code 1.
[2026-09-27T10:57:04.434+0000] {taskinstance.py:1206} INFO - Marking task as UP_FOR_RETRY. dag_id=ecommerce_pipeline, task_id=dbt_run, run_id=manual__2026-09-27T10:49:30.880976+00:00, execution_date=20260927T104930, start_date=20260927T105700, end_date=20260927T105704
[2026-09-27T10:57:04.451+0000] {standard_task_runner.py:110} ERROR - Failed to execute job 35 for task dbt_run (Bash command failed. The command returned a non-zero exit code 1.; 216)
[2026-09-27T10:57:04.487+0000] {local_task_job_runner.py:243} INFO - Task exited with return code 1
[2026-09-27T10:57:04.522+0000] {taskinstance.py:3503} INFO - 0 downstream tasks scheduled from follow-on schedule check
[2026-09-27T10:57:04.524+0000] {local_task_job_runner.py:222} INFO - ::endgroup::
