[2026-09-27T10:58:14.691+0000] {local_task_job_runner.py:120} INFO - ::group::Pre task execution logs
[2026-09-27T10:58:14.733+0000] {taskinstance.py:2076} INFO - Dependencies all met for dep_context=non-requeueable deps ti=<TaskInstance: ecommerce_pipeline.load_raw_data manual__2026-09-27T10:58:13.162303+00:00 [queued]>
[2026-09-27T10:58:14.740+0000] {taskinstance.py:2076} INFO - Dependencies all met for dep_context=requeueable deps ti=<TaskInstance: ecommerce_pipeline.load_raw_data manual__2026-09-27T10:58:13.162303+00:00 [queued]>
[2026-09-27T10:58:14.741+0000] {taskinstance.py:2306} INFO - Starting attempt 1 of 3
[2026-09-27T10:58:14.787+0000] {taskinstance.py:2330} INFO - Executing <Task(BashOperator): load_raw_data> on 2026-09-27 10:58:13.162303+00:00
[2026-09-27T10:58:14.798+0000] {standard_task_runner.py:90} INFO - Running: ['***', 'tasks', 'run', 'ecommerce_pipeline', 'load_raw_data', 'manual__2026-09-27T10:58:13.162303+00:00', '--job-id', '41', '--raw', '--subdir', 'DAGS_FOLDER/ecommerce_pipeline_dag.py', '--cfg-path', '/tmp/tmpv_0ona5o']
[2026-09-27T10:58:14.799+0000] {logging_mixin.py:188} WARNING - /home/***/.local/lib/python3.12/site-packages/***/task/task_runner/standard_task_runner.py:62 DeprecationWarning: This process (pid=337) is multi-threaded, use of fork() may lead to deadlocks in the child.
[2026-09-27T10:58:14.800+0000] {standard_task_runner.py:91} INFO - Job 41: Subtask load_raw_data
[2026-09-27T10:58:14.800+0000] {standard_task_runner.py:64} INFO - Started process 349 to run task
[2026-09-27T10:58:15.013+0000] {task_command.py:426} INFO - Running <TaskInstance: ecommerce_pipeline.load_raw_data manual__2026-09-27T10:58:13.162303+00:00 [running]> on host d53a1a690652
[2026-09-27T10:58:15.191+0000] {taskinstance.py:2648} INFO - Exporting env vars: AIRFLOW_CTX_DAG_OWNER='yanis' AIRFLOW_CTX_DAG_ID='ecommerce_pipeline' AIRFLOW_CTX_TASK_ID='load_raw_data' AIRFLOW_CTX_EXECUTION_DATE='2026-09-27T10:58:13.162303+00:00' AIRFLOW_CTX_TRY_NUMBER='1' AIRFLOW_CTX_DAG_RUN_ID='manual__2026-09-27T10:58:13.162303+00:00'
[2026-09-27T10:58:15.192+0000] {taskinstance.py:430} INFO - ::endgroup::
[2026-09-27T10:58:15.205+0000] {subprocess.py:63} INFO - Tmp dir root location: /tmp
[2026-09-27T10:58:15.206+0000] {subprocess.py:75} INFO - Running command: ['/usr/bin/bash', '-c', 'python /opt/***/ingestion/load_raw_data.py']
[2026-09-27T10:58:15.214+0000] {subprocess.py:86} INFO - Output:
[2026-09-27T10:58:46.383+0000] {subprocess.py:93} INFO - OK raw_orders chargee (99441 lignes)
[2026-09-27T10:58:46.422+0000] {subprocess.py:93} INFO - OK raw_order_items chargee (112650 lignes)
[2026-09-27T10:58:46.423+0000] {subprocess.py:93} INFO - OK raw_payments chargee (103886 lignes)
[2026-09-27T10:58:46.423+0000] {subprocess.py:93} INFO - OK raw_reviews chargee (99224 lignes)
[2026-09-27T10:58:46.423+0000] {subprocess.py:93} INFO - OK raw_customers chargee (99441 lignes)
[2026-09-27T10:58:46.424+0000] {subprocess.py:93} INFO - OK raw_products chargee (32951 lignes)
[2026-09-27T10:58:46.424+0000] {subprocess.py:93} INFO - OK raw_sellers chargee (3095 lignes)
[2026-09-27T10:58:46.424+0000] {subprocess.py:93} INFO - OK raw_geolocation chargee (1000163 lignes)
[2026-09-27T10:58:46.425+0000] {subprocess.py:93} INFO - OK raw_category_translation chargee (71 lignes)
[2026-09-27T10:58:46.507+0000] {subprocess.py:97} INFO - Command exited with return code 0
[2026-09-27T10:58:46.516+0000] {taskinstance.py:441} INFO - ::group::Post task execution logs
[2026-09-27T10:58:46.663+0000] {taskinstance.py:1206} INFO - Marking task as SUCCESS. dag_id=ecommerce_pipeline, task_id=load_raw_data, run_id=manual__2026-09-27T10:58:13.162303+00:00, execution_date=20260927T105813, start_date=20260927T105814, end_date=20260927T105846
[2026-09-27T10:58:46.700+0000] {local_task_job_runner.py:243} INFO - Task exited with return code 0
[2026-09-27T10:58:46.838+0000] {taskinstance.py:3503} INFO - 1 downstream tasks scheduled from follow-on schedule check
[2026-09-27T10:58:46.839+0000] {local_task_job_runner.py:222} INFO - ::endgroup::
