[2026-09-27T10:53:05.939+0000] {local_task_job_runner.py:120} INFO - ::group::Pre task execution logs
[2026-09-27T10:53:05.966+0000] {taskinstance.py:2076} INFO - Dependencies all met for dep_context=non-requeueable deps ti=<TaskInstance: ecommerce_pipeline.dbt_run manual__2026-09-27T10:47:38.465962+00:00 [queued]>
[2026-09-27T10:53:05.975+0000] {taskinstance.py:2076} INFO - Dependencies all met for dep_context=requeueable deps ti=<TaskInstance: ecommerce_pipeline.dbt_run manual__2026-09-27T10:47:38.465962+00:00 [queued]>
[2026-09-27T10:53:05.975+0000] {taskinstance.py:2306} INFO - Starting attempt 1 of 3
[2026-09-27T10:53:05.990+0000] {taskinstance.py:2330} INFO - Executing <Task(BashOperator): dbt_run> on 2026-09-27 10:47:38.465962+00:00
[2026-09-27T10:53:05.996+0000] {logging_mixin.py:188} WARNING - /home/***/.local/lib/python3.12/site-packages/***/task/task_runner/standard_task_runner.py:62 DeprecationWarning: This process (pid=472) is multi-threaded, use of fork() may lead to deadlocks in the child.
[2026-09-27T10:53:05.997+0000] {standard_task_runner.py:64} INFO - Started process 473 to run task
[2026-09-27T10:53:05.996+0000] {standard_task_runner.py:90} INFO - Running: ['***', 'tasks', 'run', 'ecommerce_pipeline', 'dbt_run', 'manual__2026-09-27T10:47:38.465962+00:00', '--job-id', '30', '--raw', '--subdir', 'DAGS_FOLDER/ecommerce_pipeline_dag.py', '--cfg-path', '/tmp/tmp5cth2cbo']
[2026-09-27T10:53:05.998+0000] {standard_task_runner.py:91} INFO - Job 30: Subtask dbt_run
[2026-09-27T10:53:06.040+0000] {task_command.py:426} INFO - Running <TaskInstance: ecommerce_pipeline.dbt_run manual__2026-09-27T10:47:38.465962+00:00 [running]> on host 498a1a124f81
[2026-09-27T10:53:06.091+0000] {taskinstance.py:2648} INFO - Exporting env vars: AIRFLOW_CTX_DAG_OWNER='yanis' AIRFLOW_CTX_DAG_ID='ecommerce_pipeline' AIRFLOW_CTX_TASK_ID='dbt_run' AIRFLOW_CTX_EXECUTION_DATE='2026-09-27T10:47:38.465962+00:00' AIRFLOW_CTX_TRY_NUMBER='1' AIRFLOW_CTX_DAG_RUN_ID='manual__2026-09-27T10:47:38.465962+00:00'
[2026-09-27T10:53:06.092+0000] {taskinstance.py:430} INFO - ::endgroup::
[2026-09-27T10:53:06.101+0000] {subprocess.py:63} INFO - Tmp dir root location: /tmp
[2026-09-27T10:53:06.102+0000] {subprocess.py:75} INFO - Running command: ['/usr/bin/bash', '-c', 'cd /opt/***/dbt_project/ecommerce_dbt && dbt run --profiles-dir /opt/***/dbt_project']
[2026-09-27T10:53:06.106+0000] {subprocess.py:86} INFO - Output:
[2026-09-27T10:53:06.543+0000] {subprocess.py:93} INFO -    dbt-oss 2.0.5
[2026-09-27T10:53:06.545+0000] {subprocess.py:93} INFO -    Loading ../profiles.yml
[2026-09-27T10:53:06.970+0000] {subprocess.py:93} INFO - 
[2026-09-27T10:53:06.972+0000] {subprocess.py:93} INFO - =================== Errors and Warnings ====================
[2026-09-27T10:53:06.973+0000] {subprocess.py:93} INFO - [error] [InvalidConfig (dbt1005)]: Configuration Error: The 'postgres' adapter is not yet supported by dbt. Supported adapters: snowflake, bigquery, databricks, redshift, duckdb, salesforce, clickhouse. To use an experimental adapter, set the environment variable DBT_ALLOW_EXPERIMENTAL_ADAPTERS=true. Note that experimental adapters may be unstable and are not yet recommended for production use.
[2026-09-27T10:53:06.991+0000] {subprocess.py:93} INFO - 
[2026-09-27T10:53:06.993+0000] {subprocess.py:93} INFO - ==================== Execution Summary =====================
[2026-09-27T10:53:06.994+0000] {subprocess.py:93} INFO - Finished 'run' with 1 error [426ms]
[2026-09-27T10:53:06.997+0000] {subprocess.py:97} INFO - Command exited with return code 1
[2026-09-27T10:53:06.998+0000] {taskinstance.py:441} INFO - ::group::Post task execution logs
[2026-09-27T10:53:07.013+0000] {taskinstance.py:2905} ERROR - Task failed with exception
Traceback (most recent call last):
  File "/home/airflow/.local/lib/python3.12/site-packages/airflow/models/taskinstance.py", line 465, in _execute_task
    result = _execute_callable(context=context, **execute_callable_kwargs)
             ^^^^^^^^^^^^^^^^^^^^^^^^^^^^^^^^^^^^^^^^^^^^^^^^^^^^^^^^^^^^^
  File "/home/airflow/.local/lib/python3.12/site-packages/airflow/models/taskinstance.py", line 432, in _execute_callable
    return execute_callable(context=context, **execute_callable_kwargs)
           ^^^^^^^^^^^^^^^^^^^^^^^^^^^^^^^^^^^^^^^^^^^^^^^^^^^^^^^^^^^^
  File "/home/airflow/.local/lib/python3.12/site-packages/airflow/models/baseoperator.py", line 401, in wrapper
    return func(self, *args, **kwargs)
           ^^^^^^^^^^^^^^^^^^^^^^^^^^^
  File "/home/airflow/.local/lib/python3.12/site-packages/airflow/operators/bash.py", line 243, in execute
    raise AirflowException(
airflow.exceptions.AirflowException: Bash command failed. The command returned a non-zero exit code 1.
[2026-09-27T10:53:07.016+0000] {taskinstance.py:1206} INFO - Marking task as UP_FOR_RETRY. dag_id=ecommerce_pipeline, task_id=dbt_run, run_id=manual__2026-09-27T10:47:38.465962+00:00, execution_date=20260927T104738, start_date=20260927T105305, end_date=20260927T105307
[2026-09-27T10:53:07.026+0000] {standard_task_runner.py:110} ERROR - Failed to execute job 30 for task dbt_run (Bash command failed. The command returned a non-zero exit code 1.; 473)
[2026-09-27T10:53:07.038+0000] {local_task_job_runner.py:243} INFO - Task exited with return code 1
[2026-09-27T10:53:07.060+0000] {taskinstance.py:3503} INFO - 0 downstream tasks scheduled from follow-on schedule check
[2026-09-27T10:53:07.061+0000] {local_task_job_runner.py:222} INFO - ::endgroup::
