[2026-09-27T10:27:19.724+0000] {local_task_job_runner.py:120} INFO - ::group::Pre task execution logs
[2026-09-27T10:27:19.746+0000] {taskinstance.py:2076} INFO - Dependencies all met for dep_context=non-requeueable deps ti=<TaskInstance: ecommerce_pipeline.load_raw_data scheduled__2026-09-26T00:00:00+00:00 [queued]>
[2026-09-27T10:27:19.749+0000] {taskinstance.py:2076} INFO - Dependencies all met for dep_context=requeueable deps ti=<TaskInstance: ecommerce_pipeline.load_raw_data scheduled__2026-09-26T00:00:00+00:00 [queued]>
[2026-09-27T10:27:19.749+0000] {taskinstance.py:2306} INFO - Starting attempt 3 of 3
[2026-09-27T10:27:19.755+0000] {taskinstance.py:2330} INFO - Executing <Task(BashOperator): load_raw_data> on 2026-09-26 00:00:00+00:00
[2026-09-27T10:27:19.759+0000] {logging_mixin.py:188} WARNING - /home/***/.local/lib/python3.12/site-packages/***/task/task_runner/standard_task_runner.py:62 DeprecationWarning: This process (pid=614) is multi-threaded, use of fork() may lead to deadlocks in the child.
[2026-09-27T10:27:19.760+0000] {standard_task_runner.py:64} INFO - Started process 615 to run task
[2026-09-27T10:27:19.759+0000] {standard_task_runner.py:90} INFO - Running: ['***', 'tasks', 'run', 'ecommerce_pipeline', 'load_raw_data', 'scheduled__2026-09-26T00:00:00+00:00', '--job-id', '12', '--raw', '--subdir', 'DAGS_FOLDER/ecommerce_pipeline_dag.py', '--cfg-path', '/tmp/tmpijkyqmgt']
[2026-09-27T10:27:19.761+0000] {standard_task_runner.py:91} INFO - Job 12: Subtask load_raw_data
[2026-09-27T10:27:19.793+0000] {task_command.py:426} INFO - Running <TaskInstance: ecommerce_pipeline.load_raw_data scheduled__2026-09-26T00:00:00+00:00 [running]> on host f3c8dcac6954
[2026-09-27T10:27:19.841+0000] {taskinstance.py:2648} INFO - Exporting env vars: AIRFLOW_CTX_DAG_OWNER='yanis' AIRFLOW_CTX_DAG_ID='ecommerce_pipeline' AIRFLOW_CTX_TASK_ID='load_raw_data' AIRFLOW_CTX_EXECUTION_DATE='2026-09-26T00:00:00+00:00' AIRFLOW_CTX_TRY_NUMBER='3' AIRFLOW_CTX_DAG_RUN_ID='scheduled__2026-09-26T00:00:00+00:00'
[2026-09-27T10:27:19.841+0000] {taskinstance.py:430} INFO - ::endgroup::
[2026-09-27T10:27:19.851+0000] {subprocess.py:63} INFO - Tmp dir root location: /tmp
[2026-09-27T10:27:19.852+0000] {subprocess.py:75} INFO - Running command: ['/usr/bin/bash', '-c', 'python /opt/***/ingestion/load_raw_data.py']
[2026-09-27T10:27:19.856+0000] {subprocess.py:86} INFO - Output:
[2026-09-27T10:27:20.530+0000] {subprocess.py:93} INFO - Traceback (most recent call last):
[2026-09-27T10:27:20.535+0000] {subprocess.py:93} INFO -   File "/opt/***/ingestion/load_raw_data.py", line 22, in <module>
[2026-09-27T10:27:20.538+0000] {subprocess.py:93} INFO -     df = pd.read_csv(path)
[2026-09-27T10:27:20.538+0000] {subprocess.py:93} INFO -          ^^^^^^^^^^^^^^^^^
[2026-09-27T10:27:20.538+0000] {subprocess.py:93} INFO -   File "/home/***/.local/lib/python3.12/site-packages/pandas/io/parsers/readers.py", line 948, in read_csv
[2026-09-27T10:27:20.538+0000] {subprocess.py:93} INFO -     return _read(filepath_or_buffer, kwds)
[2026-09-27T10:27:20.538+0000] {subprocess.py:93} INFO -            ^^^^^^^^^^^^^^^^^^^^^^^^^^^^^^^
[2026-09-27T10:27:20.538+0000] {subprocess.py:93} INFO -   File "/home/***/.local/lib/python3.12/site-packages/pandas/io/parsers/readers.py", line 611, in _read
[2026-09-27T10:27:20.539+0000] {subprocess.py:93} INFO -     parser = TextFileReader(filepath_or_buffer, **kwds)
[2026-09-27T10:27:20.539+0000] {subprocess.py:93} INFO -              ^^^^^^^^^^^^^^^^^^^^^^^^^^^^^^^^^^^^^^^^^^
[2026-09-27T10:27:20.539+0000] {subprocess.py:93} INFO -   File "/home/***/.local/lib/python3.12/site-packages/pandas/io/parsers/readers.py", line 1448, in __init__
[2026-09-27T10:27:20.539+0000] {subprocess.py:93} INFO -     self._engine = self._make_engine(f, self.engine)
[2026-09-27T10:27:20.539+0000] {subprocess.py:93} INFO -                    ^^^^^^^^^^^^^^^^^^^^^^^^^^^^^^^^^
[2026-09-27T10:27:20.539+0000] {subprocess.py:93} INFO -   File "/home/***/.local/lib/python3.12/site-packages/pandas/io/parsers/readers.py", line 1705, in _make_engine
[2026-09-27T10:27:20.539+0000] {subprocess.py:93} INFO -     self.handles = get_handle(
[2026-09-27T10:27:20.539+0000] {subprocess.py:93} INFO -                    ^^^^^^^^^^^
[2026-09-27T10:27:20.539+0000] {subprocess.py:93} INFO -   File "/home/***/.local/lib/python3.12/site-packages/pandas/io/common.py", line 863, in get_handle
[2026-09-27T10:27:20.539+0000] {subprocess.py:93} INFO -     handle = open(
[2026-09-27T10:27:20.539+0000] {subprocess.py:93} INFO -              ^^^^^
[2026-09-27T10:27:20.540+0000] {subprocess.py:93} INFO - FileNotFoundError: [Errno 2] No such file or directory: '../data/raw/olist_orders_dataset.csv'
[2026-09-27T10:27:20.574+0000] {subprocess.py:97} INFO - Command exited with return code 1
[2026-09-27T10:27:20.574+0000] {taskinstance.py:441} INFO - ::group::Post task execution logs
[2026-09-27T10:27:20.583+0000] {taskinstance.py:2905} ERROR - Task failed with exception
Traceback (most recent call last):
  File "/home/airflow/.local/lib/python3.12/site-packages/airflow/models/taskinstance.py", line 465, in _execute_task
    result = _execute_callable(context=context, **execute_callable_kwargs)
             ^^^^^^^^^^^^^^^^^^^^^^^^^^^^^^^^^^^^^^^^^^^^^^^^^^^^^^^^^^^^^
  File "/home/airflow/.local/lib/python3.12/site-packages/airflow/models/taskinstance.py", line 432, in _execute_callable
    return execute_callable(context=context, **execute_callable_kwargs)
           ^^^^^^^^^^^^^^^^^^^^^^^^^^^^^^^^^^^^^^^^^^^^^^^^^^^^^^^^^^^^
  File "/home/airflow/.local/lib/python3.12/site-packages/airflow/models/baseoperator.py", line 401, in wrapper
    return func(self, *args, **kwargs)
           ^^^^^^^^^^^^^^^^^^^^^^^^^^^
  File "/home/airflow/.local/lib/python3.12/site-packages/airflow/operators/bash.py", line 243, in execute
    raise AirflowException(
airflow.exceptions.AirflowException: Bash command failed. The command returned a non-zero exit code 1.
[2026-09-27T10:27:20.585+0000] {taskinstance.py:1206} INFO - Marking task as FAILED. dag_id=ecommerce_pipeline, task_id=load_raw_data, run_id=scheduled__2026-09-26T00:00:00+00:00, execution_date=20260926T000000, start_date=20260927T102719, end_date=20260927T102720
[2026-09-27T10:27:20.590+0000] {standard_task_runner.py:110} ERROR - Failed to execute job 12 for task load_raw_data (Bash command failed. The command returned a non-zero exit code 1.; 615)
[2026-09-27T10:27:20.597+0000] {local_task_job_runner.py:243} INFO - Task exited with return code 1
[2026-09-27T10:27:20.615+0000] {taskinstance.py:3503} INFO - 0 downstream tasks scheduled from follow-on schedule check
[2026-09-27T10:27:20.619+0000] {local_task_job_runner.py:222} INFO - ::endgroup::
