[2026-09-27T11:02:18.201+0000] {local_task_job_runner.py:120} INFO - ::group::Pre task execution logs
[2026-09-27T11:02:18.229+0000] {taskinstance.py:2076} INFO - Dependencies all met for dep_context=non-requeueable deps ti=<TaskInstance: ecommerce_pipeline.dbt_run manual__2026-09-27T10:47:21.292725+00:00 [queued]>
[2026-09-27T11:02:18.233+0000] {taskinstance.py:2076} INFO - Dependencies all met for dep_context=requeueable deps ti=<TaskInstance: ecommerce_pipeline.dbt_run manual__2026-09-27T10:47:21.292725+00:00 [queued]>
[2026-09-27T11:02:18.233+0000] {taskinstance.py:2306} INFO - Starting attempt 3 of 3
[2026-09-27T11:02:18.242+0000] {taskinstance.py:2330} INFO - Executing <Task(BashOperator): dbt_run> on 2026-09-27 10:47:21.292725+00:00
[2026-09-27T11:02:18.252+0000] {logging_mixin.py:188} WARNING - /home/***/.local/lib/python3.12/site-packages/***/task/task_runner/standard_task_runner.py:62 DeprecationWarning: This process (pid=538) is multi-threaded, use of fork() may lead to deadlocks in the child.
[2026-09-27T11:02:18.256+0000] {standard_task_runner.py:64} INFO - Started process 542 to run task
[2026-09-27T11:02:18.252+0000] {standard_task_runner.py:90} INFO - Running: ['***', 'tasks', 'run', 'ecommerce_pipeline', 'dbt_run', 'manual__2026-09-27T10:47:21.292725+00:00', '--job-id', '49', '--raw', '--subdir', 'DAGS_FOLDER/ecommerce_pipeline_dag.py', '--cfg-path', '/tmp/tmp44lh13c6']
[2026-09-27T11:02:18.258+0000] {standard_task_runner.py:91} INFO - Job 49: Subtask dbt_run
[2026-09-27T11:02:18.289+0000] {task_command.py:426} INFO - Running <TaskInstance: ecommerce_pipeline.dbt_run manual__2026-09-27T10:47:21.292725+00:00 [running]> on host d53a1a690652
[2026-09-27T11:02:18.330+0000] {taskinstance.py:2648} INFO - Exporting env vars: AIRFLOW_CTX_DAG_OWNER='yanis' AIRFLOW_CTX_DAG_ID='ecommerce_pipeline' AIRFLOW_CTX_TASK_ID='dbt_run' AIRFLOW_CTX_EXECUTION_DATE='2026-09-27T10:47:21.292725+00:00' AIRFLOW_CTX_TRY_NUMBER='3' AIRFLOW_CTX_DAG_RUN_ID='manual__2026-09-27T10:47:21.292725+00:00'
[2026-09-27T11:02:18.330+0000] {taskinstance.py:430} INFO - ::endgroup::
[2026-09-27T11:02:18.338+0000] {subprocess.py:63} INFO - Tmp dir root location: /tmp
[2026-09-27T11:02:18.338+0000] {subprocess.py:75} INFO - Running command: ['/usr/bin/bash', '-c', 'cd /opt/***/dbt_project/ecommerce_dbt && dbt run --profiles-dir /opt/***/dbt_project']
[2026-09-27T11:02:18.342+0000] {subprocess.py:86} INFO - Output:
[2026-09-27T11:02:19.439+0000] {subprocess.py:93} INFO - [0m11:02:19  Running with dbt=1.8.0
[2026-09-27T11:02:19.533+0000] {subprocess.py:93} INFO - [0m11:02:19  Registered adapter: postgres=1.8.0
[2026-09-27T11:02:19.757+0000] {subprocess.py:93} INFO - [0m11:02:19  Found 9 models, 7 data tests, 6 sources, 428 macros
[2026-09-27T11:02:19.759+0000] {subprocess.py:93} INFO - [0m11:02:19
[2026-09-27T11:02:19.829+0000] {subprocess.py:93} INFO - [0m11:02:19  Concurrency: 4 threads (target='dev')
[2026-09-27T11:02:19.830+0000] {subprocess.py:93} INFO - [0m11:02:19
[2026-09-27T11:02:19.838+0000] {subprocess.py:93} INFO - [0m11:02:19  1 of 9 START sql view model analytics.stg_customers ............................ [RUN]
[2026-09-27T11:02:19.839+0000] {subprocess.py:93} INFO - [0m11:02:19  2 of 9 START sql view model analytics.stg_order_items .......................... [RUN]
[2026-09-27T11:02:19.839+0000] {subprocess.py:93} INFO - [0m11:02:19  3 of 9 START sql view model analytics.stg_orders ............................... [RUN]
[2026-09-27T11:02:19.840+0000] {subprocess.py:93} INFO - [0m11:02:19  4 of 9 START sql view model analytics.stg_payments ............................. [RUN]
[2026-09-27T11:02:19.949+0000] {subprocess.py:93} INFO - [0m11:02:19  2 of 9 OK created sql view model analytics.stg_order_items ..................... [[32mCREATE VIEW[0m in 0.11s]
[2026-09-27T11:02:19.954+0000] {subprocess.py:93} INFO - [0m11:02:19  3 of 9 OK created sql view model analytics.stg_orders .......................... [[32mCREATE VIEW[0m in 0.11s]
[2026-09-27T11:02:19.954+0000] {subprocess.py:93} INFO - [0m11:02:19  5 of 9 START sql view model analytics.stg_products ............................. [RUN]
[2026-09-27T11:02:19.954+0000] {subprocess.py:93} INFO - [0m11:02:19  4 of 9 OK created sql view model analytics.stg_payments ........................ [[32mCREATE VIEW[0m in 0.11s]
[2026-09-27T11:02:19.955+0000] {subprocess.py:93} INFO - [0m11:02:19  1 of 9 OK created sql view model analytics.stg_customers ....................... [[32mCREATE VIEW[0m in 0.11s]
[2026-09-27T11:02:19.959+0000] {subprocess.py:93} INFO - [0m11:02:19  6 of 9 START sql view model analytics.int_orders_with_payments ................. [RUN]
[2026-09-27T11:02:19.959+0000] {subprocess.py:93} INFO - [0m11:02:19  7 of 9 START sql view model analytics.dim_customers ............................ [RUN]
[2026-09-27T11:02:20.001+0000] {subprocess.py:93} INFO - [0m11:02:20  7 of 9 OK created sql view model analytics.dim_customers ....................... [[32mCREATE VIEW[0m in 0.04s]
[2026-09-27T11:02:20.004+0000] {subprocess.py:93} INFO - [0m11:02:20  5 of 9 OK created sql view model analytics.stg_products ........................ [[32mCREATE VIEW[0m in 0.05s]
[2026-09-27T11:02:20.004+0000] {subprocess.py:93} INFO - [0m11:02:20  6 of 9 OK created sql view model analytics.int_orders_with_payments ............ [[32mCREATE VIEW[0m in 0.04s]
[2026-09-27T11:02:20.006+0000] {subprocess.py:93} INFO - [0m11:02:20  8 of 9 START sql view model analytics.dim_products ............................. [RUN]
[2026-09-27T11:02:20.006+0000] {subprocess.py:93} INFO - [0m11:02:20  9 of 9 START sql view model analytics.fct_orders ............................... [RUN]
[2026-09-27T11:02:20.035+0000] {subprocess.py:93} INFO - [0m11:02:20  8 of 9 OK created sql view model analytics.dim_products ........................ [[32mCREATE VIEW[0m in 0.03s]
[2026-09-27T11:02:20.036+0000] {subprocess.py:93} INFO - [0m11:02:20  9 of 9 OK created sql view model analytics.fct_orders .......................... [[32mCREATE VIEW[0m in 0.03s]
[2026-09-27T11:02:20.044+0000] {subprocess.py:93} INFO - [0m11:02:20
[2026-09-27T11:02:20.045+0000] {subprocess.py:93} INFO - [0m11:02:20  Finished running 9 view models in 0 hours 0 minutes and 0.29 seconds (0.29s).
[2026-09-27T11:02:20.066+0000] {subprocess.py:93} INFO - [0m11:02:20
[2026-09-27T11:02:20.066+0000] {subprocess.py:93} INFO - [0m11:02:20  [32mCompleted successfully[0m
[2026-09-27T11:02:20.067+0000] {subprocess.py:93} INFO - [0m11:02:20
[2026-09-27T11:02:20.067+0000] {subprocess.py:93} INFO - [0m11:02:20  Done. PASS=9 WARN=0 ERROR=0 SKIP=0 TOTAL=9
[2026-09-27T11:02:20.715+0000] {subprocess.py:97} INFO - Command exited with return code 0
[2026-09-27T11:02:20.717+0000] {taskinstance.py:441} INFO - ::group::Post task execution logs
[2026-09-27T11:02:20.749+0000] {taskinstance.py:1206} INFO - Marking task as SUCCESS. dag_id=ecommerce_pipeline, task_id=dbt_run, run_id=manual__2026-09-27T10:47:21.292725+00:00, execution_date=20260927T104721, start_date=20260927T110218, end_date=20260927T110220
[2026-09-27T11:02:20.799+0000] {local_task_job_runner.py:243} INFO - Task exited with return code 0
[2026-09-27T11:02:20.818+0000] {taskinstance.py:3503} INFO - 1 downstream tasks scheduled from follow-on schedule check
[2026-09-27T11:02:20.818+0000] {local_task_job_runner.py:222} INFO - ::endgroup::
