[2026-09-27T10:52:11.966+0000] {local_task_job_runner.py:120} INFO - ::group::Pre task execution logs
[2026-09-27T10:52:12.203+0000] {taskinstance.py:2076} INFO - Dependencies all met for dep_context=non-requeueable deps ti=<TaskInstance: ecommerce_pipeline.dbt_run manual__2026-09-27T10:47:21.292725+00:00 [queued]>
[2026-09-27T10:52:12.216+0000] {taskinstance.py:2076} INFO - Dependencies all met for dep_context=requeueable deps ti=<TaskInstance: ecommerce_pipeline.dbt_run manual__2026-09-27T10:47:21.292725+00:00 [queued]>
[2026-09-27T10:52:12.217+0000] {taskinstance.py:2306} INFO - Starting attempt 1 of 3
[2026-09-27T10:52:12.238+0000] {taskinstance.py:2330} INFO - Executing <Task(BashOperator): dbt_run> on 2026-09-27 10:47:21.292725+00:00
[2026-09-27T10:52:12.254+0000] {standard_task_runner.py:90} INFO - Running: ['***', 'tasks', 'run', 'ecommerce_pipeline', 'dbt_run', 'manual__2026-09-27T10:47:21.292725+00:00', '--job-id', '27', '--raw', '--subdir', 'DAGS_FOLDER/ecommerce_pipeline_dag.py', '--cfg-path', '/tmp/tmpe5os3p8v']
[2026-09-27T10:52:12.257+0000] {standard_task_runner.py:91} INFO - Job 27: Subtask dbt_run
[2026-09-27T10:52:12.258+0000] {logging_mixin.py:188} WARNING - /home/***/.local/lib/python3.12/site-packages/***/task/task_runner/standard_task_runner.py:62 DeprecationWarning: This process (pid=407) is multi-threaded, use of fork() may lead to deadlocks in the child.
[2026-09-27T10:52:12.258+0000] {standard_task_runner.py:64} INFO - Started process 408 to run task
[2026-09-27T10:52:12.360+0000] {task_command.py:426} INFO - Running <TaskInstance: ecommerce_pipeline.dbt_run manual__2026-09-27T10:47:21.292725+00:00 [running]> on host 498a1a124f81
[2026-09-27T10:52:12.589+0000] {taskinstance.py:2648} INFO - Exporting env vars: AIRFLOW_CTX_DAG_OWNER='yanis' AIRFLOW_CTX_DAG_ID='ecommerce_pipeline' AIRFLOW_CTX_TASK_ID='dbt_run' AIRFLOW_CTX_EXECUTION_DATE='2026-09-27T10:47:21.292725+00:00' AIRFLOW_CTX_TRY_NUMBER='1' AIRFLOW_CTX_DAG_RUN_ID='manual__2026-09-27T10:47:21.292725+00:00'
[2026-09-27T10:52:12.592+0000] {taskinstance.py:430} INFO - ::endgroup::
[2026-09-27T10:52:12.624+0000] {subprocess.py:63} INFO - Tmp dir root location: /tmp
[2026-09-27T10:52:12.625+0000] {subprocess.py:75} INFO - Running command: ['/usr/bin/bash', '-c', 'cd /opt/***/dbt_project/ecommerce_dbt && dbt run --profiles-dir /opt/***/dbt_project']
[2026-09-27T10:52:12.632+0000] {subprocess.py:86} INFO - Output:
[2026-09-27T10:52:13.371+0000] {subprocess.py:93} INFO -    dbt-oss 2.0.5
[2026-09-27T10:52:13.413+0000] {subprocess.py:93} INFO -    Loading ../profiles.yml
[2026-09-27T10:52:13.697+0000] {subprocess.py:93} INFO - 
[2026-09-27T10:52:13.698+0000] {subprocess.py:93} INFO - =================== Errors and Warnings ====================
[2026-09-27T10:52:13.699+0000] {subprocess.py:93} INFO - [error] [InvalidConfig (dbt1005)]: Configuration Error: The 'postgres' adapter is not yet supported by dbt. Supported adapters: snowflake, bigquery, databricks, redshift, duckdb, salesforce, clickhouse. To use an experimental adapter, set the environment variable DBT_ALLOW_EXPERIMENTAL_ADAPTERS=true. Note that experimental adapters may be unstable and are not yet recommended for production use.
[2026-09-27T10:52:13.699+0000] {subprocess.py:93} INFO - 
[2026-09-27T10:52:13.700+0000] {subprocess.py:93} INFO - ==================== Execution Summary =====================
[2026-09-27T10:52:13.700+0000] {subprocess.py:93} INFO - Finished 'run' with 1 error [329ms]
[2026-09-27T10:52:13.708+0000] {subprocess.py:97} INFO - Command exited with return code 1
[2026-09-27T10:52:13.710+0000] {taskinstance.py:441} INFO - ::group::Post task execution logs
[2026-09-27T10:52:13.729+0000] {taskinstance.py:2905} ERROR - Task failed with exception
Traceback (most recent call last):
  File "/home/airflow/.local/lib/python3.12/site-packages/airflow/models/taskinstance.py", line 465, in _execute_task
    result = _execute_callable(context=context, **execute_callable_kwargs)
             ^^^^^^^^^^^^^^^^^^^^^^^^^^^^^^^^^^^^^^^^^^^^^^^^^^^^^^^^^^^^^
  File "/home/airflow/.local/lib/python3.12/site-packages/airflow/models/taskinstance.py", line 432, in _execute_callable
    return execute_callable(context=context, **execute_callable_kwargs)
           ^^^^^^^^^^^^^^^^^^^^^^^^^^^^^^^^^^^^^^^^^^^^^^^^^^^^^^^^^^^^
  File "/home/airflow/.local/lib/python3.12/site-packages/airflow/models/baseoperator.py", line 401, in wrapper
    return func(self, *args, **kwargs)
           ^^^^^^^^^^^^^^^^^^^^^^^^^^^
  File "/home/airflow/.local/lib/python3.12/site-packages/airflow/operators/bash.py", line 243, in execute
    raise AirflowException(
airflow.exceptions.AirflowException: Bash command failed. The command returned a non-zero exit code 1.
[2026-09-27T10:52:13.738+0000] {taskinstance.py:1206} INFO - Marking task as UP_FOR_RETRY. dag_id=ecommerce_pipeline, task_id=dbt_run, run_id=manual__2026-09-27T10:47:21.292725+00:00, execution_date=20260927T104721, start_date=20260927T105212, end_date=20260927T105213
[2026-09-27T10:52:13.749+0000] {standard_task_runner.py:110} ERROR - Failed to execute job 27 for task dbt_run (Bash command failed. The command returned a non-zero exit code 1.; 408)
[2026-09-27T10:52:13.774+0000] {local_task_job_runner.py:243} INFO - Task exited with return code 1
[2026-09-27T10:52:13.800+0000] {taskinstance.py:3503} INFO - 0 downstream tasks scheduled from follow-on schedule check
[2026-09-27T10:52:13.801+0000] {local_task_job_runner.py:222} INFO - ::endgroup::
