[2026-09-27T10:49:23.182+0000] {local_task_job_runner.py:120} INFO - ::group::Pre task execution logs
[2026-09-27T10:49:23.202+0000] {taskinstance.py:2076} INFO - Dependencies all met for dep_context=non-requeueable deps ti=<TaskInstance: ecommerce_pipeline.load_raw_data manual__2026-09-27T10:47:21.292725+00:00 [queued]>
[2026-09-27T10:49:23.205+0000] {taskinstance.py:2076} INFO - Dependencies all met for dep_context=requeueable deps ti=<TaskInstance: ecommerce_pipeline.load_raw_data manual__2026-09-27T10:47:21.292725+00:00 [queued]>
[2026-09-27T10:49:23.205+0000] {taskinstance.py:2306} INFO - Starting attempt 2 of 4
[2026-09-27T10:49:23.210+0000] {taskinstance.py:2330} INFO - Executing <Task(BashOperator): load_raw_data> on 2026-09-27 10:47:21.292725+00:00
[2026-09-27T10:49:23.216+0000] {logging_mixin.py:188} WARNING - /home/***/.local/lib/python3.12/site-packages/***/task/task_runner/standard_task_runner.py:62 DeprecationWarning: This process (pid=269) is multi-threaded, use of fork() may lead to deadlocks in the child.
[2026-09-27T10:49:23.214+0000] {standard_task_runner.py:90} INFO - Running: ['***', 'tasks', 'run', 'ecommerce_pipeline', 'load_raw_data', 'manual__2026-09-27T10:47:21.292725+00:00', '--job-id', '20', '--raw', '--subdir', 'DAGS_FOLDER/ecommerce_pipeline_dag.py', '--cfg-path', '/tmp/tmpvj0zgk03']
[2026-09-27T10:49:23.217+0000] {standard_task_runner.py:64} INFO - Started process 270 to run task
[2026-09-27T10:49:23.217+0000] {standard_task_runner.py:91} INFO - Job 20: Subtask load_raw_data
[2026-09-27T10:49:23.272+0000] {task_command.py:426} INFO - Running <TaskInstance: ecommerce_pipeline.load_raw_data manual__2026-09-27T10:47:21.292725+00:00 [running]> on host 498a1a124f81
[2026-09-27T10:49:23.364+0000] {taskinstance.py:2648} INFO - Exporting env vars: AIRFLOW_CTX_DAG_OWNER='yanis' AIRFLOW_CTX_DAG_ID='ecommerce_pipeline' AIRFLOW_CTX_TASK_ID='load_raw_data' AIRFLOW_CTX_EXECUTION_DATE='2026-09-27T10:47:21.292725+00:00' AIRFLOW_CTX_TRY_NUMBER='2' AIRFLOW_CTX_DAG_RUN_ID='manual__2026-09-27T10:47:21.292725+00:00'
[2026-09-27T10:49:23.364+0000] {taskinstance.py:430} INFO - ::endgroup::
[2026-09-27T10:49:23.372+0000] {subprocess.py:63} INFO - Tmp dir root location: /tmp
[2026-09-27T10:49:23.372+0000] {subprocess.py:75} INFO - Running command: ['/usr/bin/bash', '-c', 'python /opt/***/ingestion/load_raw_data.py']
[2026-09-27T10:49:23.377+0000] {subprocess.py:86} INFO - Output:
[2026-09-27T10:49:24.554+0000] {subprocess.py:93} INFO - Traceback (most recent call last):
[2026-09-27T10:49:24.555+0000] {subprocess.py:93} INFO -   File "/home/***/.local/lib/python3.12/site-packages/sqlalchemy/engine/base.py", line 1910, in _execute_context
[2026-09-27T10:49:24.556+0000] {subprocess.py:93} INFO -     self.dialect.do_execute(
[2026-09-27T10:49:24.556+0000] {subprocess.py:93} INFO -   File "/home/***/.local/lib/python3.12/site-packages/sqlalchemy/engine/default.py", line 736, in do_execute
[2026-09-27T10:49:24.556+0000] {subprocess.py:93} INFO -     cursor.execute(statement, parameters)
[2026-09-27T10:49:24.556+0000] {subprocess.py:93} INFO - psycopg2.errors.DependentObjectsStillExist: cannot drop table raw_orders because other objects depend on it
[2026-09-27T10:49:24.556+0000] {subprocess.py:93} INFO - DETAIL:  view analytics.stg_orders depends on table raw_orders
[2026-09-27T10:49:24.556+0000] {subprocess.py:93} INFO - view analytics.int_orders_with_payments depends on view analytics.stg_orders
[2026-09-27T10:49:24.557+0000] {subprocess.py:93} INFO - view analytics.fct_orders depends on view analytics.int_orders_with_payments
[2026-09-27T10:49:24.557+0000] {subprocess.py:93} INFO - HINT:  Use DROP ... CASCADE to drop the dependent objects too.
[2026-09-27T10:49:24.557+0000] {subprocess.py:93} INFO - 
[2026-09-27T10:49:24.557+0000] {subprocess.py:93} INFO - 
[2026-09-27T10:49:24.557+0000] {subprocess.py:93} INFO - The above exception was the direct cause of the following exception:
[2026-09-27T10:49:24.557+0000] {subprocess.py:93} INFO - 
[2026-09-27T10:49:24.557+0000] {subprocess.py:93} INFO - Traceback (most recent call last):
[2026-09-27T10:49:24.557+0000] {subprocess.py:93} INFO -   File "/opt/***/ingestion/load_raw_data.py", line 33, in <module>
[2026-09-27T10:49:24.557+0000] {subprocess.py:93} INFO -     df.to_sql(table_name, engine, if_exists="replace", index=False, schema="public")
[2026-09-27T10:49:24.557+0000] {subprocess.py:93} INFO -   File "/home/***/.local/lib/python3.12/site-packages/pandas/util/_decorators.py", line 333, in wrapper
[2026-09-27T10:49:24.558+0000] {subprocess.py:93} INFO -     return func(*args, **kwargs)
[2026-09-27T10:49:24.558+0000] {subprocess.py:93} INFO -            ^^^^^^^^^^^^^^^^^^^^^
[2026-09-27T10:49:24.558+0000] {subprocess.py:93} INFO -   File "/home/***/.local/lib/python3.12/site-packages/pandas/core/generic.py", line 3008, in to_sql
[2026-09-27T10:49:24.565+0000] {subprocess.py:93} INFO -     return sql.to_sql(
[2026-09-27T10:49:24.565+0000] {subprocess.py:93} INFO -            ^^^^^^^^^^^
[2026-09-27T10:49:24.565+0000] {subprocess.py:93} INFO -   File "/home/***/.local/lib/python3.12/site-packages/pandas/io/sql.py", line 788, in to_sql
[2026-09-27T10:49:24.566+0000] {subprocess.py:93} INFO -     return pandas_sql.to_sql(
[2026-09-27T10:49:24.566+0000] {subprocess.py:93} INFO -            ^^^^^^^^^^^^^^^^^^
[2026-09-27T10:49:24.566+0000] {subprocess.py:93} INFO -   File "/home/***/.local/lib/python3.12/site-packages/pandas/io/sql.py", line 1948, in to_sql
[2026-09-27T10:49:24.567+0000] {subprocess.py:93} INFO -     table = self.prep_table(
[2026-09-27T10:49:24.567+0000] {subprocess.py:93} INFO -             ^^^^^^^^^^^^^^^^
[2026-09-27T10:49:24.567+0000] {subprocess.py:93} INFO -   File "/home/***/.local/lib/python3.12/site-packages/pandas/io/sql.py", line 1852, in prep_table
[2026-09-27T10:49:24.567+0000] {subprocess.py:93} INFO -     table.create()
[2026-09-27T10:49:24.567+0000] {subprocess.py:93} INFO -   File "/home/***/.local/lib/python3.12/site-packages/pandas/io/sql.py", line 929, in create
[2026-09-27T10:49:24.567+0000] {subprocess.py:93} INFO -     self.pd_sql.drop_table(self.name, self.schema)
[2026-09-27T10:49:24.567+0000] {subprocess.py:93} INFO -   File "/home/***/.local/lib/python3.12/site-packages/pandas/io/sql.py", line 2003, in drop_table
[2026-09-27T10:49:24.567+0000] {subprocess.py:93} INFO -     self.get_table(table_name, schema).drop(bind=self.con)
[2026-09-27T10:49:24.567+0000] {subprocess.py:93} INFO -   File "/home/***/.local/lib/python3.12/site-packages/sqlalchemy/sql/schema.py", line 979, in drop
[2026-09-27T10:49:24.567+0000] {subprocess.py:93} INFO -     bind._run_ddl_visitor(ddl.SchemaDropper, self, checkfirst=checkfirst)
[2026-09-27T10:49:24.567+0000] {subprocess.py:93} INFO -   File "/home/***/.local/lib/python3.12/site-packages/sqlalchemy/engine/base.py", line 2221, in _run_ddl_visitor
[2026-09-27T10:49:24.567+0000] {subprocess.py:93} INFO -     visitorcallable(self.dialect, self, **kwargs).traverse_single(element)
[2026-09-27T10:49:24.568+0000] {subprocess.py:93} INFO -   File "/home/***/.local/lib/python3.12/site-packages/sqlalchemy/sql/visitors.py", line 524, in traverse_single
[2026-09-27T10:49:24.568+0000] {subprocess.py:93} INFO -     return meth(obj, **kw)
[2026-09-27T10:49:24.568+0000] {subprocess.py:93} INFO -            ^^^^^^^^^^^^^^^
[2026-09-27T10:49:24.568+0000] {subprocess.py:93} INFO -   File "/home/***/.local/lib/python3.12/site-packages/sqlalchemy/sql/ddl.py", line 1106, in visit_table
[2026-09-27T10:49:24.568+0000] {subprocess.py:93} INFO -     self.connection.execute(DropTable(table))
[2026-09-27T10:49:24.568+0000] {subprocess.py:93} INFO -   File "/home/***/.local/lib/python3.12/site-packages/sqlalchemy/engine/base.py", line 1385, in execute
[2026-09-27T10:49:24.568+0000] {subprocess.py:93} INFO -     return meth(self, multiparams, params, _EMPTY_EXECUTION_OPTS)
[2026-09-27T10:49:24.568+0000] {subprocess.py:93} INFO -            ^^^^^^^^^^^^^^^^^^^^^^^^^^^^^^^^^^^^^^^^^^^^^^^^^^^^^^
[2026-09-27T10:49:24.568+0000] {subprocess.py:93} INFO -   File "/home/***/.local/lib/python3.12/site-packages/sqlalchemy/sql/ddl.py", line 80, in _execute_on_connection
[2026-09-27T10:49:24.568+0000] {subprocess.py:93} INFO -     return connection._execute_ddl(
[2026-09-27T10:49:24.568+0000] {subprocess.py:93} INFO -            ^^^^^^^^^^^^^^^^^^^^^^^^
[2026-09-27T10:49:24.568+0000] {subprocess.py:93} INFO -   File "/home/***/.local/lib/python3.12/site-packages/sqlalchemy/engine/base.py", line 1477, in _execute_ddl
[2026-09-27T10:49:24.568+0000] {subprocess.py:93} INFO -     ret = self._execute_context(
[2026-09-27T10:49:24.569+0000] {subprocess.py:93} INFO -           ^^^^^^^^^^^^^^^^^^^^^^
[2026-09-27T10:49:24.569+0000] {subprocess.py:93} INFO -   File "/home/***/.local/lib/python3.12/site-packages/sqlalchemy/engine/base.py", line 1953, in _execute_context
[2026-09-27T10:49:24.569+0000] {subprocess.py:93} INFO -     self._handle_dbapi_exception(
[2026-09-27T10:49:24.569+0000] {subprocess.py:93} INFO -   File "/home/***/.local/lib/python3.12/site-packages/sqlalchemy/engine/base.py", line 2134, in _handle_dbapi_exception
[2026-09-27T10:49:24.569+0000] {subprocess.py:93} INFO -     util.raise_(
[2026-09-27T10:49:24.569+0000] {subprocess.py:93} INFO -   File "/home/***/.local/lib/python3.12/site-packages/sqlalchemy/util/compat.py", line 211, in raise_
[2026-09-27T10:49:24.569+0000] {subprocess.py:93} INFO -     raise exception
[2026-09-27T10:49:24.569+0000] {subprocess.py:93} INFO -   File "/home/***/.local/lib/python3.12/site-packages/sqlalchemy/engine/base.py", line 1910, in _execute_context
[2026-09-27T10:49:24.569+0000] {subprocess.py:93} INFO -     self.dialect.do_execute(
[2026-09-27T10:49:24.569+0000] {subprocess.py:93} INFO -   File "/home/***/.local/lib/python3.12/site-packages/sqlalchemy/engine/default.py", line 736, in do_execute
[2026-09-27T10:49:24.570+0000] {subprocess.py:93} INFO -     cursor.execute(statement, parameters)
[2026-09-27T10:49:24.570+0000] {subprocess.py:93} INFO - sqlalchemy.exc.InternalError: (psycopg2.errors.DependentObjectsStillExist) cannot drop table raw_orders because other objects depend on it
[2026-09-27T10:49:24.570+0000] {subprocess.py:93} INFO - DETAIL:  view analytics.stg_orders depends on table raw_orders
[2026-09-27T10:49:24.570+0000] {subprocess.py:93} INFO - view analytics.int_orders_with_payments depends on view analytics.stg_orders
[2026-09-27T10:49:24.570+0000] {subprocess.py:93} INFO - view analytics.fct_orders depends on view analytics.int_orders_with_payments
[2026-09-27T10:49:24.570+0000] {subprocess.py:93} INFO - HINT:  Use DROP ... CASCADE to drop the dependent objects too.
[2026-09-27T10:49:24.570+0000] {subprocess.py:93} INFO - 
[2026-09-27T10:49:24.570+0000] {subprocess.py:93} INFO - [SQL:
[2026-09-27T10:49:24.570+0000] {subprocess.py:93} INFO - DROP TABLE public.raw_orders]
[2026-09-27T10:49:24.570+0000] {subprocess.py:93} INFO - (Background on this error at: https://sqlalche.me/e/14/2j85)
[2026-09-27T10:49:24.622+0000] {subprocess.py:97} INFO - Command exited with return code 1
[2026-09-27T10:49:24.623+0000] {taskinstance.py:441} INFO - ::group::Post task execution logs
[2026-09-27T10:49:24.637+0000] {taskinstance.py:2905} ERROR - Task failed with exception
Traceback (most recent call last):
  File "/home/airflow/.local/lib/python3.12/site-packages/airflow/models/taskinstance.py", line 465, in _execute_task
    result = _execute_callable(context=context, **execute_callable_kwargs)
             ^^^^^^^^^^^^^^^^^^^^^^^^^^^^^^^^^^^^^^^^^^^^^^^^^^^^^^^^^^^^^
  File "/home/airflow/.local/lib/python3.12/site-packages/airflow/models/taskinstance.py", line 432, in _execute_callable
    return execute_callable(context=context, **execute_callable_kwargs)
           ^^^^^^^^^^^^^^^^^^^^^^^^^^^^^^^^^^^^^^^^^^^^^^^^^^^^^^^^^^^^
  File "/home/airflow/.local/lib/python3.12/site-packages/airflow/models/baseoperator.py", line 401, in wrapper
    return func(self, *args, **kwargs)
           ^^^^^^^^^^^^^^^^^^^^^^^^^^^
  File "/home/airflow/.local/lib/python3.12/site-packages/airflow/operators/bash.py", line 243, in execute
    raise AirflowException(
airflow.exceptions.AirflowException: Bash command failed. The command returned a non-zero exit code 1.
[2026-09-27T10:49:24.640+0000] {taskinstance.py:1206} INFO - Marking task as UP_FOR_RETRY. dag_id=ecommerce_pipeline, task_id=load_raw_data, run_id=manual__2026-09-27T10:47:21.292725+00:00, execution_date=20260927T104721, start_date=20260927T104923, end_date=20260927T104924
[2026-09-27T10:49:24.647+0000] {standard_task_runner.py:110} ERROR - Failed to execute job 20 for task load_raw_data (Bash command failed. The command returned a non-zero exit code 1.; 270)
[2026-09-27T10:49:24.686+0000] {local_task_job_runner.py:243} INFO - Task exited with return code 1
[2026-09-27T10:49:24.696+0000] {local_task_job_runner.py:222} INFO - ::endgroup::
