[2026-09-27T10:51:35.874+0000] {local_task_job_runner.py:120} INFO - ::group::Pre task execution logs
[2026-09-27T10:51:35.896+0000] {taskinstance.py:2076} INFO - Dependencies all met for dep_context=non-requeueable deps ti=<TaskInstance: ecommerce_pipeline.load_raw_data manual__2026-09-27T10:47:21.292725+00:00 [queued]>
[2026-09-27T10:51:35.899+0000] {taskinstance.py:2076} INFO - Dependencies all met for dep_context=requeueable deps ti=<TaskInstance: ecommerce_pipeline.load_raw_data manual__2026-09-27T10:47:21.292725+00:00 [queued]>
[2026-09-27T10:51:35.900+0000] {taskinstance.py:2306} INFO - Starting attempt 5 of 7
[2026-09-27T10:51:35.905+0000] {taskinstance.py:2330} INFO - Executing <Task(BashOperator): load_raw_data> on 2026-09-27 10:47:21.292725+00:00
[2026-09-27T10:51:35.909+0000] {standard_task_runner.py:90} INFO - Running: ['***', 'tasks', 'run', 'ecommerce_pipeline', 'load_raw_data', 'manual__2026-09-27T10:47:21.292725+00:00', '--job-id', '25', '--raw', '--subdir', 'DAGS_FOLDER/ecommerce_pipeline_dag.py', '--cfg-path', '/tmp/tmppz4lsuqt']
[2026-09-27T10:51:35.909+0000] {logging_mixin.py:188} WARNING - /home/***/.local/lib/python3.12/site-packages/***/task/task_runner/standard_task_runner.py:62 DeprecationWarning: This process (pid=374) is multi-threaded, use of fork() may lead to deadlocks in the child.
[2026-09-27T10:51:35.910+0000] {standard_task_runner.py:91} INFO - Job 25: Subtask load_raw_data
[2026-09-27T10:51:35.910+0000] {standard_task_runner.py:64} INFO - Started process 375 to run task
[2026-09-27T10:51:35.965+0000] {task_command.py:426} INFO - Running <TaskInstance: ecommerce_pipeline.load_raw_data manual__2026-09-27T10:47:21.292725+00:00 [running]> on host 498a1a124f81
[2026-09-27T10:51:36.022+0000] {taskinstance.py:2648} INFO - Exporting env vars: AIRFLOW_CTX_DAG_OWNER='yanis' AIRFLOW_CTX_DAG_ID='ecommerce_pipeline' AIRFLOW_CTX_TASK_ID='load_raw_data' AIRFLOW_CTX_EXECUTION_DATE='2026-09-27T10:47:21.292725+00:00' AIRFLOW_CTX_TRY_NUMBER='5' AIRFLOW_CTX_DAG_RUN_ID='manual__2026-09-27T10:47:21.292725+00:00'
[2026-09-27T10:51:36.023+0000] {taskinstance.py:430} INFO - ::endgroup::
[2026-09-27T10:51:36.032+0000] {subprocess.py:63} INFO - Tmp dir root location: /tmp
[2026-09-27T10:51:36.032+0000] {subprocess.py:75} INFO - Running command: ['/usr/bin/bash', '-c', 'python /opt/***/ingestion/load_raw_data.py']
[2026-09-27T10:51:36.037+0000] {subprocess.py:86} INFO - Output:
[2026-09-27T10:52:10.258+0000] {subprocess.py:93} INFO - OK raw_orders chargee (99441 lignes)
[2026-09-27T10:52:10.277+0000] {subprocess.py:93} INFO - OK raw_order_items chargee (112650 lignes)
[2026-09-27T10:52:10.278+0000] {subprocess.py:93} INFO - OK raw_payments chargee (103886 lignes)
[2026-09-27T10:52:10.279+0000] {subprocess.py:93} INFO - OK raw_reviews chargee (99224 lignes)
[2026-09-27T10:52:10.282+0000] {subprocess.py:93} INFO - OK raw_customers chargee (99441 lignes)
[2026-09-27T10:52:10.282+0000] {subprocess.py:93} INFO - OK raw_products chargee (32951 lignes)
[2026-09-27T10:52:10.283+0000] {subprocess.py:93} INFO - OK raw_sellers chargee (3095 lignes)
[2026-09-27T10:52:10.284+0000] {subprocess.py:93} INFO - OK raw_geolocation chargee (1000163 lignes)
[2026-09-27T10:52:10.284+0000] {subprocess.py:93} INFO - OK raw_category_translation chargee (71 lignes)
[2026-09-27T10:52:10.435+0000] {subprocess.py:97} INFO - Command exited with return code 0
[2026-09-27T10:52:10.444+0000] {taskinstance.py:441} INFO - ::group::Post task execution logs
[2026-09-27T10:52:10.558+0000] {taskinstance.py:1206} INFO - Marking task as SUCCESS. dag_id=ecommerce_pipeline, task_id=load_raw_data, run_id=manual__2026-09-27T10:47:21.292725+00:00, execution_date=20260927T104721, start_date=20260927T105135, end_date=20260927T105210
[2026-09-27T10:52:10.616+0000] {local_task_job_runner.py:243} INFO - Task exited with return code 0
[2026-09-27T10:52:10.847+0000] {taskinstance.py:3503} INFO - 1 downstream tasks scheduled from follow-on schedule check
[2026-09-27T10:52:10.848+0000] {local_task_job_runner.py:222} INFO - ::endgroup::
