[2026-09-27T11:02:05.031+0000] {local_task_job_runner.py:120} INFO - ::group::Pre task execution logs
[2026-09-27T11:02:05.078+0000] {taskinstance.py:2076} INFO - Dependencies all met for dep_context=non-requeueable deps ti=<TaskInstance: ecommerce_pipeline.dbt_run manual__2026-09-27T10:49:45.109733+00:00 [queued]>
[2026-09-27T11:02:05.084+0000] {taskinstance.py:2076} INFO - Dependencies all met for dep_context=requeueable deps ti=<TaskInstance: ecommerce_pipeline.dbt_run manual__2026-09-27T10:49:45.109733+00:00 [queued]>
[2026-09-27T11:02:05.085+0000] {taskinstance.py:2306} INFO - Starting attempt 2 of 3
[2026-09-27T11:02:05.094+0000] {taskinstance.py:2330} INFO - Executing <Task(BashOperator): dbt_run> on 2026-09-27 10:49:45.109733+00:00
[2026-09-27T11:02:05.103+0000] {logging_mixin.py:188} WARNING - /home/***/.local/lib/python3.12/site-packages/***/task/task_runner/standard_task_runner.py:62 DeprecationWarning: This process (pid=498) is multi-threaded, use of fork() may lead to deadlocks in the child.
[2026-09-27T11:02:05.105+0000] {standard_task_runner.py:64} INFO - Started process 500 to run task
[2026-09-27T11:02:05.102+0000] {standard_task_runner.py:90} INFO - Running: ['***', 'tasks', 'run', 'ecommerce_pipeline', 'dbt_run', 'manual__2026-09-27T10:49:45.109733+00:00', '--job-id', '47', '--raw', '--subdir', 'DAGS_FOLDER/ecommerce_pipeline_dag.py', '--cfg-path', '/tmp/tmp57kdn6cb']
[2026-09-27T11:02:05.106+0000] {standard_task_runner.py:91} INFO - Job 47: Subtask dbt_run
[2026-09-27T11:02:05.163+0000] {task_command.py:426} INFO - Running <TaskInstance: ecommerce_pipeline.dbt_run manual__2026-09-27T10:49:45.109733+00:00 [running]> on host d53a1a690652
[2026-09-27T11:02:05.229+0000] {taskinstance.py:2648} INFO - Exporting env vars: AIRFLOW_CTX_DAG_OWNER='yanis' AIRFLOW_CTX_DAG_ID='ecommerce_pipeline' AIRFLOW_CTX_TASK_ID='dbt_run' AIRFLOW_CTX_EXECUTION_DATE='2026-09-27T10:49:45.109733+00:00' AIRFLOW_CTX_TRY_NUMBER='2' AIRFLOW_CTX_DAG_RUN_ID='manual__2026-09-27T10:49:45.109733+00:00'
[2026-09-27T11:02:05.230+0000] {taskinstance.py:430} INFO - ::endgroup::
[2026-09-27T11:02:05.246+0000] {subprocess.py:63} INFO - Tmp dir root location: /tmp
[2026-09-27T11:02:05.247+0000] {subprocess.py:75} INFO - Running command: ['/usr/bin/bash', '-c', 'cd /opt/***/dbt_project/ecommerce_dbt && dbt run --profiles-dir /opt/***/dbt_project']
[2026-09-27T11:02:05.253+0000] {subprocess.py:86} INFO - Output:
[2026-09-27T11:02:06.779+0000] {subprocess.py:93} INFO - [0m11:02:06  Running with dbt=1.8.0
[2026-09-27T11:02:06.913+0000] {subprocess.py:93} INFO - [0m11:02:06  Registered adapter: postgres=1.8.0
[2026-09-27T11:02:07.178+0000] {subprocess.py:93} INFO - [0m11:02:07  Found 9 models, 7 data tests, 6 sources, 428 macros
[2026-09-27T11:02:07.180+0000] {subprocess.py:93} INFO - [0m11:02:07
[2026-09-27T11:02:07.268+0000] {subprocess.py:93} INFO - [0m11:02:07  Concurrency: 4 threads (target='dev')
[2026-09-27T11:02:07.268+0000] {subprocess.py:93} INFO - [0m11:02:07
[2026-09-27T11:02:07.277+0000] {subprocess.py:93} INFO - [0m11:02:07  1 of 9 START sql view model analytics.stg_customers ............................ [RUN]
[2026-09-27T11:02:07.277+0000] {subprocess.py:93} INFO - [0m11:02:07  2 of 9 START sql view model analytics.stg_order_items .......................... [RUN]
[2026-09-27T11:02:07.278+0000] {subprocess.py:93} INFO - [0m11:02:07  3 of 9 START sql view model analytics.stg_orders ............................... [RUN]
[2026-09-27T11:02:07.278+0000] {subprocess.py:93} INFO - [0m11:02:07  4 of 9 START sql view model analytics.stg_payments ............................. [RUN]
[2026-09-27T11:02:07.420+0000] {subprocess.py:93} INFO - [0m11:02:07  3 of 9 OK created sql view model analytics.stg_orders .......................... [[32mCREATE VIEW[0m in 0.14s]
[2026-09-27T11:02:07.421+0000] {subprocess.py:93} INFO - [0m11:02:07  4 of 9 OK created sql view model analytics.stg_payments ........................ [[32mCREATE VIEW[0m in 0.14s]
[2026-09-27T11:02:07.422+0000] {subprocess.py:93} INFO - [0m11:02:07  1 of 9 OK created sql view model analytics.stg_customers ....................... [[32mCREATE VIEW[0m in 0.14s]
[2026-09-27T11:02:07.425+0000] {subprocess.py:93} INFO - [0m11:02:07  5 of 9 START sql view model analytics.stg_products ............................. [RUN]
[2026-09-27T11:02:07.426+0000] {subprocess.py:93} INFO - [0m11:02:07  6 of 9 START sql view model analytics.int_orders_with_payments ................. [RUN]
[2026-09-27T11:02:07.427+0000] {subprocess.py:93} INFO - [0m11:02:07  7 of 9 START sql view model analytics.dim_customers ............................ [RUN]
[2026-09-27T11:02:07.429+0000] {subprocess.py:93} INFO - [0m11:02:07  2 of 9 OK created sql view model analytics.stg_order_items ..................... [[32mCREATE VIEW[0m in 0.15s]
[2026-09-27T11:02:07.485+0000] {subprocess.py:93} INFO - [0m11:02:07  6 of 9 OK created sql view model analytics.int_orders_with_payments ............ [[32mCREATE VIEW[0m in 0.06s]
[2026-09-27T11:02:07.494+0000] {subprocess.py:93} INFO - [0m11:02:07  8 of 9 START sql view model analytics.fct_orders ............................... [RUN]
[2026-09-27T11:02:07.495+0000] {subprocess.py:93} INFO - [0m11:02:07  5 of 9 OK created sql view model analytics.stg_products ........................ [[32mCREATE VIEW[0m in 0.06s]
[2026-09-27T11:02:07.498+0000] {subprocess.py:93} INFO - [0m11:02:07  7 of 9 OK created sql view model analytics.dim_customers ....................... [[32mCREATE VIEW[0m in 0.07s]
[2026-09-27T11:02:07.505+0000] {subprocess.py:93} INFO - [0m11:02:07  9 of 9 START sql view model analytics.dim_products ............................. [RUN]
[2026-09-27T11:02:07.575+0000] {subprocess.py:93} INFO - [0m11:02:07  8 of 9 OK created sql view model analytics.fct_orders .......................... [[32mCREATE VIEW[0m in 0.08s]
[2026-09-27T11:02:07.579+0000] {subprocess.py:93} INFO - [0m11:02:07  9 of 9 OK created sql view model analytics.dim_products ........................ [[32mCREATE VIEW[0m in 0.07s]
[2026-09-27T11:02:07.589+0000] {subprocess.py:93} INFO - [0m11:02:07
[2026-09-27T11:02:07.589+0000] {subprocess.py:93} INFO - [0m11:02:07  Finished running 9 view models in 0 hours 0 minutes and 0.41 seconds (0.41s).
[2026-09-27T11:02:07.613+0000] {subprocess.py:93} INFO - [0m11:02:07
[2026-09-27T11:02:07.613+0000] {subprocess.py:93} INFO - [0m11:02:07  [32mCompleted successfully[0m
[2026-09-27T11:02:07.613+0000] {subprocess.py:93} INFO - [0m11:02:07
[2026-09-27T11:02:07.614+0000] {subprocess.py:93} INFO - [0m11:02:07  Done. PASS=9 WARN=0 ERROR=0 SKIP=0 TOTAL=9
[2026-09-27T11:02:08.367+0000] {subprocess.py:97} INFO - Command exited with return code 0
[2026-09-27T11:02:08.372+0000] {taskinstance.py:441} INFO - ::group::Post task execution logs
[2026-09-27T11:02:08.427+0000] {taskinstance.py:1206} INFO - Marking task as SUCCESS. dag_id=ecommerce_pipeline, task_id=dbt_run, run_id=manual__2026-09-27T10:49:45.109733+00:00, execution_date=20260927T104945, start_date=20260927T110205, end_date=20260927T110208
[2026-09-27T11:02:08.469+0000] {local_task_job_runner.py:243} INFO - Task exited with return code 0
[2026-09-27T11:02:08.514+0000] {taskinstance.py:3503} INFO - 1 downstream tasks scheduled from follow-on schedule check
[2026-09-27T11:02:08.516+0000] {local_task_job_runner.py:222} INFO - ::endgroup::
