[2026-09-27T10:30:17.786+0000] {local_task_job_runner.py:120} INFO - ::group::Pre task execution logs
[2026-09-27T10:30:17.818+0000] {taskinstance.py:2076} INFO - Dependencies all met for dep_context=non-requeueable deps ti=<TaskInstance: ecommerce_pipeline.load_raw_data manual__2026-09-27T10:20:13.031820+00:00 [queued]>
[2026-09-27T10:30:17.823+0000] {taskinstance.py:2076} INFO - Dependencies all met for dep_context=requeueable deps ti=<TaskInstance: ecommerce_pipeline.load_raw_data manual__2026-09-27T10:20:13.031820+00:00 [queued]>
[2026-09-27T10:30:17.823+0000] {taskinstance.py:2306} INFO - Starting attempt 3 of 3
[2026-09-27T10:30:17.830+0000] {taskinstance.py:2330} INFO - Executing <Task(BashOperator): load_raw_data> on 2026-09-27 10:20:13.031820+00:00
[2026-09-27T10:30:17.839+0000] {logging_mixin.py:188} WARNING - /home/***/.local/lib/python3.12/site-packages/***/task/task_runner/standard_task_runner.py:62 DeprecationWarning: This process (pid=713) is multi-threaded, use of fork() may lead to deadlocks in the child.
[2026-09-27T10:30:17.839+0000] {standard_task_runner.py:64} INFO - Started process 714 to run task
[2026-09-27T10:30:17.838+0000] {standard_task_runner.py:90} INFO - Running: ['***', 'tasks', 'run', 'ecommerce_pipeline', 'load_raw_data', 'manual__2026-09-27T10:20:13.031820+00:00', '--job-id', '15', '--raw', '--subdir', 'DAGS_FOLDER/ecommerce_pipeline_dag.py', '--cfg-path', '/tmp/tmpoa70w653']
[2026-09-27T10:30:17.840+0000] {standard_task_runner.py:91} INFO - Job 15: Subtask load_raw_data
[2026-09-27T10:30:17.871+0000] {task_command.py:426} INFO - Running <TaskInstance: ecommerce_pipeline.load_raw_data manual__2026-09-27T10:20:13.031820+00:00 [running]> on host f3c8dcac6954
[2026-09-27T10:30:17.916+0000] {taskinstance.py:2648} INFO - Exporting env vars: AIRFLOW_CTX_DAG_OWNER='yanis' AIRFLOW_CTX_DAG_ID='ecommerce_pipeline' AIRFLOW_CTX_TASK_ID='load_raw_data' AIRFLOW_CTX_EXECUTION_DATE='2026-09-27T10:20:13.031820+00:00' AIRFLOW_CTX_TRY_NUMBER='3' AIRFLOW_CTX_DAG_RUN_ID='manual__2026-09-27T10:20:13.031820+00:00'
[2026-09-27T10:30:17.917+0000] {taskinstance.py:430} INFO - ::endgroup::
[2026-09-27T10:30:17.928+0000] {subprocess.py:63} INFO - Tmp dir root location: /tmp
[2026-09-27T10:30:17.930+0000] {subprocess.py:75} INFO - Running command: ['/usr/bin/bash', '-c', 'python /opt/***/ingestion/load_raw_data.py']
[2026-09-27T10:30:17.935+0000] {subprocess.py:86} INFO - Output:
[2026-09-27T10:30:19.262+0000] {subprocess.py:93} INFO - Traceback (most recent call last):
[2026-09-27T10:30:19.263+0000] {subprocess.py:93} INFO -   File "/home/***/.local/lib/python3.12/site-packages/sqlalchemy/engine/base.py", line 3371, in _wrap_pool_connect
[2026-09-27T10:30:19.264+0000] {subprocess.py:93} INFO -     return fn()
[2026-09-27T10:30:19.264+0000] {subprocess.py:93} INFO -            ^^^^
[2026-09-27T10:30:19.264+0000] {subprocess.py:93} INFO -   File "/home/***/.local/lib/python3.12/site-packages/sqlalchemy/pool/base.py", line 327, in connect
[2026-09-27T10:30:19.265+0000] {subprocess.py:93} INFO -     return _ConnectionFairy._checkout(self)
[2026-09-27T10:30:19.265+0000] {subprocess.py:93} INFO -            ^^^^^^^^^^^^^^^^^^^^^^^^^^^^^^^^
[2026-09-27T10:30:19.265+0000] {subprocess.py:93} INFO -   File "/home/***/.local/lib/python3.12/site-packages/sqlalchemy/pool/base.py", line 894, in _checkout
[2026-09-27T10:30:19.265+0000] {subprocess.py:93} INFO -     fairy = _ConnectionRecord.checkout(pool)
[2026-09-27T10:30:19.266+0000] {subprocess.py:93} INFO -             ^^^^^^^^^^^^^^^^^^^^^^^^^^^^^^^^
[2026-09-27T10:30:19.266+0000] {subprocess.py:93} INFO -   File "/home/***/.local/lib/python3.12/site-packages/sqlalchemy/pool/base.py", line 493, in checkout
[2026-09-27T10:30:19.266+0000] {subprocess.py:93} INFO -     rec = pool._do_get()
[2026-09-27T10:30:19.266+0000] {subprocess.py:93} INFO -           ^^^^^^^^^^^^^^
[2026-09-27T10:30:19.266+0000] {subprocess.py:93} INFO -   File "/home/***/.local/lib/python3.12/site-packages/sqlalchemy/pool/impl.py", line 145, in _do_get
[2026-09-27T10:30:19.266+0000] {subprocess.py:93} INFO -     with util.safe_reraise():
[2026-09-27T10:30:19.266+0000] {subprocess.py:93} INFO -   File "/home/***/.local/lib/python3.12/site-packages/sqlalchemy/util/langhelpers.py", line 70, in __exit__
[2026-09-27T10:30:19.267+0000] {subprocess.py:93} INFO -     compat.raise_(
[2026-09-27T10:30:19.267+0000] {subprocess.py:93} INFO -   File "/home/***/.local/lib/python3.12/site-packages/sqlalchemy/util/compat.py", line 211, in raise_
[2026-09-27T10:30:19.268+0000] {subprocess.py:93} INFO -     raise exception
[2026-09-27T10:30:19.268+0000] {subprocess.py:93} INFO -   File "/home/***/.local/lib/python3.12/site-packages/sqlalchemy/pool/impl.py", line 143, in _do_get
[2026-09-27T10:30:19.268+0000] {subprocess.py:93} INFO -     return self._create_connection()
[2026-09-27T10:30:19.268+0000] {subprocess.py:93} INFO -            ^^^^^^^^^^^^^^^^^^^^^^^^^
[2026-09-27T10:30:19.268+0000] {subprocess.py:93} INFO -   File "/home/***/.local/lib/python3.12/site-packages/sqlalchemy/pool/base.py", line 273, in _create_connection
[2026-09-27T10:30:19.268+0000] {subprocess.py:93} INFO -     return _ConnectionRecord(self)
[2026-09-27T10:30:19.268+0000] {subprocess.py:93} INFO -            ^^^^^^^^^^^^^^^^^^^^^^^
[2026-09-27T10:30:19.268+0000] {subprocess.py:93} INFO -   File "/home/***/.local/lib/python3.12/site-packages/sqlalchemy/pool/base.py", line 388, in __init__
[2026-09-27T10:30:19.268+0000] {subprocess.py:93} INFO -     self.__connect()
[2026-09-27T10:30:19.268+0000] {subprocess.py:93} INFO -   File "/home/***/.local/lib/python3.12/site-packages/sqlalchemy/pool/base.py", line 690, in __connect
[2026-09-27T10:30:19.269+0000] {subprocess.py:93} INFO -     with util.safe_reraise():
[2026-09-27T10:30:19.269+0000] {subprocess.py:93} INFO -   File "/home/***/.local/lib/python3.12/site-packages/sqlalchemy/util/langhelpers.py", line 70, in __exit__
[2026-09-27T10:30:19.269+0000] {subprocess.py:93} INFO -     compat.raise_(
[2026-09-27T10:30:19.269+0000] {subprocess.py:93} INFO -   File "/home/***/.local/lib/python3.12/site-packages/sqlalchemy/util/compat.py", line 211, in raise_
[2026-09-27T10:30:19.269+0000] {subprocess.py:93} INFO -     raise exception
[2026-09-27T10:30:19.269+0000] {subprocess.py:93} INFO -   File "/home/***/.local/lib/python3.12/site-packages/sqlalchemy/pool/base.py", line 686, in __connect
[2026-09-27T10:30:19.269+0000] {subprocess.py:93} INFO -     self.dbapi_connection = connection = pool._invoke_creator(self)
[2026-09-27T10:30:19.269+0000] {subprocess.py:93} INFO -                                          ^^^^^^^^^^^^^^^^^^^^^^^^^^
[2026-09-27T10:30:19.269+0000] {subprocess.py:93} INFO -   File "/home/***/.local/lib/python3.12/site-packages/sqlalchemy/engine/create.py", line 574, in connect
[2026-09-27T10:30:19.269+0000] {subprocess.py:93} INFO -     return dialect.connect(*cargs, **cparams)
[2026-09-27T10:30:19.269+0000] {subprocess.py:93} INFO -            ^^^^^^^^^^^^^^^^^^^^^^^^^^^^^^^^^^
[2026-09-27T10:30:19.270+0000] {subprocess.py:93} INFO -   File "/home/***/.local/lib/python3.12/site-packages/sqlalchemy/engine/default.py", line 598, in connect
[2026-09-27T10:30:19.270+0000] {subprocess.py:93} INFO -     return self.dbapi.connect(*cargs, **cparams)
[2026-09-27T10:30:19.271+0000] {subprocess.py:93} INFO -            ^^^^^^^^^^^^^^^^^^^^^^^^^^^^^^^^^^^^^
[2026-09-27T10:30:19.271+0000] {subprocess.py:93} INFO -   File "/home/***/.local/lib/python3.12/site-packages/psycopg2/__init__.py", line 122, in connect
[2026-09-27T10:30:19.272+0000] {subprocess.py:93} INFO -     conn = _connect(dsn, connection_factory=connection_factory, **kwasync)
[2026-09-27T10:30:19.272+0000] {subprocess.py:93} INFO -            ^^^^^^^^^^^^^^^^^^^^^^^^^^^^^^^^^^^^^^^^^^^^^^^^^^^^^^^^^^^^^^^
[2026-09-27T10:30:19.272+0000] {subprocess.py:93} INFO - psycopg2.OperationalError: connection to server at "localhost" (::1), port 5432 failed: Connection refused
[2026-09-27T10:30:19.272+0000] {subprocess.py:93} INFO - 	Is the server running on that host and accepting TCP/IP connections?
[2026-09-27T10:30:19.272+0000] {subprocess.py:93} INFO - connection to server at "localhost" (127.0.0.1), port 5432 failed: Connection refused
[2026-09-27T10:30:19.273+0000] {subprocess.py:93} INFO - 	Is the server running on that host and accepting TCP/IP connections?
[2026-09-27T10:30:19.273+0000] {subprocess.py:93} INFO - 
[2026-09-27T10:30:19.273+0000] {subprocess.py:93} INFO - 
[2026-09-27T10:30:19.273+0000] {subprocess.py:93} INFO - The above exception was the direct cause of the following exception:
[2026-09-27T10:30:19.273+0000] {subprocess.py:93} INFO - 
[2026-09-27T10:30:19.273+0000] {subprocess.py:93} INFO - Traceback (most recent call last):
[2026-09-27T10:30:19.273+0000] {subprocess.py:93} INFO -   File "/opt/***/ingestion/load_raw_data.py", line 33, in <module>
[2026-09-27T10:30:19.273+0000] {subprocess.py:93} INFO -     df.to_sql(table_name, engine, if_exists="replace", index=False, schema="public")
[2026-09-27T10:30:19.273+0000] {subprocess.py:93} INFO -   File "/home/***/.local/lib/python3.12/site-packages/pandas/util/_decorators.py", line 333, in wrapper
[2026-09-27T10:30:19.273+0000] {subprocess.py:93} INFO -     return func(*args, **kwargs)
[2026-09-27T10:30:19.274+0000] {subprocess.py:93} INFO -            ^^^^^^^^^^^^^^^^^^^^^
[2026-09-27T10:30:19.274+0000] {subprocess.py:93} INFO -   File "/home/***/.local/lib/python3.12/site-packages/pandas/core/generic.py", line 3008, in to_sql
[2026-09-27T10:30:19.274+0000] {subprocess.py:93} INFO -     return sql.to_sql(
[2026-09-27T10:30:19.274+0000] {subprocess.py:93} INFO -            ^^^^^^^^^^^
[2026-09-27T10:30:19.275+0000] {subprocess.py:93} INFO -   File "/home/***/.local/lib/python3.12/site-packages/pandas/io/sql.py", line 787, in to_sql
[2026-09-27T10:30:19.276+0000] {subprocess.py:93} INFO -     with pandasSQL_builder(con, schema=schema, need_transaction=True) as pandas_sql:
[2026-09-27T10:30:19.276+0000] {subprocess.py:93} INFO -          ^^^^^^^^^^^^^^^^^^^^^^^^^^^^^^^^^^^^^^^^^^^^^^^^^^^^^^^^^^^^
[2026-09-27T10:30:19.280+0000] {subprocess.py:93} INFO -   File "/home/***/.local/lib/python3.12/site-packages/pandas/io/sql.py", line 851, in pandasSQL_builder
[2026-09-27T10:30:19.280+0000] {subprocess.py:93} INFO -     return SQLDatabase(con, schema, need_transaction)
[2026-09-27T10:30:19.282+0000] {subprocess.py:93} INFO -            ^^^^^^^^^^^^^^^^^^^^^^^^^^^^^^^^^^^^^^^^^^
[2026-09-27T10:30:19.284+0000] {subprocess.py:93} INFO -   File "/home/***/.local/lib/python3.12/site-packages/pandas/io/sql.py", line 1576, in __init__
[2026-09-27T10:30:19.284+0000] {subprocess.py:93} INFO -     con = self.exit_stack.enter_context(con.connect())
[2026-09-27T10:30:19.284+0000] {subprocess.py:93} INFO -                                         ^^^^^^^^^^^^^
[2026-09-27T10:30:19.284+0000] {subprocess.py:93} INFO -   File "/home/***/.local/lib/python3.12/site-packages/sqlalchemy/engine/base.py", line 3325, in connect
[2026-09-27T10:30:19.284+0000] {subprocess.py:93} INFO -     return self._connection_cls(self, close_with_result=close_with_result)
[2026-09-27T10:30:19.284+0000] {subprocess.py:93} INFO -            ^^^^^^^^^^^^^^^^^^^^^^^^^^^^^^^^^^^^^^^^^^^^^^^^^^^^^^^^^^^^^^^
[2026-09-27T10:30:19.284+0000] {subprocess.py:93} INFO -   File "/home/***/.local/lib/python3.12/site-packages/sqlalchemy/engine/base.py", line 96, in __init__
[2026-09-27T10:30:19.284+0000] {subprocess.py:93} INFO -     else engine.raw_connection()
[2026-09-27T10:30:19.284+0000] {subprocess.py:93} INFO -          ^^^^^^^^^^^^^^^^^^^^^^^
[2026-09-27T10:30:19.284+0000] {subprocess.py:93} INFO -   File "/home/***/.local/lib/python3.12/site-packages/sqlalchemy/engine/base.py", line 3404, in raw_connection
[2026-09-27T10:30:19.284+0000] {subprocess.py:93} INFO -     return self._wrap_pool_connect(self.pool.connect, _connection)
[2026-09-27T10:30:19.285+0000] {subprocess.py:93} INFO -            ^^^^^^^^^^^^^^^^^^^^^^^^^^^^^^^^^^^^^^^^^^^^^^^^^^^^^^^
[2026-09-27T10:30:19.285+0000] {subprocess.py:93} INFO -   File "/home/***/.local/lib/python3.12/site-packages/sqlalchemy/engine/base.py", line 3374, in _wrap_pool_connect
[2026-09-27T10:30:19.285+0000] {subprocess.py:93} INFO -     Connection._handle_dbapi_exception_noconnection(
[2026-09-27T10:30:19.285+0000] {subprocess.py:93} INFO -   File "/home/***/.local/lib/python3.12/site-packages/sqlalchemy/engine/base.py", line 2208, in _handle_dbapi_exception_noconnection
[2026-09-27T10:30:19.285+0000] {subprocess.py:93} INFO -     util.raise_(
[2026-09-27T10:30:19.285+0000] {subprocess.py:93} INFO -   File "/home/***/.local/lib/python3.12/site-packages/sqlalchemy/util/compat.py", line 211, in raise_
[2026-09-27T10:30:19.285+0000] {subprocess.py:93} INFO -     raise exception
[2026-09-27T10:30:19.285+0000] {subprocess.py:93} INFO -   File "/home/***/.local/lib/python3.12/site-packages/sqlalchemy/engine/base.py", line 3371, in _wrap_pool_connect
[2026-09-27T10:30:19.285+0000] {subprocess.py:93} INFO -     return fn()
[2026-09-27T10:30:19.285+0000] {subprocess.py:93} INFO -            ^^^^
[2026-09-27T10:30:19.285+0000] {subprocess.py:93} INFO -   File "/home/***/.local/lib/python3.12/site-packages/sqlalchemy/pool/base.py", line 327, in connect
[2026-09-27T10:30:19.286+0000] {subprocess.py:93} INFO -     return _ConnectionFairy._checkout(self)
[2026-09-27T10:30:19.286+0000] {subprocess.py:93} INFO -            ^^^^^^^^^^^^^^^^^^^^^^^^^^^^^^^^
[2026-09-27T10:30:19.286+0000] {subprocess.py:93} INFO -   File "/home/***/.local/lib/python3.12/site-packages/sqlalchemy/pool/base.py", line 894, in _checkout
[2026-09-27T10:30:19.286+0000] {subprocess.py:93} INFO -     fairy = _ConnectionRecord.checkout(pool)
[2026-09-27T10:30:19.286+0000] {subprocess.py:93} INFO -             ^^^^^^^^^^^^^^^^^^^^^^^^^^^^^^^^
[2026-09-27T10:30:19.286+0000] {subprocess.py:93} INFO -   File "/home/***/.local/lib/python3.12/site-packages/sqlalchemy/pool/base.py", line 493, in checkout
[2026-09-27T10:30:19.286+0000] {subprocess.py:93} INFO -     rec = pool._do_get()
[2026-09-27T10:30:19.286+0000] {subprocess.py:93} INFO -           ^^^^^^^^^^^^^^
[2026-09-27T10:30:19.286+0000] {subprocess.py:93} INFO -   File "/home/***/.local/lib/python3.12/site-packages/sqlalchemy/pool/impl.py", line 145, in _do_get
[2026-09-27T10:30:19.287+0000] {subprocess.py:93} INFO -     with util.safe_reraise():
[2026-09-27T10:30:19.290+0000] {subprocess.py:93} INFO -   File "/home/***/.local/lib/python3.12/site-packages/sqlalchemy/util/langhelpers.py", line 70, in __exit__
[2026-09-27T10:30:19.290+0000] {subprocess.py:93} INFO -     compat.raise_(
[2026-09-27T10:30:19.290+0000] {subprocess.py:93} INFO -   File "/home/***/.local/lib/python3.12/site-packages/sqlalchemy/util/compat.py", line 211, in raise_
[2026-09-27T10:30:19.290+0000] {subprocess.py:93} INFO -     raise exception
[2026-09-27T10:30:19.290+0000] {subprocess.py:93} INFO -   File "/home/***/.local/lib/python3.12/site-packages/sqlalchemy/pool/impl.py", line 143, in _do_get
[2026-09-27T10:30:19.290+0000] {subprocess.py:93} INFO -     return self._create_connection()
[2026-09-27T10:30:19.290+0000] {subprocess.py:93} INFO -            ^^^^^^^^^^^^^^^^^^^^^^^^^
[2026-09-27T10:30:19.290+0000] {subprocess.py:93} INFO -   File "/home/***/.local/lib/python3.12/site-packages/sqlalchemy/pool/base.py", line 273, in _create_connection
[2026-09-27T10:30:19.290+0000] {subprocess.py:93} INFO -     return _ConnectionRecord(self)
[2026-09-27T10:30:19.290+0000] {subprocess.py:93} INFO -            ^^^^^^^^^^^^^^^^^^^^^^^
[2026-09-27T10:30:19.290+0000] {subprocess.py:93} INFO -   File "/home/***/.local/lib/python3.12/site-packages/sqlalchemy/pool/base.py", line 388, in __init__
[2026-09-27T10:30:19.291+0000] {subprocess.py:93} INFO -     self.__connect()
[2026-09-27T10:30:19.291+0000] {subprocess.py:93} INFO -   File "/home/***/.local/lib/python3.12/site-packages/sqlalchemy/pool/base.py", line 690, in __connect
[2026-09-27T10:30:19.291+0000] {subprocess.py:93} INFO -     with util.safe_reraise():
[2026-09-27T10:30:19.291+0000] {subprocess.py:93} INFO -   File "/home/***/.local/lib/python3.12/site-packages/sqlalchemy/util/langhelpers.py", line 70, in __exit__
[2026-09-27T10:30:19.291+0000] {subprocess.py:93} INFO -     compat.raise_(
[2026-09-27T10:30:19.291+0000] {subprocess.py:93} INFO -   File "/home/***/.local/lib/python3.12/site-packages/sqlalchemy/util/compat.py", line 211, in raise_
[2026-09-27T10:30:19.291+0000] {subprocess.py:93} INFO -     raise exception
[2026-09-27T10:30:19.291+0000] {subprocess.py:93} INFO -   File "/home/***/.local/lib/python3.12/site-packages/sqlalchemy/pool/base.py", line 686, in __connect
[2026-09-27T10:30:19.291+0000] {subprocess.py:93} INFO -     self.dbapi_connection = connection = pool._invoke_creator(self)
[2026-09-27T10:30:19.291+0000] {subprocess.py:93} INFO -                                          ^^^^^^^^^^^^^^^^^^^^^^^^^^
[2026-09-27T10:30:19.291+0000] {subprocess.py:93} INFO -   File "/home/***/.local/lib/python3.12/site-packages/sqlalchemy/engine/create.py", line 574, in connect
[2026-09-27T10:30:19.291+0000] {subprocess.py:93} INFO -     return dialect.connect(*cargs, **cparams)
[2026-09-27T10:30:19.291+0000] {subprocess.py:93} INFO -            ^^^^^^^^^^^^^^^^^^^^^^^^^^^^^^^^^^
[2026-09-27T10:30:19.292+0000] {subprocess.py:93} INFO -   File "/home/***/.local/lib/python3.12/site-packages/sqlalchemy/engine/default.py", line 598, in connect
[2026-09-27T10:30:19.292+0000] {subprocess.py:93} INFO -     return self.dbapi.connect(*cargs, **cparams)
[2026-09-27T10:30:19.292+0000] {subprocess.py:93} INFO -            ^^^^^^^^^^^^^^^^^^^^^^^^^^^^^^^^^^^^^
[2026-09-27T10:30:19.292+0000] {subprocess.py:93} INFO -   File "/home/***/.local/lib/python3.12/site-packages/psycopg2/__init__.py", line 122, in connect
[2026-09-27T10:30:19.292+0000] {subprocess.py:93} INFO -     conn = _connect(dsn, connection_factory=connection_factory, **kwasync)
[2026-09-27T10:30:19.292+0000] {subprocess.py:93} INFO -            ^^^^^^^^^^^^^^^^^^^^^^^^^^^^^^^^^^^^^^^^^^^^^^^^^^^^^^^^^^^^^^^
[2026-09-27T10:30:19.292+0000] {subprocess.py:93} INFO - sqlalchemy.exc.OperationalError: (psycopg2.OperationalError) connection to server at "localhost" (::1), port 5432 failed: Connection refused
[2026-09-27T10:30:19.292+0000] {subprocess.py:93} INFO - 	Is the server running on that host and accepting TCP/IP connections?
[2026-09-27T10:30:19.292+0000] {subprocess.py:93} INFO - connection to server at "localhost" (127.0.0.1), port 5432 failed: Connection refused
[2026-09-27T10:30:19.292+0000] {subprocess.py:93} INFO - 	Is the server running on that host and accepting TCP/IP connections?
[2026-09-27T10:30:19.292+0000] {subprocess.py:93} INFO - 
[2026-09-27T10:30:19.292+0000] {subprocess.py:93} INFO - (Background on this error at: https://sqlalche.me/e/14/e3q8)
[2026-09-27T10:30:19.339+0000] {subprocess.py:97} INFO - Command exited with return code 1
[2026-09-27T10:30:19.340+0000] {taskinstance.py:441} INFO - ::group::Post task execution logs
[2026-09-27T10:30:19.353+0000] {taskinstance.py:2905} ERROR - Task failed with exception
Traceback (most recent call last):
  File "/home/airflow/.local/lib/python3.12/site-packages/airflow/models/taskinstance.py", line 465, in _execute_task
    result = _execute_callable(context=context, **execute_callable_kwargs)
             ^^^^^^^^^^^^^^^^^^^^^^^^^^^^^^^^^^^^^^^^^^^^^^^^^^^^^^^^^^^^^
  File "/home/airflow/.local/lib/python3.12/site-packages/airflow/models/taskinstance.py", line 432, in _execute_callable
    return execute_callable(context=context, **execute_callable_kwargs)
           ^^^^^^^^^^^^^^^^^^^^^^^^^^^^^^^^^^^^^^^^^^^^^^^^^^^^^^^^^^^^
  File "/home/airflow/.local/lib/python3.12/site-packages/airflow/models/baseoperator.py", line 401, in wrapper
    return func(self, *args, **kwargs)
           ^^^^^^^^^^^^^^^^^^^^^^^^^^^
  File "/home/airflow/.local/lib/python3.12/site-packages/airflow/operators/bash.py", line 243, in execute
    raise AirflowException(
airflow.exceptions.AirflowException: Bash command failed. The command returned a non-zero exit code 1.
[2026-09-27T10:30:19.356+0000] {taskinstance.py:1206} INFO - Marking task as FAILED. dag_id=ecommerce_pipeline, task_id=load_raw_data, run_id=manual__2026-09-27T10:20:13.031820+00:00, execution_date=20260927T102013, start_date=20260927T103017, end_date=20260927T103019
[2026-09-27T10:30:19.388+0000] {standard_task_runner.py:110} ERROR - Failed to execute job 15 for task load_raw_data (Bash command failed. The command returned a non-zero exit code 1.; 714)
[2026-09-27T10:30:19.414+0000] {local_task_job_runner.py:243} INFO - Task exited with return code 1
[2026-09-27T10:30:19.439+0000] {taskinstance.py:3503} INFO - 0 downstream tasks scheduled from follow-on schedule check
[2026-09-27T10:30:19.442+0000] {local_task_job_runner.py:222} INFO - ::endgroup::
