[2026-09-27T10:58:44.251+0000] {local_task_job_runner.py:120} INFO - ::group::Pre task execution logs
[2026-09-27T10:58:44.350+0000] {taskinstance.py:2076} INFO - Dependencies all met for dep_context=non-requeueable deps ti=<TaskInstance: ecommerce_pipeline.dbt_run manual__2026-09-27T10:51:37.185181+00:00 [queued]>
[2026-09-27T10:58:44.357+0000] {taskinstance.py:2076} INFO - Dependencies all met for dep_context=requeueable deps ti=<TaskInstance: ecommerce_pipeline.dbt_run manual__2026-09-27T10:51:37.185181+00:00 [queued]>
[2026-09-27T10:58:44.357+0000] {taskinstance.py:2306} INFO - Starting attempt 3 of 5
[2026-09-27T10:58:44.370+0000] {taskinstance.py:2330} INFO - Executing <Task(BashOperator): dbt_run> on 2026-09-27 10:51:37.185181+00:00
[2026-09-27T10:58:44.376+0000] {logging_mixin.py:188} WARNING - /home/***/.local/lib/python3.12/site-packages/***/task/task_runner/standard_task_runner.py:62 DeprecationWarning: This process (pid=366) is multi-threaded, use of fork() may lead to deadlocks in the child.
[2026-09-27T10:58:44.375+0000] {standard_task_runner.py:90} INFO - Running: ['***', 'tasks', 'run', 'ecommerce_pipeline', 'dbt_run', 'manual__2026-09-27T10:51:37.185181+00:00', '--job-id', '42', '--raw', '--subdir', 'DAGS_FOLDER/ecommerce_pipeline_dag.py', '--cfg-path', '/tmp/tmpwk2o4irw']
[2026-09-27T10:58:44.377+0000] {standard_task_runner.py:91} INFO - Job 42: Subtask dbt_run
[2026-09-27T10:58:44.377+0000] {standard_task_runner.py:64} INFO - Started process 367 to run task
[2026-09-27T10:58:44.451+0000] {task_command.py:426} INFO - Running <TaskInstance: ecommerce_pipeline.dbt_run manual__2026-09-27T10:51:37.185181+00:00 [running]> on host d53a1a690652
[2026-09-27T10:58:44.548+0000] {taskinstance.py:2648} INFO - Exporting env vars: AIRFLOW_CTX_DAG_OWNER='yanis' AIRFLOW_CTX_DAG_ID='ecommerce_pipeline' AIRFLOW_CTX_TASK_ID='dbt_run' AIRFLOW_CTX_EXECUTION_DATE='2026-09-27T10:51:37.185181+00:00' AIRFLOW_CTX_TRY_NUMBER='3' AIRFLOW_CTX_DAG_RUN_ID='manual__2026-09-27T10:51:37.185181+00:00'
[2026-09-27T10:58:44.549+0000] {taskinstance.py:430} INFO - ::endgroup::
[2026-09-27T10:58:44.583+0000] {subprocess.py:63} INFO - Tmp dir root location: /tmp
[2026-09-27T10:58:44.584+0000] {subprocess.py:75} INFO - Running command: ['/usr/bin/bash', '-c', 'cd /opt/***/dbt_project/ecommerce_dbt && dbt run --profiles-dir /opt/***/dbt_project']
[2026-09-27T10:58:44.592+0000] {subprocess.py:86} INFO - Output:
[2026-09-27T10:58:46.911+0000] {subprocess.py:93} INFO - [0m10:58:46  Running with dbt=1.8.0
[2026-09-27T10:58:47.075+0000] {subprocess.py:93} INFO - [0m10:58:47  Registered adapter: postgres=1.8.0
[2026-09-27T10:58:47.346+0000] {subprocess.py:93} INFO - [0m10:58:47  Found 9 models, 7 data tests, 6 sources, 428 macros
[2026-09-27T10:58:47.348+0000] {subprocess.py:93} INFO - [0m10:58:47
[2026-09-27T10:58:47.474+0000] {subprocess.py:93} INFO - [0m10:58:47  Concurrency: 4 threads (target='dev')
[2026-09-27T10:58:47.476+0000] {subprocess.py:93} INFO - [0m10:58:47
[2026-09-27T10:58:47.492+0000] {subprocess.py:93} INFO - [0m10:58:47  1 of 9 START sql view model analytics.stg_customers ............................ [RUN]
[2026-09-27T10:58:47.493+0000] {subprocess.py:93} INFO - [0m10:58:47  2 of 9 START sql view model analytics.stg_order_items .......................... [RUN]
[2026-09-27T10:58:47.494+0000] {subprocess.py:93} INFO - [0m10:58:47  3 of 9 START sql view model analytics.stg_orders ............................... [RUN]
[2026-09-27T10:58:47.494+0000] {subprocess.py:93} INFO - [0m10:58:47  4 of 9 START sql view model analytics.stg_payments ............................. [RUN]
[2026-09-27T10:58:47.640+0000] {subprocess.py:93} INFO - [0m10:58:47  2 of 9 OK created sql view model analytics.stg_order_items ..................... [[32mCREATE VIEW[0m in 0.14s]
[2026-09-27T10:58:47.641+0000] {subprocess.py:93} INFO - [0m10:58:47  4 of 9 OK created sql view model analytics.stg_payments ........................ [[32mCREATE VIEW[0m in 0.14s]
[2026-09-27T10:58:47.641+0000] {subprocess.py:93} INFO - [0m10:58:47  1 of 9 OK created sql view model analytics.stg_customers ....................... [[32mCREATE VIEW[0m in 0.14s]
[2026-09-27T10:58:47.642+0000] {subprocess.py:93} INFO - [0m10:58:47  3 of 9 OK created sql view model analytics.stg_orders .......................... [[32mCREATE VIEW[0m in 0.14s]
[2026-09-27T10:58:47.645+0000] {subprocess.py:93} INFO - [0m10:58:47  5 of 9 START sql view model analytics.stg_products ............................. [RUN]
[2026-09-27T10:58:47.646+0000] {subprocess.py:93} INFO - [0m10:58:47  6 of 9 START sql view model analytics.dim_customers ............................ [RUN]
[2026-09-27T10:58:47.646+0000] {subprocess.py:93} INFO - [0m10:58:47  7 of 9 START sql view model analytics.int_orders_with_payments ................. [RUN]
[2026-09-27T10:58:47.708+0000] {subprocess.py:93} INFO - [0m10:58:47  7 of 9 OK created sql view model analytics.int_orders_with_payments ............ [[32mCREATE VIEW[0m in 0.06s]
[2026-09-27T10:58:47.709+0000] {subprocess.py:93} INFO - [0m10:58:47  6 of 9 OK created sql view model analytics.dim_customers ....................... [[32mCREATE VIEW[0m in 0.06s]
[2026-09-27T10:58:47.710+0000] {subprocess.py:93} INFO - [0m10:58:47  5 of 9 OK created sql view model analytics.stg_products ........................ [[32mCREATE VIEW[0m in 0.06s]
[2026-09-27T10:58:47.711+0000] {subprocess.py:93} INFO - [0m10:58:47  8 of 9 START sql view model analytics.fct_orders ............................... [RUN]
[2026-09-27T10:58:47.713+0000] {subprocess.py:93} INFO - [0m10:58:47  9 of 9 START sql view model analytics.dim_products ............................. [RUN]
[2026-09-27T10:58:47.756+0000] {subprocess.py:93} INFO - [0m10:58:47  9 of 9 OK created sql view model analytics.dim_products ........................ [[32mCREATE VIEW[0m in 0.04s]
[2026-09-27T10:58:47.758+0000] {subprocess.py:93} INFO - [0m10:58:47  8 of 9 OK created sql view model analytics.fct_orders .......................... [[32mCREATE VIEW[0m in 0.05s]
[2026-09-27T10:58:47.771+0000] {subprocess.py:93} INFO - [0m10:58:47
[2026-09-27T10:58:47.771+0000] {subprocess.py:93} INFO - [0m10:58:47  Finished running 9 view models in 0 hours 0 minutes and 0.42 seconds (0.42s).
[2026-09-27T10:58:47.798+0000] {subprocess.py:93} INFO - [0m10:58:47
[2026-09-27T10:58:47.799+0000] {subprocess.py:93} INFO - [0m10:58:47  [32mCompleted successfully[0m
[2026-09-27T10:58:47.799+0000] {subprocess.py:93} INFO - [0m10:58:47
[2026-09-27T10:58:47.799+0000] {subprocess.py:93} INFO - [0m10:58:47  Done. PASS=9 WARN=0 ERROR=0 SKIP=0 TOTAL=9
[2026-09-27T10:58:48.640+0000] {subprocess.py:97} INFO - Command exited with return code 0
[2026-09-27T10:58:48.648+0000] {taskinstance.py:441} INFO - ::group::Post task execution logs
[2026-09-27T10:58:48.680+0000] {taskinstance.py:1206} INFO - Marking task as SUCCESS. dag_id=ecommerce_pipeline, task_id=dbt_run, run_id=manual__2026-09-27T10:51:37.185181+00:00, execution_date=20260927T105137, start_date=20260927T105844, end_date=20260927T105848
[2026-09-27T10:58:48.723+0000] {local_task_job_runner.py:243} INFO - Task exited with return code 0
[2026-09-27T10:58:48.759+0000] {taskinstance.py:3503} INFO - 1 downstream tasks scheduled from follow-on schedule check
[2026-09-27T10:58:48.760+0000] {local_task_job_runner.py:222} INFO - ::endgroup::
