[2026-09-27T10:57:14.596+0000] {local_task_job_runner.py:120} INFO - ::group::Pre task execution logs
[2026-09-27T10:57:14.623+0000] {taskinstance.py:2076} INFO - Dependencies all met for dep_context=non-requeueable deps ti=<TaskInstance: ecommerce_pipeline.dbt_run manual__2026-09-27T10:51:37.185181+00:00 [queued]>
[2026-09-27T10:57:14.632+0000] {taskinstance.py:2076} INFO - Dependencies all met for dep_context=requeueable deps ti=<TaskInstance: ecommerce_pipeline.dbt_run manual__2026-09-27T10:51:37.185181+00:00 [queued]>
[2026-09-27T10:57:14.632+0000] {taskinstance.py:2306} INFO - Starting attempt 2 of 3
[2026-09-27T10:57:14.639+0000] {taskinstance.py:2330} INFO - Executing <Task(BashOperator): dbt_run> on 2026-09-27 10:51:37.185181+00:00
[2026-09-27T10:57:14.644+0000] {logging_mixin.py:188} WARNING - /home/***/.local/lib/python3.12/site-packages/***/task/task_runner/standard_task_runner.py:62 DeprecationWarning: This process (pid=262) is multi-threaded, use of fork() may lead to deadlocks in the child.
[2026-09-27T10:57:14.644+0000] {standard_task_runner.py:64} INFO - Started process 264 to run task
[2026-09-27T10:57:14.643+0000] {standard_task_runner.py:90} INFO - Running: ['***', 'tasks', 'run', 'ecommerce_pipeline', 'dbt_run', 'manual__2026-09-27T10:51:37.185181+00:00', '--job-id', '36', '--raw', '--subdir', 'DAGS_FOLDER/ecommerce_pipeline_dag.py', '--cfg-path', '/tmp/tmpgkd7cu0w']
[2026-09-27T10:57:14.646+0000] {standard_task_runner.py:91} INFO - Job 36: Subtask dbt_run
[2026-09-27T10:57:14.690+0000] {task_command.py:426} INFO - Running <TaskInstance: ecommerce_pipeline.dbt_run manual__2026-09-27T10:51:37.185181+00:00 [running]> on host d53a1a690652
[2026-09-27T10:57:14.738+0000] {taskinstance.py:2648} INFO - Exporting env vars: AIRFLOW_CTX_DAG_OWNER='yanis' AIRFLOW_CTX_DAG_ID='ecommerce_pipeline' AIRFLOW_CTX_TASK_ID='dbt_run' AIRFLOW_CTX_EXECUTION_DATE='2026-09-27T10:51:37.185181+00:00' AIRFLOW_CTX_TRY_NUMBER='2' AIRFLOW_CTX_DAG_RUN_ID='manual__2026-09-27T10:51:37.185181+00:00'
[2026-09-27T10:57:14.738+0000] {taskinstance.py:430} INFO - ::endgroup::
[2026-09-27T10:57:14.747+0000] {subprocess.py:63} INFO - Tmp dir root location: /tmp
[2026-09-27T10:57:14.748+0000] {subprocess.py:75} INFO - Running command: ['/usr/bin/bash', '-c', 'cd /opt/***/dbt_project/ecommerce_dbt && dbt run --profiles-dir /opt/***/dbt_project']
[2026-09-27T10:57:14.753+0000] {subprocess.py:86} INFO - Output:
[2026-09-27T10:57:16.009+0000] {subprocess.py:93} INFO - [0m10:57:16  Running with dbt=1.8.0
[2026-09-27T10:57:16.120+0000] {subprocess.py:93} INFO - [0m10:57:16  Registered adapter: postgres=1.8.0
[2026-09-27T10:57:16.429+0000] {subprocess.py:93} INFO - [0m10:57:16  Found 9 models, 7 data tests, 6 sources, 428 macros
[2026-09-27T10:57:16.431+0000] {subprocess.py:93} INFO - [0m10:57:16
[2026-09-27T10:57:16.516+0000] {subprocess.py:93} INFO - [0m10:57:16  Concurrency: 4 threads (target='dev')
[2026-09-27T10:57:16.516+0000] {subprocess.py:93} INFO - [0m10:57:16
[2026-09-27T10:57:16.524+0000] {subprocess.py:93} INFO - [0m10:57:16  1 of 9 START sql view model analytics.stg_customers ............................ [RUN]
[2026-09-27T10:57:16.524+0000] {subprocess.py:93} INFO - [0m10:57:16  2 of 9 START sql view model analytics.stg_order_items .......................... [RUN]
[2026-09-27T10:57:16.525+0000] {subprocess.py:93} INFO - [0m10:57:16  3 of 9 START sql view model analytics.stg_orders ............................... [RUN]
[2026-09-27T10:57:16.525+0000] {subprocess.py:93} INFO - [0m10:57:16  4 of 9 START sql view model analytics.stg_payments ............................. [RUN]
[2026-09-27T10:57:16.659+0000] {subprocess.py:93} INFO - [0m10:57:16  2 of 9 OK created sql view model analytics.stg_order_items ..................... [[32mCREATE VIEW[0m in 0.13s]
[2026-09-27T10:57:16.667+0000] {subprocess.py:93} INFO - [0m10:57:16  5 of 9 START sql view model analytics.stg_products ............................. [RUN]
[2026-09-27T10:57:16.669+0000] {subprocess.py:93} INFO - [0m10:57:16  3 of 9 OK created sql view model analytics.stg_orders .......................... [[32mCREATE VIEW[0m in 0.14s]
[2026-09-27T10:57:16.672+0000] {subprocess.py:93} INFO - [0m10:57:16  4 of 9 OK created sql view model analytics.stg_payments ........................ [[32mCREATE VIEW[0m in 0.14s]
[2026-09-27T10:57:16.679+0000] {subprocess.py:93} INFO - [0m10:57:16  1 of 9 OK created sql view model analytics.stg_customers ....................... [[32mCREATE VIEW[0m in 0.15s]
[2026-09-27T10:57:16.682+0000] {subprocess.py:93} INFO - [0m10:57:16  6 of 9 START sql view model analytics.int_orders_with_payments ................. [RUN]
[2026-09-27T10:57:16.685+0000] {subprocess.py:93} INFO - [0m10:57:16  7 of 9 START sql view model analytics.dim_customers ............................ [RUN]
[2026-09-27T10:57:16.733+0000] {subprocess.py:93} INFO - [0m10:57:16  5 of 9 OK created sql view model analytics.stg_products ........................ [[32mCREATE VIEW[0m in 0.06s]
[2026-09-27T10:57:16.734+0000] {subprocess.py:93} INFO - [0m10:57:16  7 of 9 ERROR creating sql view model analytics.dim_customers ................... [[31mERROR[0m in 0.04s]
[2026-09-27T10:57:16.737+0000] {subprocess.py:93} INFO - [0m10:57:16  8 of 9 START sql view model analytics.dim_products ............................. [RUN]
[2026-09-27T10:57:16.739+0000] {subprocess.py:93} INFO - [0m10:57:16  6 of 9 OK created sql view model analytics.int_orders_with_payments ............ [[32mCREATE VIEW[0m in 0.05s]
[2026-09-27T10:57:16.742+0000] {subprocess.py:93} INFO - [0m10:57:16  9 of 9 START sql view model analytics.fct_orders ............................... [RUN]
[2026-09-27T10:57:16.773+0000] {subprocess.py:93} INFO - [0m10:57:16  8 of 9 ERROR creating sql view model analytics.dim_products .................... [[31mERROR[0m in 0.03s]
[2026-09-27T10:57:16.777+0000] {subprocess.py:93} INFO - [0m10:57:16  9 of 9 OK created sql view model analytics.fct_orders .......................... [[32mCREATE VIEW[0m in 0.03s]
[2026-09-27T10:57:16.789+0000] {subprocess.py:93} INFO - [0m10:57:16
[2026-09-27T10:57:16.789+0000] {subprocess.py:93} INFO - [0m10:57:16  Finished running 9 view models in 0 hours 0 minutes and 0.36 seconds (0.36s).
[2026-09-27T10:57:16.816+0000] {subprocess.py:93} INFO - [0m10:57:16
[2026-09-27T10:57:16.816+0000] {subprocess.py:93} INFO - [0m10:57:16  [31mCompleted with 2 errors and 0 warnings:[0m
[2026-09-27T10:57:16.816+0000] {subprocess.py:93} INFO - [0m10:57:16
[2026-09-27T10:57:16.817+0000] {subprocess.py:93} INFO - [0m10:57:16    Database Error in model dim_customers (models/marts/dim_customers.sql)
[2026-09-27T10:57:16.817+0000] {subprocess.py:93} INFO -   relation "dim_customers" already exists
[2026-09-27T10:57:16.817+0000] {subprocess.py:93} INFO -   compiled code at target/run/ecommerce_dbt/models/marts/dim_customers.sql
[2026-09-27T10:57:16.817+0000] {subprocess.py:93} INFO - [0m10:57:16
[2026-09-27T10:57:16.817+0000] {subprocess.py:93} INFO - [0m10:57:16    Database Error in model dim_products (models/marts/dim_products.sql)
[2026-09-27T10:57:16.817+0000] {subprocess.py:93} INFO -   relation "dim_products" already exists
[2026-09-27T10:57:16.818+0000] {subprocess.py:93} INFO -   compiled code at target/run/ecommerce_dbt/models/marts/dim_products.sql
[2026-09-27T10:57:16.818+0000] {subprocess.py:93} INFO - [0m10:57:16
[2026-09-27T10:57:16.818+0000] {subprocess.py:93} INFO - [0m10:57:16  Done. PASS=7 WARN=0 ERROR=2 SKIP=0 TOTAL=9
[2026-09-27T10:57:17.614+0000] {subprocess.py:97} INFO - Command exited with return code 1
[2026-09-27T10:57:17.617+0000] {taskinstance.py:441} INFO - ::group::Post task execution logs
[2026-09-27T10:57:17.663+0000] {taskinstance.py:2905} ERROR - Task failed with exception
Traceback (most recent call last):
  File "/home/airflow/.local/lib/python3.12/site-packages/airflow/models/taskinstance.py", line 465, in _execute_task
    result = _execute_callable(context=context, **execute_callable_kwargs)
             ^^^^^^^^^^^^^^^^^^^^^^^^^^^^^^^^^^^^^^^^^^^^^^^^^^^^^^^^^^^^^
  File "/home/airflow/.local/lib/python3.12/site-packages/airflow/models/taskinstance.py", line 432, in _execute_callable
    return execute_callable(context=context, **execute_callable_kwargs)
           ^^^^^^^^^^^^^^^^^^^^^^^^^^^^^^^^^^^^^^^^^^^^^^^^^^^^^^^^^^^^
  File "/home/airflow/.local/lib/python3.12/site-packages/airflow/models/baseoperator.py", line 401, in wrapper
    return func(self, *args, **kwargs)
           ^^^^^^^^^^^^^^^^^^^^^^^^^^^
  File "/home/airflow/.local/lib/python3.12/site-packages/airflow/operators/bash.py", line 243, in execute
    raise AirflowException(
airflow.exceptions.AirflowException: Bash command failed. The command returned a non-zero exit code 1.
[2026-09-27T10:57:17.668+0000] {taskinstance.py:1206} INFO - Marking task as UP_FOR_RETRY. dag_id=ecommerce_pipeline, task_id=dbt_run, run_id=manual__2026-09-27T10:51:37.185181+00:00, execution_date=20260927T105137, start_date=20260927T105714, end_date=20260927T105717
[2026-09-27T10:57:17.686+0000] {standard_task_runner.py:110} ERROR - Failed to execute job 36 for task dbt_run (Bash command failed. The command returned a non-zero exit code 1.; 264)
[2026-09-27T10:57:17.707+0000] {local_task_job_runner.py:243} INFO - Task exited with return code 1
[2026-09-27T10:57:17.750+0000] {taskinstance.py:3503} INFO - 0 downstream tasks scheduled from follow-on schedule check
[2026-09-27T10:57:17.751+0000] {local_task_job_runner.py:222} INFO - ::endgroup::
