[2026-09-27T10:56:10.776+0000] {local_task_job_runner.py:120} INFO - ::group::Pre task execution logs
[2026-09-27T10:56:10.827+0000] {taskinstance.py:2076} INFO - Dependencies all met for dep_context=non-requeueable deps ti=<TaskInstance: ecommerce_pipeline.load_raw_data manual__2026-09-27T10:49:30.880976+00:00 [queued]>
[2026-09-27T10:56:10.834+0000] {taskinstance.py:2076} INFO - Dependencies all met for dep_context=requeueable deps ti=<TaskInstance: ecommerce_pipeline.load_raw_data manual__2026-09-27T10:49:30.880976+00:00 [queued]>
[2026-09-27T10:56:10.835+0000] {taskinstance.py:2306} INFO - Starting attempt 2 of 3
[2026-09-27T10:56:10.852+0000] {taskinstance.py:2330} INFO - Executing <Task(BashOperator): load_raw_data> on 2026-09-27 10:49:30.880976+00:00
[2026-09-27T10:56:10.861+0000] {logging_mixin.py:188} WARNING - /home/***/.local/lib/python3.12/site-packages/***/task/task_runner/standard_task_runner.py:62 DeprecationWarning: This process (pid=172) is multi-threaded, use of fork() may lead to deadlocks in the child.
[2026-09-27T10:56:10.860+0000] {standard_task_runner.py:90} INFO - Running: ['***', 'tasks', 'run', 'ecommerce_pipeline', 'load_raw_data', 'manual__2026-09-27T10:49:30.880976+00:00', '--job-id', '32', '--raw', '--subdir', 'DAGS_FOLDER/ecommerce_pipeline_dag.py', '--cfg-path', '/tmp/tmpp8k6r8r9']
[2026-09-27T10:56:10.863+0000] {standard_task_runner.py:64} INFO - Started process 176 to run task
[2026-09-27T10:56:10.863+0000] {standard_task_runner.py:91} INFO - Job 32: Subtask load_raw_data
[2026-09-27T10:56:10.958+0000] {task_command.py:426} INFO - Running <TaskInstance: ecommerce_pipeline.load_raw_data manual__2026-09-27T10:49:30.880976+00:00 [running]> on host d53a1a690652
[2026-09-27T10:56:11.089+0000] {taskinstance.py:2648} INFO - Exporting env vars: AIRFLOW_CTX_DAG_OWNER='yanis' AIRFLOW_CTX_DAG_ID='ecommerce_pipeline' AIRFLOW_CTX_TASK_ID='load_raw_data' AIRFLOW_CTX_EXECUTION_DATE='2026-09-27T10:49:30.880976+00:00' AIRFLOW_CTX_TRY_NUMBER='2' AIRFLOW_CTX_DAG_RUN_ID='manual__2026-09-27T10:49:30.880976+00:00'
[2026-09-27T10:56:11.090+0000] {taskinstance.py:430} INFO - ::endgroup::
[2026-09-27T10:56:11.146+0000] {subprocess.py:63} INFO - Tmp dir root location: /tmp
[2026-09-27T10:56:11.147+0000] {subprocess.py:75} INFO - Running command: ['/usr/bin/bash', '-c', 'python /opt/***/ingestion/load_raw_data.py']
[2026-09-27T10:56:11.155+0000] {subprocess.py:86} INFO - Output:
[2026-09-27T10:56:58.618+0000] {subprocess.py:93} INFO - OK raw_orders chargee (99441 lignes)
[2026-09-27T10:56:58.647+0000] {subprocess.py:93} INFO - OK raw_order_items chargee (112650 lignes)
[2026-09-27T10:56:58.648+0000] {subprocess.py:93} INFO - OK raw_payments chargee (103886 lignes)
[2026-09-27T10:56:58.649+0000] {subprocess.py:93} INFO - OK raw_reviews chargee (99224 lignes)
[2026-09-27T10:56:58.650+0000] {subprocess.py:93} INFO - OK raw_customers chargee (99441 lignes)
[2026-09-27T10:56:58.651+0000] {subprocess.py:93} INFO - OK raw_products chargee (32951 lignes)
[2026-09-27T10:56:58.651+0000] {subprocess.py:93} INFO - OK raw_sellers chargee (3095 lignes)
[2026-09-27T10:56:58.653+0000] {subprocess.py:93} INFO - OK raw_geolocation chargee (1000163 lignes)
[2026-09-27T10:56:58.653+0000] {subprocess.py:93} INFO - OK raw_category_translation chargee (71 lignes)
[2026-09-27T10:56:58.903+0000] {subprocess.py:97} INFO - Command exited with return code 0
[2026-09-27T10:56:58.922+0000] {taskinstance.py:441} INFO - ::group::Post task execution logs
[2026-09-27T10:56:59.047+0000] {taskinstance.py:1206} INFO - Marking task as SUCCESS. dag_id=ecommerce_pipeline, task_id=load_raw_data, run_id=manual__2026-09-27T10:49:30.880976+00:00, execution_date=20260927T104930, start_date=20260927T105610, end_date=20260927T105659
[2026-09-27T10:56:59.103+0000] {local_task_job_runner.py:243} INFO - Task exited with return code 0
[2026-09-27T10:56:59.206+0000] {taskinstance.py:3503} INFO - 1 downstream tasks scheduled from follow-on schedule check
[2026-09-27T10:56:59.208+0000] {local_task_job_runner.py:222} INFO - ::endgroup::
