[2026-09-27T10:51:38.053+0000] {local_task_job_runner.py:120} INFO - ::group::Pre task execution logs
[2026-09-27T10:51:38.115+0000] {taskinstance.py:2076} INFO - Dependencies all met for dep_context=non-requeueable deps ti=<TaskInstance: ecommerce_pipeline.load_raw_data manual__2026-09-27T10:51:37.185181+00:00 [queued]>
[2026-09-27T10:51:38.163+0000] {taskinstance.py:2076} INFO - Dependencies all met for dep_context=requeueable deps ti=<TaskInstance: ecommerce_pipeline.load_raw_data manual__2026-09-27T10:51:37.185181+00:00 [queued]>
[2026-09-27T10:51:38.164+0000] {taskinstance.py:2306} INFO - Starting attempt 1 of 3
[2026-09-27T10:51:38.191+0000] {taskinstance.py:2330} INFO - Executing <Task(BashOperator): load_raw_data> on 2026-09-27 10:51:37.185181+00:00
[2026-09-27T10:51:38.196+0000] {standard_task_runner.py:90} INFO - Running: ['***', 'tasks', 'run', 'ecommerce_pipeline', 'load_raw_data', 'manual__2026-09-27T10:51:37.185181+00:00', '--job-id', '26', '--raw', '--subdir', 'DAGS_FOLDER/ecommerce_pipeline_dag.py', '--cfg-path', '/tmp/tmpnf7g2pgb']
[2026-09-27T10:51:38.200+0000] {logging_mixin.py:188} WARNING - /home/***/.local/lib/python3.12/site-packages/***/task/task_runner/standard_task_runner.py:62 DeprecationWarning: This process (pid=385) is multi-threaded, use of fork() may lead to deadlocks in the child.
[2026-09-27T10:51:38.200+0000] {standard_task_runner.py:91} INFO - Job 26: Subtask load_raw_data
[2026-09-27T10:51:38.200+0000] {standard_task_runner.py:64} INFO - Started process 386 to run task
[2026-09-27T10:51:38.264+0000] {task_command.py:426} INFO - Running <TaskInstance: ecommerce_pipeline.load_raw_data manual__2026-09-27T10:51:37.185181+00:00 [running]> on host 498a1a124f81
[2026-09-27T10:51:38.341+0000] {taskinstance.py:2648} INFO - Exporting env vars: AIRFLOW_CTX_DAG_OWNER='yanis' AIRFLOW_CTX_DAG_ID='ecommerce_pipeline' AIRFLOW_CTX_TASK_ID='load_raw_data' AIRFLOW_CTX_EXECUTION_DATE='2026-09-27T10:51:37.185181+00:00' AIRFLOW_CTX_TRY_NUMBER='1' AIRFLOW_CTX_DAG_RUN_ID='manual__2026-09-27T10:51:37.185181+00:00'
[2026-09-27T10:51:38.342+0000] {taskinstance.py:430} INFO - ::endgroup::
[2026-09-27T10:51:38.385+0000] {subprocess.py:63} INFO - Tmp dir root location: /tmp
[2026-09-27T10:51:38.386+0000] {subprocess.py:75} INFO - Running command: ['/usr/bin/bash', '-c', 'python /opt/***/ingestion/load_raw_data.py']
[2026-09-27T10:51:38.396+0000] {subprocess.py:86} INFO - Output:
[2026-09-27T10:52:12.611+0000] {subprocess.py:93} INFO - OK raw_orders chargee (99441 lignes)
[2026-09-27T10:52:12.616+0000] {subprocess.py:93} INFO - OK raw_order_items chargee (112650 lignes)
[2026-09-27T10:52:12.616+0000] {subprocess.py:93} INFO - OK raw_payments chargee (103886 lignes)
[2026-09-27T10:52:12.617+0000] {subprocess.py:93} INFO - OK raw_reviews chargee (99224 lignes)
[2026-09-27T10:52:12.617+0000] {subprocess.py:93} INFO - OK raw_customers chargee (99441 lignes)
[2026-09-27T10:52:12.617+0000] {subprocess.py:93} INFO - OK raw_products chargee (32951 lignes)
[2026-09-27T10:52:12.617+0000] {subprocess.py:93} INFO - OK raw_sellers chargee (3095 lignes)
[2026-09-27T10:52:12.618+0000] {subprocess.py:93} INFO - OK raw_geolocation chargee (1000163 lignes)
[2026-09-27T10:52:12.618+0000] {subprocess.py:93} INFO - OK raw_category_translation chargee (71 lignes)
[2026-09-27T10:52:12.735+0000] {subprocess.py:97} INFO - Command exited with return code 0
[2026-09-27T10:52:12.737+0000] {taskinstance.py:441} INFO - ::group::Post task execution logs
[2026-09-27T10:52:12.771+0000] {taskinstance.py:1206} INFO - Marking task as SUCCESS. dag_id=ecommerce_pipeline, task_id=load_raw_data, run_id=manual__2026-09-27T10:51:37.185181+00:00, execution_date=20260927T105137, start_date=20260927T105138, end_date=20260927T105212
[2026-09-27T10:52:12.785+0000] {local_task_job_runner.py:243} INFO - Task exited with return code 0
[2026-09-27T10:52:12.841+0000] {taskinstance.py:3503} INFO - 1 downstream tasks scheduled from follow-on schedule check
[2026-09-27T10:52:12.842+0000] {local_task_job_runner.py:222} INFO - ::endgroup::
